I0407 05:50:33.904885 83034 /home/zyh/incubator-brpc/src/brpc/server.cpp:1046] Server[braft::RaftStatImpl+braft::FileServiceImpl+braft::RaftServiceImpl+braft::CliServiceImpl+example::AtomicServiceImpl] is serving on port=8303.
I0407 05:50:33.905553 83034 /home/zyh/incubator-brpc/src/brpc/server.cpp:1049] Check out http://virtual:8303 in web browser.
I0407 05:50:33.907882 83034 /home/zyh/braft/src/braft/log.cpp:674] Use crc32c as the checksum type of appending entries
W0407 05:50:33.907901 83034 /home/zyh/braft/src/braft/protobuf_file.cpp:91] open file failed, path: ./data2/log/log_meta: FILE_ERROR_NOT_FOUND
W0407 05:50:33.907906 83034 /home/zyh/braft/src/braft/log.cpp:685] ./data2/log is empty
I0407 05:50:33.911322 83034 /home/zyh/braft/src/braft/log.cpp:1136] log save_meta ./data2/log/log_meta first_log_index: 1 time: 3401
W0407 05:50:33.911361 83034 /home/zyh/braft/src/braft/protobuf_file.cpp:91] open file failed, path: ./data2/raft_meta/raft_meta: FILE_ERROR_NOT_FOUND
I0407 05:50:33.911383 83034 /home/zyh/braft/src/braft/raft_meta.cpp:521] Loaded single stable meta, path ./data2/raft_meta term 1 votedfor 0.0.0.0:0:0 time: 9
W0407 05:50:33.911456 83034 /home/zyh/braft/src/braft/protobuf_file.cpp:91] open file failed, path: ./data2/raft_meta/raft_meta: FILE_ERROR_NOT_FOUND
I0407 05:50:33.911465 83034 /home/zyh/braft/src/braft/raft_meta.cpp:521] Loaded single stable meta, path ./data2/raft_meta term 1 votedfor 0.0.0.0:0:0 time: 9
I0407 05:50:33.911476 83034 /home/zyh/braft/src/braft/node.cpp:587] node Atomic:127.0.1.1:8303:0 init, term: 1 last_log_id: (index=0,term=0) conf: 127.0.1.1:8303:0,127.0.1.1:8304:0,127.0.1.1:8305:0 old_conf: 
I0407 05:50:33.911486 83034 /home/zyh/braft/src/braft/node.cpp:121] random_timeout function changed!
I0407 05:50:33.911491 83034 /home/zyh/braft/src/braft/node.cpp:129] node2 got timeout value: 5155
I0407 05:50:33.911666 83034 /home/zyh/braft/example/atomic/server.cpp:518] Atomic service is running on 0.0.0.0:8303
I0407 05:50:39.067030 83059 /home/zyh/braft/src/braft/node.cpp:121] random_timeout function changed!
I0407 05:50:39.067117 83059 /home/zyh/braft/src/braft/node.cpp:129] node2 got timeout value: 5001
I0407 05:50:46.953315 83178 /home/zyh/incubator-brpc/src/brpc/server.cpp:1046] Server[braft::RaftStatImpl+braft::FileServiceImpl+braft::RaftServiceImpl+braft::CliServiceImpl+example::AtomicServiceImpl] is serving on port=8303.
I0407 05:50:46.954132 83178 /home/zyh/incubator-brpc/src/brpc/server.cpp:1049] Check out http://virtual:8303 in web browser.
I0407 05:50:46.956457 83178 /home/zyh/braft/src/braft/log.cpp:674] Use crc32c as the checksum type of appending entries
I0407 05:50:46.956518 83178 /home/zyh/braft/src/braft/log.cpp:1158] log load_meta ./data2/log/log_meta first_log_index: 1 time: 42
W0407 05:50:46.956566 83178 /home/zyh/braft/src/braft/protobuf_file.cpp:91] open file failed, path: ./data2/raft_meta/raft_meta: FILE_ERROR_NOT_FOUND
I0407 05:50:46.956597 83178 /home/zyh/braft/src/braft/raft_meta.cpp:521] Loaded single stable meta, path ./data2/raft_meta term 1 votedfor 0.0.0.0:0:0 time: 14
W0407 05:50:46.956656 83178 /home/zyh/braft/src/braft/protobuf_file.cpp:91] open file failed, path: ./data2/raft_meta/raft_meta: FILE_ERROR_NOT_FOUND
I0407 05:50:46.956674 83178 /home/zyh/braft/src/braft/raft_meta.cpp:521] Loaded single stable meta, path ./data2/raft_meta term 1 votedfor 0.0.0.0:0:0 time: 17
I0407 05:50:46.956690 83178 /home/zyh/braft/src/braft/node.cpp:587] node Atomic:127.0.1.1:8303:0 init, term: 1 last_log_id: (index=0,term=0) conf: 127.0.1.1:8303:0,127.0.1.1:8304:0,127.0.1.1:8305:0 old_conf: 
I0407 05:50:46.956711 83178 /home/zyh/braft/src/braft/node.cpp:121] random_timeout function changed!
I0407 05:50:46.956721 83178 /home/zyh/braft/src/braft/node.cpp:129] node2 got timeout value: 5155
I0407 05:50:46.957045 83178 /home/zyh/braft/example/atomic/server.cpp:518] Atomic service is running on 0.0.0.0:8303
I0407 05:50:47.669122 83188 /home/zyh/braft/src/braft/raft_meta.cpp:546] Saved single stable meta, path ./data2/raft_meta term 2 votedfor 0.0.0.0:0:0 time: 2356
I0407 05:50:47.670576 83186 /home/zyh/braft/example/atomic/server.cpp:321] Node start following { leader_id=127.0.1.1:8305:0, term=2, status=Raft node receives message from new leader with higher term.}
I0407 05:50:52.112190 83185 /home/zyh/braft/src/braft/node.cpp:121] random_timeout function changed!
I0407 05:50:52.112221 83185 /home/zyh/braft/src/braft/node.cpp:129] node2 got timeout value: 5001
I0407 05:50:57.113496 83185 /home/zyh/braft/src/braft/node.cpp:121] random_timeout function changed!
I0407 05:50:57.113521 83185 /home/zyh/braft/src/braft/node.cpp:129] node2 got timeout value: 5206
I0407 05:50:58.454206 83187 /home/zyh/braft/src/braft/node.cpp:922] node Atomic:127.0.1.1:8303:0 starts to do snapshot
I0407 05:50:58.454315 83187 /home/zyh/braft/src/braft/snapshot_executor.cpp:154] node Atomic:127.0.1.1:8303:0 the gap between fsm applied index 0 and last_snapshot_index 0 is less than 1, will clear bufferred logs and return success
I0407 05:50:59.307229 83337 /home/zyh/incubator-brpc/src/brpc/server.cpp:1046] Server[braft::RaftStatImpl+braft::FileServiceImpl+braft::RaftServiceImpl+braft::CliServiceImpl+example::AtomicServiceImpl] is serving on port=8303.
I0407 05:50:59.307395 83337 /home/zyh/incubator-brpc/src/brpc/server.cpp:1049] Check out http://virtual:8303 in web browser.
I0407 05:50:59.311267 83337 /home/zyh/braft/src/braft/log.cpp:674] Use crc32c as the checksum type of appending entries
I0407 05:50:59.311300 83337 /home/zyh/braft/src/braft/log.cpp:1158] log load_meta ./data2/log/log_meta first_log_index: 1 time: 21
I0407 05:50:59.311348 83337 /home/zyh/braft/src/braft/raft_meta.cpp:521] Loaded single stable meta, path ./data2/raft_meta term 2 votedfor 0.0.0.0:0:0 time: 14
I0407 05:50:59.311377 83337 /home/zyh/braft/src/braft/raft_meta.cpp:521] Loaded single stable meta, path ./data2/raft_meta term 2 votedfor 0.0.0.0:0:0 time: 4
I0407 05:50:59.311387 83337 /home/zyh/braft/src/braft/node.cpp:587] node Atomic:127.0.1.1:8303:0 init, term: 2 last_log_id: (index=0,term=0) conf: 127.0.1.1:8303:0,127.0.1.1:8304:0,127.0.1.1:8305:0 old_conf: 
I0407 05:50:59.311397 83337 /home/zyh/braft/src/braft/node.cpp:121] random_timeout function changed!
I0407 05:50:59.311402 83337 /home/zyh/braft/src/braft/node.cpp:129] node2 got timeout value: 5115
I0407 05:50:59.311590 83337 /home/zyh/braft/example/atomic/server.cpp:518] Atomic service is running on 0.0.0.0:8303
I0407 05:51:02.320039 83186 /home/zyh/braft/src/braft/node.cpp:121] random_timeout function changed!
I0407 05:51:02.320125 83186 /home/zyh/braft/src/braft/node.cpp:129] node2 got timeout value: 5123
I0407 05:51:04.427003 83372 /home/zyh/braft/src/braft/node.cpp:121] random_timeout function changed!
I0407 05:51:04.427100 83372 /home/zyh/braft/src/braft/node.cpp:129] node2 got timeout value: 5232
I0407 05:51:07.443942 83186 /home/zyh/braft/src/braft/node.cpp:121] random_timeout function changed!
I0407 05:51:07.444032 83186 /home/zyh/braft/src/braft/node.cpp:129] node2 got timeout value: 5136
I0407 05:51:09.289501 83187 /home/zyh/braft/example/atomic/server.cpp:318] Node stops following { leader_id=127.0.1.1:8305:0, term=2, status=Raft node receives message from new leader with higher term.}
I0407 05:51:09.295091 83186 /home/zyh/braft/src/braft/raft_meta.cpp:546] Saved single stable meta, path ./data2/raft_meta term 3 votedfor 0.0.0.0:0:0 time: 5640
W0407 05:51:09.295122 83186 /home/zyh/braft/src/braft/node.cpp:2317] node Atomic:127.0.1.1:8303:0 reject term_unmatched AppendEntries from 127.0.1.1:8305:0 in term 3 prev_log_index 5 prev_log_term 2 local_prev_log_term 0 last_log_index 0 entries_size 0 from_append_entries_cache: 0
I0407 05:51:09.295178 83182 /home/zyh/braft/example/atomic/server.cpp:321] Node start following { leader_id=127.0.1.1:8305:0, term=3, status=Raft node receives message from new leader with higher term.}
I0407 05:51:09.297055 83188 /home/zyh/braft/src/braft/node.cpp:2009] node Atomic:127.0.1.1:8303:0 received PreVote from 127.0.1.1:8305:0 in term 3 current_term 3 granted 1
I0407 05:51:09.328268 83187 /home/zyh/braft/src/braft/node.cpp:2479] node Atomic:127.0.1.1:8303:0 received InstallSnapshotRequest last_included_log_index=5 last_include_log_term=2 from 127.0.1.1:8305:0 when last_log_id=(index=0,term=0)
I0407 05:51:09.582817 83366 /home/zyh/braft/src/braft/node.cpp:2009] node Atomic:127.0.1.1:8303:0 received PreVote from 127.0.1.1:8305:0 in term 3 current_term 2 granted 1
I0407 05:51:09.634226 83371 /home/zyh/braft/src/braft/node.cpp:2049] node Atomic:127.0.1.1:8303:0 received RequestVote from 127.0.1.1:8304:0 in term 4 current_term 2
I0407 05:51:09.638777 83371 /home/zyh/braft/src/braft/raft_meta.cpp:546] Saved single stable meta, path ./data2/raft_meta term 4 votedfor 0.0.0.0:0:0 time: 4525
I0407 05:51:09.647302 83371 /home/zyh/braft/src/braft/raft_meta.cpp:546] Saved single stable meta, path ./data2/raft_meta term 4 votedfor 127.0.1.1:8304:0 time: 8496
I0407 05:51:09.647374 83374 /home/zyh/braft/src/braft/node.cpp:2009] node Atomic:127.0.1.1:8303:0 received PreVote from 127.0.1.1:8304:0 in term 4 current_term 4 granted 1
I0407 05:51:09.659563 83365 /home/zyh/braft/src/braft/node.cpp:1495] node Atomic:127.0.1.1:8303:0 term 4 start pre_vote
I0407 05:51:09.659850 83365 /home/zyh/braft/src/braft/node.cpp:121] random_timeout function changed!
I0407 05:51:09.659863 83365 /home/zyh/braft/src/braft/node.cpp:129] node2 got timeout value: 5139
I0407 05:51:09.675580 83366 /home/zyh/braft/src/braft/node.cpp:1446] node Atomic:127.0.1.1:8303:0 received PreVoteResponse from 127.0.1.1:8304:0 term 3 granted 0
I0407 05:51:10.141062 83186 /home/zyh/braft/example/atomic/server.cpp:318] Node stops following { leader_id=127.0.1.1:8305:0, term=3, status=Raft node receives message from new leader with higher term.}
W0407 05:51:10.141334 83182 /home/zyh/braft/src/braft/snapshot.cpp:810] Fail to copy meta file : Operation canceled
I0407 05:51:10.141407 83187 /home/zyh/braft/src/braft/snapshot_executor.cpp:617] node Atomic:127.0.1.1:8303:0 Trying to cancel downloading snapshot : group_id: "Atomic" server_id: "127.0.1.1:8305:0" peer_id: "127.0.1.1:8303:0" term: 3 meta { last_included_index: 5 last_included_term: 2 peers: "127.0.1.1:8304:0" peers: "127.0.1.1:8305:0" peers: "127.0.1.1:8303:0" } uri: "remote://127.0.1.1:8305/2931420438496111511"
I0407 05:51:10.144034 83187 /home/zyh/braft/src/braft/raft_meta.cpp:546] Saved single stable meta, path ./data2/raft_meta term 4 votedfor 0.0.0.0:0:0 time: 2475
W0407 05:51:10.144246 83187 /home/zyh/braft/src/braft/node.cpp:2317] node Atomic:127.0.1.1:8303:0 reject term_unmatched AppendEntries from 127.0.1.1:8304:0 in term 4 prev_log_index 5 prev_log_term 2 local_prev_log_term 0 last_log_index 0 entries_size 0 from_append_entries_cache: 0
I0407 05:51:10.144359 83186 /home/zyh/braft/example/atomic/server.cpp:321] Node start following { leader_id=127.0.1.1:8304:0, term=4, status=Raft node receives message from new leader with higher term.}
W0407 05:51:10.667813 83185 /home/zyh/braft/src/braft/node.cpp:2317] node Atomic:127.0.1.1:8303:0 reject term_unmatched AppendEntries from 127.0.1.1:8304:0 in term 4 prev_log_index 5 prev_log_term 2 local_prev_log_term 0 last_log_index 0 entries_size 0 from_append_entries_cache: 0
W0407 05:51:11.174260 83182 /home/zyh/braft/src/braft/node.cpp:2317] node Atomic:127.0.1.1:8303:0 reject term_unmatched AppendEntries from 127.0.1.1:8304:0 in term 4 prev_log_index 5 prev_log_term 2 local_prev_log_term 0 last_log_index 0 entries_size 0 from_append_entries_cache: 0
I0407 05:51:12.380359 83511 /home/zyh/incubator-brpc/src/brpc/server.cpp:1046] Server[braft::RaftStatImpl+braft::FileServiceImpl+braft::RaftServiceImpl+braft::CliServiceImpl+example::AtomicServiceImpl] is serving on port=8303.
I0407 05:51:12.382219 83511 /home/zyh/incubator-brpc/src/brpc/server.cpp:1049] Check out http://virtual:8303 in web browser.
I0407 05:51:12.385968 83511 /home/zyh/braft/src/braft/log.cpp:674] Use crc32c as the checksum type of appending entries
I0407 05:51:12.386004 83511 /home/zyh/braft/src/braft/log.cpp:1158] log load_meta ./data2/log/log_meta first_log_index: 1 time: 23
I0407 05:51:12.386054 83511 /home/zyh/braft/src/braft/raft_meta.cpp:521] Loaded single stable meta, path ./data2/raft_meta term 4 votedfor 0.0.0.0:0:0 time: 13
I0407 05:51:12.386089 83511 /home/zyh/braft/src/braft/raft_meta.cpp:521] Loaded single stable meta, path ./data2/raft_meta term 4 votedfor 0.0.0.0:0:0 time: 5
I0407 05:51:12.386098 83511 /home/zyh/braft/src/braft/node.cpp:587] node Atomic:127.0.1.1:8303:0 init, term: 4 last_log_id: (index=0,term=0) conf: 127.0.1.1:8303:0,127.0.1.1:8304:0,127.0.1.1:8305:0 old_conf: 
I0407 05:51:12.386110 83511 /home/zyh/braft/src/braft/node.cpp:121] random_timeout function changed!
I0407 05:51:12.386114 83511 /home/zyh/braft/src/braft/node.cpp:129] node2 got timeout value: 5115
I0407 05:51:12.386316 83511 /home/zyh/braft/example/atomic/server.cpp:518] Atomic service is running on 0.0.0.0:8303
I0407 05:51:12.580628 83185 /home/zyh/braft/src/braft/node.cpp:121] random_timeout function changed!
I0407 05:51:12.580655 83185 /home/zyh/braft/src/braft/node.cpp:129] node2 got timeout value: 5000
W0407 05:51:14.175079 83182 /home/zyh/braft/src/braft/node.cpp:2317] node Atomic:127.0.1.1:8303:0 reject term_unmatched AppendEntries from 127.0.1.1:8304:0 in term 4 prev_log_index 5 prev_log_term 2 local_prev_log_term 0 last_log_index 0 entries_size 0 from_append_entries_cache: 0
W0407 05:51:14.660389 83372 /home/zyh/braft/src/braft/node.cpp:1475] node Atomic:127.0.1.1:8303:0 request PreVote from 127.0.1.1:8305:0 error: [E1008]Reached timeout=5000ms @127.0.1.1:8305
I0407 05:51:14.762847 83371 /home/zyh/braft/src/braft/node.cpp:2009] node Atomic:127.0.1.1:8303:0 received PreVote from 127.0.1.1:8305:0 in term 4 current_term 4 granted 1
I0407 05:51:14.799304 83372 /home/zyh/braft/src/braft/node.cpp:1495] node Atomic:127.0.1.1:8303:0 term 4 start pre_vote
I0407 05:51:14.800217 83372 /home/zyh/braft/src/braft/node.cpp:121] random_timeout function changed!
I0407 05:51:14.800278 83372 /home/zyh/braft/src/braft/node.cpp:129] node2 got timeout value: 5001
I0407 05:51:14.866177 83366 /home/zyh/braft/src/braft/node.cpp:1446] node Atomic:127.0.1.1:8303:0 received PreVoteResponse from 127.0.1.1:8305:0 term 4 granted 0
I0407 05:51:14.872359 83185 /home/zyh/braft/src/braft/node.cpp:2009] node Atomic:127.0.1.1:8303:0 received PreVote from 127.0.1.1:8305:0 in term 4 current_term 4 granted 1
I0407 05:51:15.948243 83371 /home/zyh/braft/src/braft/node.cpp:2009] node Atomic:127.0.1.1:8303:0 received PreVote from 127.0.1.1:8305:0 in term 5 current_term 4 granted 1
I0407 05:51:16.074024 83366 /home/zyh/braft/src/braft/node.cpp:2049] node Atomic:127.0.1.1:8303:0 received RequestVote from 127.0.1.1:8305:0 in term 5 current_term 4
I0407 05:51:16.076249 83366 /home/zyh/braft/src/braft/raft_meta.cpp:546] Saved single stable meta, path ./data2/raft_meta term 5 votedfor 0.0.0.0:0:0 time: 2023
I0407 05:51:16.085983 83366 /home/zyh/braft/src/braft/raft_meta.cpp:546] Saved single stable meta, path ./data2/raft_meta term 5 votedfor 127.0.1.1:8305:0 time: 9633
I0407 05:51:17.506015 83529 /home/zyh/braft/src/braft/node.cpp:121] random_timeout function changed!
I0407 05:51:17.506107 83529 /home/zyh/braft/src/braft/node.cpp:129] node2 got timeout value: 5232
I0407 05:51:17.581107 83188 /home/zyh/braft/src/braft/node.cpp:121] random_timeout function changed!
I0407 05:51:17.581221 83188 /home/zyh/braft/src/braft/node.cpp:129] node2 got timeout value: 5085
I0407 05:51:18.752583 83365 /home/zyh/braft/src/braft/node.cpp:922] node Atomic:127.0.1.1:8303:0 starts to do snapshot
I0407 05:51:18.752621 83365 /home/zyh/braft/src/braft/snapshot_executor.cpp:154] node Atomic:127.0.1.1:8303:0 the gap between fsm applied index 0 and last_snapshot_index 0 is less than 1, will clear bufferred logs and return success
W0407 05:51:19.800127 83365 /home/zyh/braft/src/braft/node.cpp:1475] node Atomic:127.0.1.1:8303:0 request PreVote from 127.0.1.1:8304:0 error: [E1008]Reached timeout=5000ms @127.0.1.1:8304
I0407 05:51:19.801908 83372 /home/zyh/braft/src/braft/node.cpp:1495] node Atomic:127.0.1.1:8303:0 term 5 start pre_vote
I0407 05:51:19.802583 83372 /home/zyh/braft/src/braft/node.cpp:121] random_timeout function changed!
I0407 05:51:19.802634 83372 /home/zyh/braft/src/braft/node.cpp:129] node2 got timeout value: 5206
I0407 05:51:19.831820 83371 /home/zyh/braft/src/braft/node.cpp:1446] node Atomic:127.0.1.1:8303:0 received PreVoteResponse from 127.0.1.1:8305:0 term 4 granted 0
I0407 05:51:19.847254 83186 /home/zyh/braft/src/braft/node.cpp:2009] node Atomic:127.0.1.1:8303:0 received PreVote from 127.0.1.1:8305:0 in term 5 current_term 4 granted 1
I0407 05:51:19.877345 83533 /home/zyh/braft/src/braft/node.cpp:2009] node Atomic:127.0.1.1:8303:0 received PreVote from 127.0.1.1:8305:0 in term 5 current_term 4 granted 1
I0407 05:51:19.904896 83366 /home/zyh/braft/src/braft/node.cpp:1446] node Atomic:127.0.1.1:8303:0 received PreVoteResponse from 127.0.1.1:8304:0 term 5 granted 0
I0407 05:51:21.075453 83185 /home/zyh/braft/src/braft/node.cpp:2049] node Atomic:127.0.1.1:8303:0 received RequestVote from 127.0.1.1:8304:0 in term 6 current_term 4
I0407 05:51:21.075543 83187 /home/zyh/braft/example/atomic/server.cpp:318] Node stops following { leader_id=127.0.1.1:8304:0, term=4, status=Raft node receives higher term request_vote_request.}
I0407 05:51:21.084311 83185 /home/zyh/braft/src/braft/raft_meta.cpp:546] Saved single stable meta, path ./data2/raft_meta term 6 votedfor 0.0.0.0:0:0 time: 8798
I0407 05:51:21.092909 83185 /home/zyh/braft/src/braft/raft_meta.cpp:546] Saved single stable meta, path ./data2/raft_meta term 6 votedfor 127.0.1.1:8304:0 time: 8569
I0407 05:51:21.116870 83533 /home/zyh/braft/src/braft/raft_meta.cpp:546] Saved single stable meta, path ./data2/raft_meta term 6 votedfor 0.0.0.0:0:0 time: 577
W0407 05:51:21.117089 83533 /home/zyh/braft/src/braft/node.cpp:2317] node Atomic:127.0.1.1:8303:0 reject term_unmatched AppendEntries from 127.0.1.1:8304:0 in term 6 prev_log_index 8 prev_log_term 4 local_prev_log_term 0 last_log_index 0 entries_size 0 from_append_entries_cache: 0
I0407 05:51:21.117209 83531 /home/zyh/braft/example/atomic/server.cpp:321] Node start following { leader_id=127.0.1.1:8304:0, term=6, status=Raft node receives message from new leader with higher term.}
I0407 05:51:21.129099 83533 /home/zyh/braft/src/braft/log.cpp:108] Created new segment `./data2/log/log_inprogress_00000000000000000001' with fd=12
I0407 05:51:21.129831 83531 /home/zyh/braft/example/atomic/server.cpp:315] Configuration of this group is 127.0.1.1:8303:0,127.0.1.1:8304:0,127.0.1.1:8305:0
I0407 05:51:21.130166 83531 /home/zyh/braft/example/atomic/server.cpp:315] Configuration of this group is 127.0.1.1:8303:0,127.0.1.1:8304:0,127.0.1.1:8305:0
I0407 05:51:21.130267 83531 /home/zyh/braft/example/atomic/server.cpp:315] Configuration of this group is 127.0.1.1:8303:0,127.0.1.1:8304:0,127.0.1.1:8305:0
I0407 05:51:22.666814 83188 /home/zyh/braft/src/braft/node.cpp:1495] node Atomic:127.0.1.1:8303:0 term 6 start pre_vote
I0407 05:51:22.667828 83188 /home/zyh/braft/src/braft/node.cpp:121] random_timeout function changed!
I0407 05:51:22.667883 83188 /home/zyh/braft/src/braft/node.cpp:129] node2 got timeout value: 5090
I0407 05:51:22.671164 83186 /home/zyh/braft/src/braft/node.cpp:1446] node Atomic:127.0.1.1:8303:0 received PreVoteResponse from 127.0.1.1:8304:0 term 6 granted 0
I0407 05:51:22.671310 83185 /home/zyh/braft/src/braft/node.cpp:1446] node Atomic:127.0.1.1:8303:0 received PreVoteResponse from 127.0.1.1:8305:0 term 5 granted 0
I0407 05:51:22.738982 83532 /home/zyh/braft/src/braft/node.cpp:121] random_timeout function changed!
I0407 05:51:22.739055 83532 /home/zyh/braft/src/braft/node.cpp:129] node2 got timeout value: 5139
I0407 05:51:25.009378 83372 /home/zyh/braft/src/braft/node.cpp:1495] node Atomic:127.0.1.1:8303:0 term 5 start pre_vote
I0407 05:51:25.010264 83372 /home/zyh/braft/src/braft/node.cpp:121] random_timeout function changed!
I0407 05:51:25.010321 83372 /home/zyh/braft/src/braft/node.cpp:129] node2 got timeout value: 5036
I0407 05:51:25.028123 83187 /home/zyh/braft/src/braft/node.cpp:2009] node Atomic:127.0.1.1:8303:0 received PreVote from 127.0.1.1:8305:0 in term 6 current_term 6 granted 1
I0407 05:51:25.079825 83533 /home/zyh/braft/src/braft/node.cpp:2009] node Atomic:127.0.1.1:8303:0 received PreVote from 127.0.1.1:8305:0 in term 6 current_term 6 granted 0
I0407 05:51:26.161344 83371 /home/zyh/braft/src/braft/node.cpp:2009] node Atomic:127.0.1.1:8303:0 received PreVote from 127.0.1.1:8305:0 in term 7 current_term 5 granted 1
I0407 05:51:26.222723 83366 /home/zyh/braft/src/braft/node.cpp:2049] node Atomic:127.0.1.1:8303:0 received RequestVote from 127.0.1.1:8305:0 in term 7 current_term 5
I0407 05:51:26.225279 83366 /home/zyh/braft/src/braft/raft_meta.cpp:546] Saved single stable meta, path ./data2/raft_meta term 7 votedfor 0.0.0.0:0:0 time: 2464
I0407 05:51:26.235221 83366 /home/zyh/braft/src/braft/raft_meta.cpp:546] Saved single stable meta, path ./data2/raft_meta term 7 votedfor 127.0.1.1:8305:0 time: 9854
I0407 05:51:26.265054 83182 /home/zyh/braft/src/braft/raft_meta.cpp:546] Saved single stable meta, path ./data2/raft_meta term 7 votedfor 0.0.0.0:0:0 time: 9008
W0407 05:51:26.265264 83182 /home/zyh/braft/src/braft/node.cpp:2317] node Atomic:127.0.1.1:8303:0 reject term_unmatched AppendEntries from 127.0.1.1:8305:0 in term 7 prev_log_index 6 prev_log_term 3 local_prev_log_term 0 last_log_index 0 entries_size 0 from_append_entries_cache: 0
I0407 05:51:26.265433 83185 /home/zyh/braft/example/atomic/server.cpp:321] Node start following { leader_id=127.0.1.1:8305:0, term=7, status=Raft node receives message from new leader with higher term.}
W0407 05:51:26.797743 83186 /home/zyh/braft/src/braft/node.cpp:2317] node Atomic:127.0.1.1:8303:0 reject term_unmatched AppendEntries from 127.0.1.1:8305:0 in term 7 prev_log_index 6 prev_log_term 3 local_prev_log_term 0 last_log_index 0 entries_size 0 from_append_entries_cache: 0
I0407 05:51:27.758660 83186 /home/zyh/braft/src/braft/node.cpp:121] random_timeout function changed!
I0407 05:51:27.758697 83186 /home/zyh/braft/src/braft/node.cpp:129] node2 got timeout value: 5146
I0407 05:51:27.878806 83532 /home/zyh/braft/src/braft/node.cpp:121] random_timeout function changed!
I0407 05:51:27.878877 83532 /home/zyh/braft/src/braft/node.cpp:129] node2 got timeout value: 5001
I0407 05:51:28.454702 83186 /home/zyh/braft/src/braft/node.cpp:922] node Atomic:127.0.1.1:8303:0 starts to do snapshot
I0407 05:51:28.454789 83186 /home/zyh/braft/src/braft/snapshot_executor.cpp:154] node Atomic:127.0.1.1:8303:0 the gap between fsm applied index 0 and last_snapshot_index 0 is less than 1, will clear bufferred logs and return success
W0407 05:51:29.739750 83187 /home/zyh/braft/src/braft/node.cpp:2317] node Atomic:127.0.1.1:8303:0 reject term_unmatched AppendEntries from 127.0.1.1:8305:0 in term 7 prev_log_index 6 prev_log_term 3 local_prev_log_term 0 last_log_index 0 entries_size 0 from_append_entries_cache: 0
W0407 05:51:30.009664 83372 /home/zyh/braft/src/braft/node.cpp:1475] node Atomic:127.0.1.1:8303:0 request PreVote from 127.0.1.1:8304:0 error: [E1008]Reached timeout=5000ms @127.0.1.1:8304
W0407 05:51:30.010075 83365 /home/zyh/braft/src/braft/node.cpp:1475] node Atomic:127.0.1.1:8303:0 request PreVote from 127.0.1.1:8305:0 error: [E1008]Reached timeout=5000ms @127.0.1.1:8305
I0407 05:51:30.018306 83371 /home/zyh/braft/src/braft/node.cpp:2009] node Atomic:127.0.1.1:8303:0 received PreVote from 127.0.1.1:8305:0 in term 7 current_term 7 granted 1
I0407 05:51:30.046650 83372 /home/zyh/braft/src/braft/node.cpp:1495] node Atomic:127.0.1.1:8303:0 term 7 start pre_vote
I0407 05:51:30.046818 83372 /home/zyh/braft/src/braft/node.cpp:121] random_timeout function changed!
I0407 05:51:30.046831 83372 /home/zyh/braft/src/braft/node.cpp:129] node2 got timeout value: 5002
W0407 05:51:30.240428 83186 /home/zyh/braft/src/braft/node.cpp:2317] node Atomic:127.0.1.1:8303:0 reject term_unmatched AppendEntries from 127.0.1.1:8305:0 in term 7 prev_log_index 6 prev_log_term 3 local_prev_log_term 0 last_log_index 0 entries_size 0 from_append_entries_cache: 0
I0407 05:51:32.880390 83529 /home/zyh/braft/src/braft/node.cpp:1495] node Atomic:127.0.1.1:8303:0 term 6 start pre_vote
I0407 05:51:32.880421 83532 /home/zyh/braft/example/atomic/server.cpp:318] Node stops following { leader_id=127.0.1.1:8304:0, term=6, status=Lost connection from leader 127.0.1.1:8304:0}
I0407 05:51:32.880777 83529 /home/zyh/braft/src/braft/node.cpp:121] random_timeout function changed!
I0407 05:51:32.880805 83529 /home/zyh/braft/src/braft/node.cpp:129] node2 got timeout value: 5206
I0407 05:51:32.904908 83186 /home/zyh/braft/src/braft/node.cpp:121] random_timeout function changed!
I0407 05:51:32.904923 83186 /home/zyh/braft/src/braft/node.cpp:129] node2 got timeout value: 5159
W0407 05:51:33.742790 83188 /home/zyh/braft/src/braft/node.cpp:2317] node Atomic:127.0.1.1:8303:0 reject term_unmatched AppendEntries from 127.0.1.1:8305:0 in term 7 prev_log_index 6 prev_log_term 3 local_prev_log_term 0 last_log_index 0 entries_size 0 from_append_entries_cache: 0
W0407 05:51:35.047285 83365 /home/zyh/braft/src/braft/node.cpp:1475] node Atomic:127.0.1.1:8303:0 request PreVote from 127.0.1.1:8304:0 error: [E1008]Reached timeout=5000ms @127.0.1.1:8304
W0407 05:51:35.047301 83372 /home/zyh/braft/src/braft/node.cpp:1475] node Atomic:127.0.1.1:8303:0 request PreVote from 127.0.1.1:8305:0 error: [E1008]Reached timeout=5000ms @127.0.1.1:8305
I0407 05:51:35.049351 83365 /home/zyh/braft/src/braft/node.cpp:1495] node Atomic:127.0.1.1:8303:0 term 7 start pre_vote
I0407 05:51:35.050078 83365 /home/zyh/braft/src/braft/node.cpp:121] random_timeout function changed!
I0407 05:51:35.050146 83365 /home/zyh/braft/src/braft/node.cpp:129] node2 got timeout value: 5089
I0407 05:51:35.082128 83366 /home/zyh/braft/src/braft/node.cpp:1446] node Atomic:127.0.1.1:8303:0 received PreVoteResponse from 127.0.1.1:8305:0 term 7 granted 0
I0407 05:51:35.137588 83374 /home/zyh/braft/src/braft/node.cpp:2009] node Atomic:127.0.1.1:8303:0 received PreVote from 127.0.1.1:8305:0 in term 8 current_term 7 granted 1
I0407 05:51:35.395168 83533 /home/zyh/braft/src/braft/node.cpp:2009] node Atomic:127.0.1.1:8303:0 received PreVote from 127.0.1.1:8305:0 in term 8 current_term 6 granted 0
I0407 05:51:36.610191 83532 /home/zyh/braft/src/braft/node.cpp:922] node Atomic:127.0.1.1:8303:0 starts to do snapshot
I0407 05:51:36.619396 83532 /home/zyh/braft/src/braft/snapshot.cpp:638] Deleting ./data2/snapshot/snapshot_00000000000000000009
I0407 05:51:36.619416 83532 /home/zyh/braft/src/braft/snapshot.cpp:644] Renaming ./data2/snapshot/temp to ./data2/snapshot/snapshot_00000000000000000009
I0407 05:51:36.619432 83532 /home/zyh/braft/src/braft/snapshot_executor.cpp:234] node Atomic:127.0.1.1:8303:0 snapshot_save_done, last_included_index=9 last_included_term=6
W0407 05:51:37.881374 83532 /home/zyh/braft/src/braft/node.cpp:1475] node Atomic:127.0.1.1:8303:0 request PreVote from 127.0.1.1:8304:0 error: [E1008]Reached timeout=5000ms @127.0.1.1:8304
W0407 05:51:37.881409 83529 /home/zyh/braft/src/braft/node.cpp:1475] node Atomic:127.0.1.1:8303:0 request PreVote from 127.0.1.1:8305:0 error: [E1008]Reached timeout=5000ms @127.0.1.1:8305
I0407 05:51:38.064503 83187 /home/zyh/braft/src/braft/node.cpp:121] random_timeout function changed!
I0407 05:51:38.064579 83187 /home/zyh/braft/src/braft/node.cpp:129] node2 got timeout value: 5229
I0407 05:51:38.087408 83529 /home/zyh/braft/src/braft/node.cpp:1495] node Atomic:127.0.1.1:8303:0 term 6 start pre_vote
I0407 05:51:38.088014 83529 /home/zyh/braft/src/braft/node.cpp:121] random_timeout function changed!
I0407 05:51:38.088073 83529 /home/zyh/braft/src/braft/node.cpp:129] node2 got timeout value: 5036
W0407 05:51:38.141504 83528 /home/zyh/braft/src/braft/node.cpp:1436] node Atomic:127.0.1.1:8303:0 received invalid PreVoteResponse from 127.0.1.1:8305:0 term 8 expect 6
I0407 05:51:38.144288 83528 /home/zyh/braft/src/braft/raft_meta.cpp:546] Saved single stable meta, path ./data2/raft_meta term 8 votedfor 0.0.0.0:0:0 time: 2557
I0407 05:51:39.275711 83528 /home/zyh/braft/src/braft/node.cpp:2009] node Atomic:127.0.1.1:8303:0 received PreVote from 127.0.1.1:8305:0 in term 8 current_term 8 granted 1
W0407 05:51:40.049966 83365 /home/zyh/braft/src/braft/node.cpp:1475] node Atomic:127.0.1.1:8303:0 request PreVote from 127.0.1.1:8304:0 error: [E1008]Reached timeout=5000ms @127.0.1.1:8304
I0407 05:51:40.139871 83372 /home/zyh/braft/src/braft/node.cpp:1495] node Atomic:127.0.1.1:8303:0 term 7 start pre_vote
I0407 05:51:40.140631 83372 /home/zyh/braft/src/braft/node.cpp:121] random_timeout function changed!
I0407 05:51:40.140686 83372 /home/zyh/braft/src/braft/node.cpp:129] node2 got timeout value: 5091
W0407 05:51:40.184410 83366 /home/zyh/braft/src/braft/node.cpp:1436] node Atomic:127.0.1.1:8303:0 received invalid PreVoteResponse from 127.0.1.1:8304:0 term 8 expect 7
I0407 05:51:40.187110 83366 /home/zyh/braft/src/braft/raft_meta.cpp:546] Saved single stable meta, path ./data2/raft_meta term 8 votedfor 0.0.0.0:0:0 time: 2602
W0407 05:51:40.210608 83371 /home/zyh/braft/src/braft/node.cpp:1413] node Atomic:127.0.1.1:8303:0 received invalid PreVoteResponse from 127.0.1.1:8305:0 ctx_version 14current_ctx_version 15
I0407 05:51:40.371630 83371 /home/zyh/braft/src/braft/node.cpp:2009] node Atomic:127.0.1.1:8303:0 received PreVote from 127.0.1.1:8305:0 in term 9 current_term 8 granted 1
I0407 05:51:40.440357 83366 /home/zyh/braft/src/braft/raft_meta.cpp:546] Saved single stable meta, path ./data2/raft_meta term 9 votedfor 0.0.0.0:0:0 time: 1111
W0407 05:51:40.440932 83366 /home/zyh/braft/src/braft/node.cpp:2317] node Atomic:127.0.1.1:8303:0 reject term_unmatched AppendEntries from 127.0.1.1:8305:0 in term 9 prev_log_index 7 prev_log_term 7 local_prev_log_term 0 last_log_index 0 entries_size 0 from_append_entries_cache: 0
I0407 05:51:40.441129 83374 /home/zyh/braft/example/atomic/server.cpp:321] Node start following { leader_id=127.0.1.1:8305:0, term=9, status=Raft node receives message from new leader with higher term.}
I0407 05:51:40.475310 83185 /home/zyh/braft/src/braft/node.cpp:2009] node Atomic:127.0.1.1:8303:0 received PreVote from 127.0.1.1:8305:0 in term 9 current_term 7 granted 1
W0407 05:51:43.088259 83529 /home/zyh/braft/src/braft/node.cpp:1475] node Atomic:127.0.1.1:8303:0 request PreVote from 127.0.1.1:8304:0 error: [E1008]Reached timeout=5000ms @127.0.1.1:8304
I0407 05:51:43.124851 83532 /home/zyh/braft/src/braft/node.cpp:1495] node Atomic:127.0.1.1:8303:0 term 8 start pre_vote
I0407 05:51:43.126455 83532 /home/zyh/braft/src/braft/node.cpp:121] random_timeout function changed!
I0407 05:51:43.126607 83532 /home/zyh/braft/src/braft/node.cpp:129] node2 got timeout value: 5002
W0407 05:51:43.176966 83533 /home/zyh/braft/src/braft/node.cpp:1436] node Atomic:127.0.1.1:8303:0 received invalid PreVoteResponse from 127.0.1.1:8305:0 term 9 expect 8
I0407 05:51:43.180727 83533 /home/zyh/braft/src/braft/raft_meta.cpp:546] Saved single stable meta, path ./data2/raft_meta term 9 votedfor 0.0.0.0:0:0 time: 3658
I0407 05:51:43.294333 83186 /home/zyh/braft/src/braft/node.cpp:1495] node Atomic:127.0.1.1:8303:0 term 7 start pre_vote
I0407 05:51:43.294466 83188 /home/zyh/braft/example/atomic/server.cpp:318] Node stops following { leader_id=127.0.1.1:8305:0, term=7, status=Lost connection from leader 127.0.1.1:8305:0}
I0407 05:51:43.295443 83186 /home/zyh/braft/src/braft/node.cpp:121] random_timeout function changed!
I0407 05:51:43.295514 83186 /home/zyh/braft/src/braft/node.cpp:129] node2 got timeout value: 5120
I0407 05:51:45.232217 83372 /home/zyh/braft/src/braft/node.cpp:121] random_timeout function changed!
I0407 05:51:45.232257 83372 /home/zyh/braft/src/braft/node.cpp:129] node2 got timeout value: 5067
I0407 05:51:45.585345 83366 /home/zyh/braft/src/braft/node.cpp:2009] node Atomic:127.0.1.1:8303:0 received PreVote from 127.0.1.1:8305:0 in term 10 current_term 9 granted 1
W0407 05:51:48.125190 83532 /home/zyh/braft/src/braft/node.cpp:1475] node Atomic:127.0.1.1:8303:0 request PreVote from 127.0.1.1:8304:0 error: [E1008]Reached timeout=5000ms @127.0.1.1:8304
I0407 05:51:48.129123 83529 /home/zyh/braft/src/braft/node.cpp:1495] node Atomic:127.0.1.1:8303:0 term 9 start pre_vote
I0407 05:51:48.129366 83529 /home/zyh/braft/src/braft/node.cpp:121] random_timeout function changed!
I0407 05:51:48.129380 83529 /home/zyh/braft/src/braft/node.cpp:129] node2 got timeout value: 5089
I0407 05:51:48.160545 83533 /home/zyh/braft/src/braft/node.cpp:1446] node Atomic:127.0.1.1:8303:0 received PreVoteResponse from 127.0.1.1:8305:0 term 9 granted 1
I0407 05:51:48.160557 83533 /home/zyh/braft/src/braft/node.cpp:1559] node Atomic:127.0.1.1:8303:0 term 9 start vote and grant vote self
I0407 05:51:48.160564 83533 /home/zyh/braft/src/braft/node.cpp:121] random_timeout function changed!
I0407 05:51:48.160568 83533 /home/zyh/braft/src/braft/node.cpp:129] node2 got timeout value: 6091
I0407 05:51:48.161338 83533 /home/zyh/braft/src/braft/raft_meta.cpp:546] Saved single stable meta, path ./data2/raft_meta term 10 votedfor 127.0.1.1:8303:0 time: 603
I0407 05:51:48.189007 83528 /home/zyh/braft/src/braft/node.cpp:1359] node Atomic:127.0.1.1:8303:0 received RequestVoteResponse from 127.0.1.1:8304:0 term 10 granted 1
I0407 05:51:48.189020 83528 /home/zyh/braft/src/braft/node.cpp:1792] node Atomic:127.0.1.1:8303:0 term 10 become leader of group 127.0.1.1:8303:0,127.0.1.1:8304:0,127.0.1.1:8305:0 
I0407 05:51:48.189046 83528 /home/zyh/braft/src/braft/replicator.cpp:138] Replicator=4402341478409@127.0.1.1:8304:0 is started, group Atomic
I0407 05:51:48.189120 83528 /home/zyh/braft/src/braft/replicator.cpp:138] Replicator=3324304687109@127.0.1.1:8305:0 is started, group Atomic
W0407 05:51:48.294722 83188 /home/zyh/braft/src/braft/node.cpp:1475] node Atomic:127.0.1.1:8303:0 request PreVote from 127.0.1.1:8304:0 error: [E1008]Reached timeout=5000ms @127.0.1.1:8304
W0407 05:51:48.295199 83187 /home/zyh/braft/src/braft/node.cpp:1475] node Atomic:127.0.1.1:8303:0 request PreVote from 127.0.1.1:8305:0 error: [E1008]Reached timeout=5000ms @127.0.1.1:8305
I0407 05:51:48.416013 83186 /home/zyh/braft/src/braft/node.cpp:1495] node Atomic:127.0.1.1:8303:0 term 7 start pre_vote
I0407 05:51:48.416209 83186 /home/zyh/braft/src/braft/node.cpp:121] random_timeout function changed!
I0407 05:51:48.416233 83186 /home/zyh/braft/src/braft/node.cpp:129] node2 got timeout value: 5089
W0407 05:51:48.416853 83182 /home/zyh/braft/src/braft/node.cpp:1436] node Atomic:127.0.1.1:8303:0 received invalid PreVoteResponse from 127.0.1.1:8305:0 term 10 expect 7
I0407 05:51:48.417311 83182 /home/zyh/braft/src/braft/raft_meta.cpp:546] Saved single stable meta, path ./data2/raft_meta term 10 votedfor 0.0.0.0:0:0 time: 427
I0407 05:51:48.752974 83365 /home/zyh/braft/src/braft/node.cpp:922] node Atomic:127.0.1.1:8303:0 starts to do snapshot
I0407 05:51:48.753050 83365 /home/zyh/braft/src/braft/snapshot_executor.cpp:154] node Atomic:127.0.1.1:8303:0 the gap between fsm applied index 0 and last_snapshot_index 0 is less than 1, will clear bufferred logs and return success
I0407 05:51:50.299640 83365 /home/zyh/braft/src/braft/node.cpp:121] random_timeout function changed!
I0407 05:51:50.299727 83365 /home/zyh/braft/src/braft/node.cpp:129] node2 got timeout value: 5064
W0407 05:51:51.189739 83529 /home/zyh/braft/src/braft/replicator.cpp:292] Group Atomic fail to issue RPC to 127.0.1.1:8304:0 _consecutive_error_times=1, [E1008]Reached timeout=2500ms @127.0.1.1:8304
W0407 05:51:52.884341 83532 /home/zyh/braft/src/braft/replicator.cpp:292] Group Atomic fail to issue RPC to 127.0.1.1:8305:0 _consecutive_error_times=1, [E1008]Reached timeout=2500ms @127.0.1.1:8305
W0407 05:51:53.129749 83532 /home/zyh/braft/src/braft/node.cpp:1475] node Atomic:127.0.1.1:8303:0 request PreVote from 127.0.1.1:8304:0 error: [E1008]Reached timeout=5000ms @127.0.1.1:8304
W0407 05:51:53.161307 83529 /home/zyh/braft/src/braft/node.cpp:1388] node Atomic:127.0.1.1:8303:0 received RequestVoteResponse from 127.0.1.1:8305:0 error: [E1008]Reached timeout=5000ms @127.0.1.1:8305
W0407 05:51:53.416612 83186 /home/zyh/braft/src/braft/node.cpp:1475] node Atomic:127.0.1.1:8303:0 request PreVote from 127.0.1.1:8304:0 error: [E1008]Reached timeout=5000ms @127.0.1.1:8304
I0407 05:51:53.505550 83187 /home/zyh/braft/src/braft/node.cpp:1495] node Atomic:127.0.1.1:8303:0 term 10 start pre_vote
I0407 05:51:53.505775 83187 /home/zyh/braft/src/braft/node.cpp:121] random_timeout function changed!
I0407 05:51:53.505790 83187 /home/zyh/braft/src/braft/node.cpp:129] node2 got timeout value: 5003
I0407 05:51:53.522375 83185 /home/zyh/braft/src/braft/node.cpp:1446] node Atomic:127.0.1.1:8303:0 received PreVoteResponse from 127.0.1.1:8305:0 term 10 granted 0
I0407 05:51:53.540353 83186 /home/zyh/braft/src/braft/node.cpp:1446] node Atomic:127.0.1.1:8303:0 received PreVoteResponse from 127.0.1.1:8304:0 term 10 granted 0
I0407 05:51:53.590800 83374 /home/zyh/braft/src/braft/node.cpp:2049] node Atomic:127.0.1.1:8303:0 received RequestVote from 127.0.1.1:8305:0 in term 11 current_term 9
I0407 05:51:53.590888 83371 /home/zyh/braft/example/atomic/server.cpp:318] Node stops following { leader_id=127.0.1.1:8305:0, term=9, status=Raft node receives higher term request_vote_request.}
I0407 05:51:53.599109 83374 /home/zyh/braft/src/braft/raft_meta.cpp:546] Saved single stable meta, path ./data2/raft_meta term 11 votedfor 0.0.0.0:0:0 time: 8280
I0407 05:51:53.607501 83374 /home/zyh/braft/src/braft/raft_meta.cpp:546] Saved single stable meta, path ./data2/raft_meta term 11 votedfor 127.0.1.1:8305:0 time: 8376
I0407 05:51:53.619726 83528 /home/zyh/braft/src/braft/node.cpp:3151] node Atomic:127.0.1.1:8303:0 reset ConfigurationCtx, new_peers: 127.0.1.1:8303:0,127.0.1.1:8304:0,127.0.1.1:8305:0, old_peers: 127.0.1.1:8303:0,127.0.1.1:8304:0,127.0.1.1:8305:0
I0407 05:51:53.619744 83531 /home/zyh/braft/example/atomic/server.cpp:305] Node stepped down : Raft node receives message from new leader with higher term.
I0407 05:51:53.620277 83528 /home/zyh/braft/src/braft/raft_meta.cpp:546] Saved single stable meta, path ./data2/raft_meta term 11 votedfor 0.0.0.0:0:0 time: 520
I0407 05:51:53.620306 83528 /home/zyh/braft/src/braft/replicator.cpp:982] Group Atomic Replicator=4402341478409 is going to quit
I0407 05:51:53.620313 83528 /home/zyh/braft/src/braft/replicator.cpp:1234] Replicator=4402341478409 is going to quit
I0407 05:51:53.620353 83528 /home/zyh/braft/src/braft/replicator.cpp:982] Group Atomic Replicator=3324304687109 is going to quit
I0407 05:51:53.620359 83528 /home/zyh/braft/src/braft/replicator.cpp:1234] Replicator=3324304687109 is going to quit
I0407 05:51:53.620363 83528 /home/zyh/braft/src/braft/node.cpp:121] random_timeout function changed!
I0407 05:51:53.620367 83528 /home/zyh/braft/src/braft/node.cpp:129] node2 got timeout value: 5067
W0407 05:51:53.620422 83528 /home/zyh/braft/src/braft/node.cpp:2317] node Atomic:127.0.1.1:8303:0 reject term_unmatched AppendEntries from 127.0.1.1:8305:0 in term 11 prev_log_index 8 prev_log_term 9 local_prev_log_term 4 last_log_index 10 entries_size 0 from_append_entries_cache: 0
I0407 05:51:53.620472 83531 /home/zyh/braft/example/atomic/server.cpp:321] Node start following { leader_id=127.0.1.1:8305:0, term=11, status=Raft node receives message from new leader with higher term.}
W0407 05:51:53.620855 83533 /home/zyh/braft/src/braft/node.cpp:2317] node Atomic:127.0.1.1:8303:0 reject term_unmatched AppendEntries from 127.0.1.1:8305:0 in term 11 prev_log_index 7 prev_log_term 7 local_prev_log_term 4 last_log_index 10 entries_size 0 from_append_entries_cache: 0
W0407 05:51:54.129269 83528 /home/zyh/braft/src/braft/node.cpp:2317] node Atomic:127.0.1.1:8303:0 reject term_unmatched AppendEntries from 127.0.1.1:8305:0 in term 11 prev_log_index 7 prev_log_term 7 local_prev_log_term 4 last_log_index 10 entries_size 0 from_append_entries_cache: 0
I0407 05:51:55.364197 83365 /home/zyh/braft/src/braft/node.cpp:1495] node Atomic:127.0.1.1:8303:0 term 11 start pre_vote
I0407 05:51:55.364365 83365 /home/zyh/braft/src/braft/node.cpp:121] random_timeout function changed!
I0407 05:51:55.364376 83365 /home/zyh/braft/src/braft/node.cpp:129] node2 got timeout value: 5241
I0407 05:51:55.432275 83366 /home/zyh/braft/src/braft/node.cpp:1446] node Atomic:127.0.1.1:8303:0 received PreVoteResponse from 127.0.1.1:8304:0 term 11 granted 0
I0407 05:51:55.893974 83371 /home/zyh/braft/src/braft/node.cpp:2009] node Atomic:127.0.1.1:8303:0 received PreVote from 127.0.1.1:8305:0 in term 11 current_term 11 granted 1
I0407 05:51:56.968739 83533 /home/zyh/braft/src/braft/node.cpp:2009] node Atomic:127.0.1.1:8303:0 received PreVote from 127.0.1.1:8305:0 in term 11 current_term 11 granted 0
W0407 05:51:57.108067 83528 /home/zyh/braft/src/braft/node.cpp:2317] node Atomic:127.0.1.1:8303:0 reject term_unmatched AppendEntries from 127.0.1.1:8305:0 in term 11 prev_log_index 7 prev_log_term 7 local_prev_log_term 4 last_log_index 10 entries_size 0 from_append_entries_cache: 0
I0407 05:51:58.454999 83187 /home/zyh/braft/src/braft/node.cpp:922] node Atomic:127.0.1.1:8303:0 starts to do snapshot
I0407 05:51:58.455014 83187 /home/zyh/braft/src/braft/snapshot_executor.cpp:154] node Atomic:127.0.1.1:8303:0 the gap between fsm applied index 0 and last_snapshot_index 0 is less than 1, will clear bufferred logs and return success
I0407 05:51:58.509037 83182 /home/zyh/braft/src/braft/node.cpp:1495] node Atomic:127.0.1.1:8303:0 term 10 start pre_vote
I0407 05:51:58.509211 83182 /home/zyh/braft/src/braft/node.cpp:121] random_timeout function changed!
I0407 05:51:58.509226 83182 /home/zyh/braft/src/braft/node.cpp:129] node2 got timeout value: 5198
I0407 05:51:58.516908 83188 /home/zyh/braft/src/braft/node.cpp:1446] node Atomic:127.0.1.1:8303:0 received PreVoteResponse from 127.0.1.1:8305:0 term 10 granted 0
W0407 05:51:58.549328 83187 /home/zyh/braft/src/braft/node.cpp:1436] node Atomic:127.0.1.1:8303:0 received invalid PreVoteResponse from 127.0.1.1:8304:0 term 11 expect 10
I0407 05:51:58.549903 83187 /home/zyh/braft/src/braft/raft_meta.cpp:546] Saved single stable meta, path ./data2/raft_meta term 11 votedfor 0.0.0.0:0:0 time: 555
I0407 05:51:58.687544 83529 /home/zyh/braft/src/braft/node.cpp:121] random_timeout function changed!
I0407 05:51:58.687558 83529 /home/zyh/braft/src/braft/node.cpp:129] node2 got timeout value: 5064
I0407 05:51:59.823881 83533 /home/zyh/braft/src/braft/node.cpp:2009] node Atomic:127.0.1.1:8303:0 received PreVote from 127.0.1.1:8305:0 in term 11 current_term 11 granted 1
W0407 05:52:00.364392 83365 /home/zyh/braft/src/braft/node.cpp:1475] node Atomic:127.0.1.1:8303:0 request PreVote from 127.0.1.1:8305:0 error: [E1008]Reached timeout=5000ms @127.0.1.1:8305
I0407 05:52:00.605599 83372 /home/zyh/braft/src/braft/node.cpp:1495] node Atomic:127.0.1.1:8303:0 term 11 start pre_vote
I0407 05:52:00.605773 83372 /home/zyh/braft/src/braft/node.cpp:121] random_timeout function changed!
I0407 05:52:00.605784 83372 /home/zyh/braft/src/braft/node.cpp:129] node2 got timeout value: 5199
I0407 05:52:00.628639 83374 /home/zyh/braft/src/braft/node.cpp:1446] node Atomic:127.0.1.1:8303:0 received PreVoteResponse from 127.0.1.1:8304:0 term 11 granted 0
I0407 05:52:00.666441 83374 /home/zyh/braft/src/braft/node.cpp:1446] node Atomic:127.0.1.1:8303:0 received PreVoteResponse from 127.0.1.1:8305:0 term 11 granted 0
W0407 05:52:00.705226 83528 /home/zyh/braft/src/braft/node.cpp:2317] node Atomic:127.0.1.1:8303:0 reject term_unmatched AppendEntries from 127.0.1.1:8305:0 in term 11 prev_log_index 7 prev_log_term 7 local_prev_log_term 4 last_log_index 10 entries_size 0 from_append_entries_cache: 0
I0407 05:52:00.960238 83528 /home/zyh/braft/src/braft/node.cpp:2009] node Atomic:127.0.1.1:8303:0 received PreVote from 127.0.1.1:8305:0 in term 12 current_term 11 granted 0
W0407 05:52:01.235109 83533 /home/zyh/braft/src/braft/node.cpp:2317] node Atomic:127.0.1.1:8303:0 reject term_unmatched AppendEntries from 127.0.1.1:8305:0 in term 11 prev_log_index 7 prev_log_term 7 local_prev_log_term 4 last_log_index 10 entries_size 0 from_append_entries_cache: 0
W0407 05:52:01.819548 83528 /home/zyh/braft/src/braft/node.cpp:2317] node Atomic:127.0.1.1:8303:0 reject term_unmatched AppendEntries from 127.0.1.1:8305:0 in term 11 prev_log_index 7 prev_log_term 7 local_prev_log_term 4 last_log_index 10 entries_size 0 from_append_entries_cache: 0
W0407 05:52:02.362971 83533 /home/zyh/braft/src/braft/node.cpp:2317] node Atomic:127.0.1.1:8303:0 reject term_unmatched AppendEntries from 127.0.1.1:8305:0 in term 11 prev_log_index 7 prev_log_term 7 local_prev_log_term 4 last_log_index 10 entries_size 0 from_append_entries_cache: 0
W0407 05:52:02.876934 83528 /home/zyh/braft/src/braft/node.cpp:2317] node Atomic:127.0.1.1:8303:0 reject term_unmatched AppendEntries from 127.0.1.1:8305:0 in term 11 prev_log_index 7 prev_log_term 7 local_prev_log_term 4 last_log_index 10 entries_size 0 from_append_entries_cache: 0
I0407 05:52:03.707422 83185 /home/zyh/braft/src/braft/node.cpp:1495] node Atomic:127.0.1.1:8303:0 term 11 start pre_vote
I0407 05:52:03.707638 83185 /home/zyh/braft/src/braft/node.cpp:121] random_timeout function changed!
I0407 05:52:03.707652 83185 /home/zyh/braft/src/braft/node.cpp:129] node2 got timeout value: 5167
I0407 05:52:03.751779 83529 /home/zyh/braft/src/braft/node.cpp:121] random_timeout function changed!
I0407 05:52:03.751793 83529 /home/zyh/braft/src/braft/node.cpp:129] node2 got timeout value: 5241
I0407 05:52:03.753051 83187 /home/zyh/braft/src/braft/node.cpp:1446] node Atomic:127.0.1.1:8303:0 received PreVoteResponse from 127.0.1.1:8305:0 term 11 granted 0
I0407 05:52:04.940502 83531 /home/zyh/braft/example/atomic/server.cpp:318] Node stops following { leader_id=127.0.1.1:8305:0, term=11, status=Raft node receives message from new leader with higher term.}
I0407 05:52:04.941270 83533 /home/zyh/braft/src/braft/raft_meta.cpp:546] Saved single stable meta, path ./data2/raft_meta term 12 votedfor 0.0.0.0:0:0 time: 786
I0407 05:52:04.941336 83531 /home/zyh/braft/example/atomic/server.cpp:321] Node start following { leader_id=127.0.1.1:8305:0, term=12, status=Raft node receives message from new leader with higher term.}
I0407 05:52:04.942408 83533 /home/zyh/braft/src/braft/node.cpp:2049] node Atomic:127.0.1.1:8303:0 received RequestVote from 127.0.1.1:8305:0 in term 12 current_term 12
I0407 05:52:04.949978 83533 /home/zyh/braft/example/atomic/server.cpp:315] Configuration of this group is 127.0.1.1:8303:0,127.0.1.1:8304:0,127.0.1.1:8305:0
I0407 05:52:04.950005 83533 /home/zyh/braft/example/atomic/server.cpp:315] Configuration of this group is 127.0.1.1:8303:0,127.0.1.1:8304:0,127.0.1.1:8305:0
I0407 05:52:04.950037 83533 /home/zyh/braft/src/braft/node.cpp:2009] node Atomic:127.0.1.1:8303:0 received PreVote from 127.0.1.1:8305:0 in term 12 current_term 12 granted 0
I0407 05:52:05.805076 83365 /home/zyh/braft/src/braft/node.cpp:1495] node Atomic:127.0.1.1:8303:0 term 11 start pre_vote
I0407 05:52:05.805422 83365 /home/zyh/braft/src/braft/node.cpp:121] random_timeout function changed!
I0407 05:52:05.805437 83365 /home/zyh/braft/src/braft/node.cpp:129] node2 got timeout value: 5090
I0407 05:52:05.820973 83366 /home/zyh/braft/src/braft/node.cpp:1446] node Atomic:127.0.1.1:8303:0 received PreVoteResponse from 127.0.1.1:8305:0 term 11 granted 0
W0407 05:52:05.909773 83371 /home/zyh/braft/src/braft/node.cpp:1436] node Atomic:127.0.1.1:8303:0 received invalid PreVoteResponse from 127.0.1.1:8304:0 term 12 expect 11
I0407 05:52:05.911861 83371 /home/zyh/braft/src/braft/raft_meta.cpp:546] Saved single stable meta, path ./data2/raft_meta term 12 votedfor 0.0.0.0:0:0 time: 1961
I0407 05:52:05.952521 83531 /home/zyh/braft/src/braft/node.cpp:2009] node Atomic:127.0.1.1:8303:0 received PreVote from 127.0.1.1:8305:0 in term 12 current_term 12 granted 0
I0407 05:52:06.610481 83532 /home/zyh/braft/src/braft/node.cpp:922] node Atomic:127.0.1.1:8303:0 starts to do snapshot
I0407 05:52:06.611377 83532 /home/zyh/braft/src/braft/snapshot.cpp:638] Deleting ./data2/snapshot/snapshot_00000000000000000011
I0407 05:52:06.611393 83532 /home/zyh/braft/src/braft/snapshot.cpp:644] Renaming ./data2/snapshot/temp to ./data2/snapshot/snapshot_00000000000000000011
I0407 05:52:06.611430 83532 /home/zyh/braft/src/braft/snapshot.cpp:516] Deleting ./data2/snapshot/snapshot_00000000000000000009
I0407 05:52:06.611526 83532 /home/zyh/braft/src/braft/snapshot_executor.cpp:234] node Atomic:127.0.1.1:8303:0 snapshot_save_done, last_included_index=11 last_included_term=12
I0407 05:52:06.620004 83532 /home/zyh/braft/src/braft/log.cpp:1136] log save_meta ./data2/log/log_meta first_log_index: 10 time: 8449
I0407 05:52:07.117858 83187 /home/zyh/braft/src/braft/node.cpp:2009] node Atomic:127.0.1.1:8303:0 received PreVote from 127.0.1.1:8305:0 in term 12 current_term 11 granted 1
W0407 05:52:08.707721 83188 /home/zyh/braft/src/braft/node.cpp:1475] node Atomic:127.0.1.1:8303:0 request PreVote from 127.0.1.1:8304:0 error: [E1008]Reached timeout=5000ms @127.0.1.1:8304
I0407 05:52:08.875137 83186 /home/zyh/braft/src/braft/node.cpp:1495] node Atomic:127.0.1.1:8303:0 term 11 start pre_vote
I0407 05:52:08.875450 83186 /home/zyh/braft/src/braft/node.cpp:121] random_timeout function changed!
I0407 05:52:08.875464 83186 /home/zyh/braft/src/braft/node.cpp:129] node2 got timeout value: 5093
W0407 05:52:08.885365 83530 /home/zyh/braft/src/braft/node.cpp:2246] node Atomic:127.0.1.1:8303:0 ignore stale AppendEntries from 127.0.1.1:8305:0 in term 11 current_term 12
