I0407 05:52:08.993236 83532 /home/zyh/braft/src/braft/node.cpp:121] random_timeout function changed!
I0407 05:52:08.993317 83532 /home/zyh/braft/src/braft/node.cpp:129] node2 got timeout value: 5199
I0407 05:52:10.895907 83365 /home/zyh/braft/src/braft/node.cpp:1495] node Atomic:127.0.1.1:8303:0 term 12 start pre_vote
I0407 05:52:10.896721 83365 /home/zyh/braft/src/braft/node.cpp:121] random_timeout function changed!
I0407 05:52:10.896775 83365 /home/zyh/braft/src/braft/node.cpp:129] node2 got timeout value: 5078
I0407 05:52:10.924108 83374 /home/zyh/braft/src/braft/node.cpp:1446] node Atomic:127.0.1.1:8303:0 received PreVoteResponse from 127.0.1.1:8305:0 term 12 granted 0
I0407 05:52:11.017569 83527 /home/zyh/braft/src/braft/node.cpp:2009] node Atomic:127.0.1.1:8303:0 received PreVote from 127.0.1.1:8305:0 in term 13 current_term 12 granted 0
W0407 05:52:11.940918 83530 /home/zyh/braft/src/braft/node.cpp:2246] node Atomic:127.0.1.1:8303:0 ignore stale AppendEntries from 127.0.1.1:8305:0 in term 11 current_term 12
I0407 05:52:12.171195 83526 /home/zyh/braft/src/braft/node.cpp:2009] node Atomic:127.0.1.1:8303:0 received PreVote from 127.0.1.1:8305:0 in term 13 current_term 12 granted 0
W0407 05:52:13.875735 83182 /home/zyh/braft/src/braft/node.cpp:1475] node Atomic:127.0.1.1:8303:0 request PreVote from 127.0.1.1:8304:0 error: [E1008]Reached timeout=5000ms @127.0.1.1:8304
W0407 05:52:13.875737 83188 /home/zyh/braft/src/braft/node.cpp:1475] node Atomic:127.0.1.1:8303:0 request PreVote from 127.0.1.1:8305:0 error: [E1008]Reached timeout=5000ms @127.0.1.1:8305
I0407 05:52:13.968812 83186 /home/zyh/braft/src/braft/node.cpp:1495] node Atomic:127.0.1.1:8303:0 term 11 start pre_vote
I0407 05:52:13.969491 83186 /home/zyh/braft/src/braft/node.cpp:121] random_timeout function changed!
I0407 05:52:13.969548 83186 /home/zyh/braft/src/braft/node.cpp:129] node2 got timeout value: 5128
W0407 05:52:14.013062 83185 /home/zyh/braft/src/braft/node.cpp:1436] node Atomic:127.0.1.1:8303:0 received invalid PreVoteResponse from 127.0.1.1:8304:0 term 12 expect 11
I0407 05:52:14.015345 83185 /home/zyh/braft/src/braft/raft_meta.cpp:546] Saved single stable meta, path ./data2/raft_meta term 12 votedfor 0.0.0.0:0:0 time: 2180
W0407 05:52:14.049519 83186 /home/zyh/braft/src/braft/node.cpp:1413] node Atomic:127.0.1.1:8303:0 received invalid PreVoteResponse from 127.0.1.1:8305:0 ctx_version 21current_ctx_version 22
I0407 05:52:14.192958 83532 /home/zyh/braft/src/braft/node.cpp:121] random_timeout function changed!
I0407 05:52:14.193040 83532 /home/zyh/braft/src/braft/node.cpp:129] node2 got timeout value: 5090
W0407 05:52:15.896235 83365 /home/zyh/braft/src/braft/node.cpp:1475] node Atomic:127.0.1.1:8303:0 request PreVote from 127.0.1.1:8304:0 error: [E1008]Reached timeout=5000ms @127.0.1.1:8304
I0407 05:52:15.975263 83372 /home/zyh/braft/src/braft/node.cpp:1495] node Atomic:127.0.1.1:8303:0 term 12 start pre_vote
I0407 05:52:15.975417 83372 /home/zyh/braft/src/braft/node.cpp:121] random_timeout function changed!
I0407 05:52:15.975427 83372 /home/zyh/braft/src/braft/node.cpp:129] node2 got timeout value: 5109
I0407 05:52:17.407721 83374 /home/zyh/braft/src/braft/node.cpp:2009] node Atomic:127.0.1.1:8303:0 received PreVote from 127.0.1.1:8305:0 in term 13 current_term 12 granted 1
I0407 05:52:18.753188 83372 /home/zyh/braft/src/braft/node.cpp:922] node Atomic:127.0.1.1:8303:0 starts to do snapshot
I0407 05:52:18.753226 83372 /home/zyh/braft/src/braft/snapshot_executor.cpp:154] node Atomic:127.0.1.1:8303:0 the gap between fsm applied index 0 and last_snapshot_index 0 is less than 1, will clear bufferred logs and return success
I0407 05:52:19.098191 83188 /home/zyh/braft/src/braft/node.cpp:1495] node Atomic:127.0.1.1:8303:0 term 12 start pre_vote
I0407 05:52:19.098421 83188 /home/zyh/braft/src/braft/node.cpp:121] random_timeout function changed!
I0407 05:52:19.098471 83188 /home/zyh/braft/src/braft/node.cpp:129] node2 got timeout value: 5088
I0407 05:52:19.120842 83187 /home/zyh/braft/src/braft/node.cpp:1446] node Atomic:127.0.1.1:8303:0 received PreVoteResponse from 127.0.1.1:8305:0 term 12 granted 0
I0407 05:52:19.283685 83532 /home/zyh/braft/src/braft/node.cpp:121] random_timeout function changed!
I0407 05:52:19.283770 83532 /home/zyh/braft/src/braft/node.cpp:129] node2 got timeout value: 5078
W0407 05:52:20.976067 83365 /home/zyh/braft/src/braft/node.cpp:1475] node Atomic:127.0.1.1:8303:0 request PreVote from 127.0.1.1:8304:0 error: [E1008]Reached timeout=5000ms @127.0.1.1:8304
W0407 05:52:20.976156 83372 /home/zyh/braft/src/braft/node.cpp:1475] node Atomic:127.0.1.1:8303:0 request PreVote from 127.0.1.1:8305:0 error: [E1008]Reached timeout=5000ms @127.0.1.1:8305
I0407 05:52:21.085052 83365 /home/zyh/braft/src/braft/node.cpp:1495] node Atomic:127.0.1.1:8303:0 term 12 start pre_vote
I0407 05:52:21.088481 83365 /home/zyh/braft/src/braft/node.cpp:121] random_timeout function changed!
I0407 05:52:21.088543 83365 /home/zyh/braft/src/braft/node.cpp:129] node2 got timeout value: 5163
I0407 05:52:21.138814 83366 /home/zyh/braft/src/braft/node.cpp:1446] node Atomic:127.0.1.1:8303:0 received PreVoteResponse from 127.0.1.1:8305:0 term 12 granted 0
I0407 05:52:21.174667 83371 /home/zyh/braft/src/braft/node.cpp:2009] node Atomic:127.0.1.1:8303:0 received PreVote from 127.0.1.1:8305:0 in term 13 current_term 12 granted 1
I0407 05:52:22.445468 83366 /home/zyh/braft/src/braft/node.cpp:2009] node Atomic:127.0.1.1:8303:0 received PreVote from 127.0.1.1:8305:0 in term 13 current_term 12 granted 1
W0407 05:52:24.098509 83187 /home/zyh/braft/src/braft/node.cpp:1475] node Atomic:127.0.1.1:8303:0 request PreVote from 127.0.1.1:8304:0 error: [E1008]Reached timeout=5000ms @127.0.1.1:8304
I0407 05:52:24.186712 83182 /home/zyh/braft/src/braft/node.cpp:1495] node Atomic:127.0.1.1:8303:0 term 12 start pre_vote
I0407 05:52:24.186907 83182 /home/zyh/braft/src/braft/node.cpp:121] random_timeout function changed!
I0407 05:52:24.186921 83182 /home/zyh/braft/src/braft/node.cpp:129] node2 got timeout value: 5154
W0407 05:52:24.214469 83186 /home/zyh/braft/src/braft/node.cpp:1436] node Atomic:127.0.1.1:8303:0 received invalid PreVoteResponse from 127.0.1.1:8305:0 term 13 expect 12
I0407 05:52:24.215056 83186 /home/zyh/braft/src/braft/raft_meta.cpp:546] Saved single stable meta, path ./data2/raft_meta term 13 votedfor 0.0.0.0:0:0 time: 566
I0407 05:52:24.362197 83532 /home/zyh/braft/src/braft/node.cpp:1495] node Atomic:127.0.1.1:8303:0 term 12 start pre_vote
I0407 05:52:24.362403 83532 /home/zyh/braft/src/braft/node.cpp:121] random_timeout function changed!
I0407 05:52:24.362430 83532 /home/zyh/braft/src/braft/node.cpp:129] node2 got timeout value: 5109
I0407 05:52:24.362512 83532 /home/zyh/braft/example/atomic/server.cpp:318] Node stops following { leader_id=127.0.1.1:8305:0, term=12, status=Lost connection from leader 127.0.1.1:8305:0}
W0407 05:52:24.421840 83525 /home/zyh/braft/src/braft/node.cpp:1436] node Atomic:127.0.1.1:8303:0 received invalid PreVoteResponse from 127.0.1.1:8305:0 term 13 expect 12
I0407 05:52:24.422491 83525 /home/zyh/braft/src/braft/raft_meta.cpp:546] Saved single stable meta, path ./data2/raft_meta term 13 votedfor 0.0.0.0:0:0 time: 621
W0407 05:52:26.085903 83365 /home/zyh/braft/src/braft/node.cpp:1475] node Atomic:127.0.1.1:8303:0 request PreVote from 127.0.1.1:8304:0 error: [E1008]Reached timeout=5000ms @127.0.1.1:8304
I0407 05:52:26.252476 83372 /home/zyh/braft/src/braft/node.cpp:1495] node Atomic:127.0.1.1:8303:0 term 12 start pre_vote
I0407 05:52:26.253161 83372 /home/zyh/braft/src/braft/node.cpp:121] random_timeout function changed!
I0407 05:52:26.253331 83372 /home/zyh/braft/src/braft/node.cpp:129] node2 got timeout value: 5137
W0407 05:52:26.256151 83371 /home/zyh/braft/src/braft/node.cpp:1436] node Atomic:127.0.1.1:8303:0 received invalid PreVoteResponse from 127.0.1.1:8304:0 term 13 expect 12
I0407 05:52:26.258729 83371 /home/zyh/braft/src/braft/raft_meta.cpp:546] Saved single stable meta, path ./data2/raft_meta term 13 votedfor 0.0.0.0:0:0 time: 2407
I0407 05:52:26.454368 83374 /home/zyh/braft/src/braft/node.cpp:2009] node Atomic:127.0.1.1:8303:0 received PreVote from 127.0.1.1:8305:0 in term 14 current_term 13 granted 1
I0407 05:52:26.456372 83366 /home/zyh/braft/src/braft/node.cpp:2049] node Atomic:127.0.1.1:8303:0 received RequestVote from 127.0.1.1:8305:0 in term 14 current_term 13
I0407 05:52:26.466097 83366 /home/zyh/braft/src/braft/raft_meta.cpp:546] Saved single stable meta, path ./data2/raft_meta term 14 votedfor 0.0.0.0:0:0 time: 9628
I0407 05:52:26.476054 83366 /home/zyh/braft/src/braft/raft_meta.cpp:546] Saved single stable meta, path ./data2/raft_meta term 14 votedfor 127.0.1.1:8305:0 time: 9846
W0407 05:52:26.485958 83186 /home/zyh/braft/src/braft/protobuf_file.cpp:81] rename failed, old: ./data2/raft_meta/raft_meta.tmp , new: ./data2/raft_meta/raft_meta
E0407 05:52:26.486059 83186 /home/zyh/braft/src/braft/raft_meta.cpp:542] Fail to save meta to ./data2/raft_meta/raft_meta: No such file or directory
I0407 05:52:26.486100 83186 /home/zyh/braft/src/braft/raft_meta.cpp:546] Saved single stable meta, path ./data2/raft_meta term 14 votedfor 0.0.0.0:0:0 time: 16426
E0407 05:52:26.486126 83186 /home/zyh/braft/src/braft/node.cpp:1700] node Atomic:127.0.1.1:8303:0 fail to set_term_and_votedfor when step_down, error: SingleMetaStorage failed to save pb meta, path: ./data2/raft_meta
W0407 05:52:26.486250 83186 /home/zyh/braft/src/braft/node.cpp:2317] node Atomic:127.0.1.1:8303:0 reject term_unmatched AppendEntries from 127.0.1.1:8305:0 in term 14 prev_log_index 11 prev_log_term 12 local_prev_log_term 0 last_log_index 0 entries_size 0 from_append_entries_cache: 0
I0407 05:52:26.486388 83185 /home/zyh/braft/example/atomic/server.cpp:321] Node start following { leader_id=127.0.1.1:8305:0, term=14, status=Raft node receives message from new leader with higher term.}
I0407 05:52:27.632138 83530 /home/zyh/braft/src/braft/node.cpp:2009] node Atomic:127.0.1.1:8303:0 received PreVote from 127.0.1.1:8305:0 in term 14 current_term 13 granted 0
I0407 05:52:28.455480 83188 /home/zyh/braft/src/braft/node.cpp:922] node Atomic:127.0.1.1:8303:0 starts to do snapshot
I0407 05:52:28.455564 83188 /home/zyh/braft/src/braft/snapshot_executor.cpp:154] node Atomic:127.0.1.1:8303:0 the gap between fsm applied index 0 and last_snapshot_index 0 is less than 1, will clear bufferred logs and return success
W0407 05:52:29.187317 83186 /home/zyh/braft/src/braft/node.cpp:1475] node Atomic:127.0.1.1:8303:0 request PreVote from 127.0.1.1:8304:0 error: [E1008]Reached timeout=5000ms @127.0.1.1:8304
I0407 05:52:29.341527 83188 /home/zyh/braft/src/braft/node.cpp:121] random_timeout function changed!
I0407 05:52:29.341608 83188 /home/zyh/braft/src/braft/node.cpp:129] node2 got timeout value: 5241
W0407 05:52:29.362813 83529 /home/zyh/braft/src/braft/node.cpp:1475] node Atomic:127.0.1.1:8303:0 request PreVote from 127.0.1.1:8304:0 error: [E1008]Reached timeout=5000ms @127.0.1.1:8304
I0407 05:52:29.471644 83532 /home/zyh/braft/src/braft/node.cpp:1495] node Atomic:127.0.1.1:8303:0 term 13 start pre_vote
I0407 05:52:29.471877 83532 /home/zyh/braft/src/braft/node.cpp:121] random_timeout function changed!
I0407 05:52:29.471893 83532 /home/zyh/braft/src/braft/node.cpp:129] node2 got timeout value: 5163
W0407 05:52:29.472870 83525 /home/zyh/braft/src/braft/node.cpp:1436] node Atomic:127.0.1.1:8303:0 received invalid PreVoteResponse from 127.0.1.1:8304:0 term 14 expect 13
I0407 05:52:29.473629 83525 /home/zyh/braft/src/braft/raft_meta.cpp:546] Saved single stable meta, path ./data2/raft_meta term 14 votedfor 0.0.0.0:0:0 time: 723
W0407 05:52:29.473706 83527 /home/zyh/braft/src/braft/node.cpp:1413] node Atomic:127.0.1.1:8303:0 received invalid PreVoteResponse from 127.0.1.1:8305:0 ctx_version 16current_ctx_version 17
W0407 05:52:31.253642 83372 /home/zyh/braft/src/braft/node.cpp:1475] node Atomic:127.0.1.1:8303:0 request PreVote from 127.0.1.1:8305:0 error: [E1008]Reached timeout=5000ms @127.0.1.1:8305
I0407 05:52:31.391144 83365 /home/zyh/braft/src/braft/node.cpp:1495] node Atomic:127.0.1.1:8303:0 term 14 start pre_vote
I0407 05:52:31.392065 83365 /home/zyh/braft/src/braft/node.cpp:121] random_timeout function changed!
I0407 05:52:31.392136 83365 /home/zyh/braft/src/braft/node.cpp:129] node2 got timeout value: 5163
I0407 05:52:31.456872 83371 /home/zyh/braft/src/braft/node.cpp:1446] node Atomic:127.0.1.1:8303:0 received PreVoteResponse from 127.0.1.1:8304:0 term 14 granted 0
I0407 05:52:32.619176 83187 /home/zyh/braft/src/braft/node.cpp:2009] node Atomic:127.0.1.1:8303:0 received PreVote from 127.0.1.1:8305:0 in term 15 current_term 14 granted 1
I0407 05:52:34.583365 83187 /home/zyh/braft/src/braft/node.cpp:121] random_timeout function changed!
I0407 05:52:34.583524 83187 /home/zyh/braft/src/braft/node.cpp:129] node2 got timeout value: 5191
I0407 05:52:34.635325 83532 /home/zyh/braft/src/braft/node.cpp:1495] node Atomic:127.0.1.1:8303:0 term 14 start pre_vote
I0407 05:52:34.636157 83532 /home/zyh/braft/src/braft/node.cpp:121] random_timeout function changed!
I0407 05:52:34.636309 83532 /home/zyh/braft/src/braft/node.cpp:129] node2 got timeout value: 5137
I0407 05:52:34.654245 83526 /home/zyh/braft/src/braft/node.cpp:1446] node Atomic:127.0.1.1:8303:0 received PreVoteResponse from 127.0.1.1:8304:0 term 14 granted 0
W0407 05:52:36.392059 83365 /home/zyh/braft/src/braft/node.cpp:1475] node Atomic:127.0.1.1:8303:0 request PreVote from 127.0.1.1:8305:0 error: [E1008]Reached timeout=5000ms @127.0.1.1:8305
I0407 05:52:36.555840 83372 /home/zyh/braft/src/braft/node.cpp:1495] node Atomic:127.0.1.1:8303:0 term 14 start pre_vote
I0407 05:52:36.556003 83372 /home/zyh/braft/src/braft/node.cpp:121] random_timeout function changed!
I0407 05:52:36.556014 83372 /home/zyh/braft/src/braft/node.cpp:129] node2 got timeout value: 5214
I0407 05:52:36.599478 83366 /home/zyh/braft/src/braft/node.cpp:1446] node Atomic:127.0.1.1:8303:0 received PreVoteResponse from 127.0.1.1:8304:0 term 14 granted 0
I0407 05:52:36.610752 83529 /home/zyh/braft/src/braft/node.cpp:922] node Atomic:127.0.1.1:8303:0 starts to do snapshot
I0407 05:52:36.610803 83529 /home/zyh/braft/src/braft/snapshot_executor.cpp:154] node Atomic:127.0.1.1:8303:0 the gap between fsm applied index 11 and last_snapshot_index 11 is less than 1, will clear bufferred logs and return success
I0407 05:52:36.611539 83529 /home/zyh/braft/src/braft/log.cpp:1136] log save_meta ./data2/log/log_meta first_log_index: 12 time: 721
I0407 05:52:36.611567 83529 /home/zyh/braft/src/braft/log.cpp:595] Unlinked segment `./data2/log/log_inprogress_00000000000000000001'
W0407 05:52:39.636134 83532 /home/zyh/braft/src/braft/node.cpp:1475] node Atomic:127.0.1.1:8303:0 request PreVote from 127.0.1.1:8305:0 error: [E1008]Reached timeout=5000ms @127.0.1.1:8305
I0407 05:52:39.773989 83529 /home/zyh/braft/src/braft/node.cpp:1495] node Atomic:127.0.1.1:8303:0 term 14 start pre_vote
I0407 05:52:39.774217 83529 /home/zyh/braft/src/braft/node.cpp:121] random_timeout function changed!
I0407 05:52:39.774229 83529 /home/zyh/braft/src/braft/node.cpp:129] node2 got timeout value: 5163
I0407 05:52:39.774977 83185 /home/zyh/braft/src/braft/node.cpp:121] random_timeout function changed!
I0407 05:52:39.774991 83185 /home/zyh/braft/src/braft/node.cpp:129] node2 got timeout value: 5075
I0407 05:52:39.825374 83527 /home/zyh/braft/src/braft/node.cpp:1446] node Atomic:127.0.1.1:8303:0 received PreVoteResponse from 127.0.1.1:8304:0 term 14 granted 0
I0407 05:52:39.844959 83525 /home/zyh/braft/src/braft/node.cpp:1446] node Atomic:127.0.1.1:8303:0 received PreVoteResponse from 127.0.1.1:8305:0 term 14 granted 1
I0407 05:52:39.844984 83525 /home/zyh/braft/src/braft/node.cpp:1559] node Atomic:127.0.1.1:8303:0 term 14 start vote and grant vote self
I0407 05:52:39.844990 83525 /home/zyh/braft/src/braft/node.cpp:121] random_timeout function changed!
I0407 05:52:39.844995 83525 /home/zyh/braft/src/braft/node.cpp:129] node2 got timeout value: 6214
I0407 05:52:39.845988 83525 /home/zyh/braft/src/braft/raft_meta.cpp:546] Saved single stable meta, path ./data2/raft_meta term 15 votedfor 127.0.1.1:8303:0 time: 727
I0407 05:52:39.854892 83530 /home/zyh/braft/src/braft/node.cpp:1359] node Atomic:127.0.1.1:8303:0 received RequestVoteResponse from 127.0.1.1:8304:0 term 15 granted 0
I0407 05:52:39.923816 83526 /home/zyh/braft/src/braft/node.cpp:1359] node Atomic:127.0.1.1:8303:0 received RequestVoteResponse from 127.0.1.1:8305:0 term 15 granted 1
I0407 05:52:39.923839 83526 /home/zyh/braft/src/braft/node.cpp:1792] node Atomic:127.0.1.1:8303:0 term 15 become leader of group 127.0.1.1:8303:0,127.0.1.1:8304:0,127.0.1.1:8305:0 
I0407 05:52:39.923855 83526 /home/zyh/braft/src/braft/replicator.cpp:138] Replicator=4471060955142@127.0.1.1:8304:0 is started, group Atomic
I0407 05:52:39.923982 83526 /home/zyh/braft/src/braft/replicator.cpp:138] Replicator=8796093022209@127.0.1.1:8305:0 is started, group Atomic
I0407 05:52:39.924154 83525 /home/zyh/braft/src/braft/log.cpp:108] Created new segment `./data2/log/log_inprogress_00000000000000000012' with fd=31
W0407 05:52:41.556596 83372 /home/zyh/braft/src/braft/node.cpp:1475] node Atomic:127.0.1.1:8303:0 request PreVote from 127.0.1.1:8305:0 error: [E1008]Reached timeout=5000ms @127.0.1.1:8305
I0407 05:52:41.770414 83372 /home/zyh/braft/src/braft/node.cpp:1495] node Atomic:127.0.1.1:8303:0 term 14 start pre_vote
I0407 05:52:41.771285 83372 /home/zyh/braft/src/braft/node.cpp:121] random_timeout function changed!
I0407 05:52:41.771339 83372 /home/zyh/braft/src/braft/node.cpp:129] node2 got timeout value: 5176
W0407 05:52:41.831788 83371 /home/zyh/braft/src/braft/node.cpp:1436] node Atomic:127.0.1.1:8303:0 received invalid PreVoteResponse from 127.0.1.1:8305:0 term 15 expect 14
I0407 05:52:41.832483 83371 /home/zyh/braft/src/braft/raft_meta.cpp:546] Saved single stable meta, path ./data2/raft_meta term 15 votedfor 0.0.0.0:0:0 time: 669
W0407 05:52:41.870212 83366 /home/zyh/braft/src/braft/node.cpp:1413] node Atomic:127.0.1.1:8303:0 received invalid PreVoteResponse from 127.0.1.1:8304:0 ctx_version 33current_ctx_version 34
I0407 05:52:42.636990 83527 /home/zyh/braft/src/braft/node.cpp:2009] node Atomic:127.0.1.1:8303:0 received PreVote from 127.0.1.1:8305:0 in term 16 current_term 15 granted 0
I0407 05:52:42.702245 83530 /home/zyh/braft/src/braft/node.cpp:2009] node Atomic:127.0.1.1:8303:0 received PreVote from 127.0.1.1:8305:0 in term 15 current_term 15 granted 0
W0407 05:52:42.924836 83532 /home/zyh/braft/src/braft/replicator.cpp:292] Group Atomic fail to issue RPC to 127.0.1.1:8304:0 _consecutive_error_times=1, [E1008]Reached timeout=2500ms @127.0.1.1:8304
W0407 05:52:42.924949 83532 /home/zyh/braft/src/braft/replicator.cpp:292] Group Atomic fail to issue RPC to 127.0.1.1:8305:0 _consecutive_error_times=1, [E1008]Reached timeout=2500ms @127.0.1.1:8305
I0407 05:52:44.850188 83185 /home/zyh/braft/src/braft/node.cpp:121] random_timeout function changed!
I0407 05:52:44.850213 83185 /home/zyh/braft/src/braft/node.cpp:129] node2 got timeout value: 5040
W0407 05:52:44.924240 83532 /home/zyh/braft/src/braft/node.cpp:774] node Atomic:127.0.1.1:8303:0 term 15 steps down when alive nodes don't satisfy quorum dead_nodes: 127.0.1.1:8304:0,127.0.1.1:8305:0 conf: 127.0.1.1:8303:0,127.0.1.1:8304:0,127.0.1.1:8305:0
I0407 05:52:44.924283 83532 /home/zyh/braft/src/braft/node.cpp:3151] node Atomic:127.0.1.1:8303:0 reset ConfigurationCtx, new_peers: 127.0.1.1:8303:0,127.0.1.1:8304:0,127.0.1.1:8305:0, old_peers: 127.0.1.1:8303:0,127.0.1.1:8304:0,127.0.1.1:8305:0
I0407 05:52:44.924293 83526 /home/zyh/braft/example/atomic/server.cpp:305] Node stepped down : Majority of the group dies
I0407 05:52:44.924319 83532 /home/zyh/braft/src/braft/replicator.cpp:982] Group Atomic Replicator=4471060955142 is going to quit
I0407 05:52:44.924330 83532 /home/zyh/braft/src/braft/replicator.cpp:1234] Replicator=4471060955142 is going to quit
I0407 05:52:44.924431 83532 /home/zyh/braft/src/braft/replicator.cpp:982] Group Atomic Replicator=8796093022209 is going to quit
I0407 05:52:44.924458 83532 /home/zyh/braft/src/braft/replicator.cpp:1234] Replicator=8796093022209 is going to quit
I0407 05:52:44.924500 83532 /home/zyh/braft/src/braft/node.cpp:121] random_timeout function changed!
I0407 05:52:44.924508 83532 /home/zyh/braft/src/braft/node.cpp:129] node2 got timeout value: 5176
I0407 05:52:45.158943 83527 /home/zyh/braft/src/braft/node.cpp:2009] node Atomic:127.0.1.1:8303:0 received PreVote from 127.0.1.1:8305:0 in term 16 current_term 15 granted 0
I0407 05:52:45.169203 83182 /home/zyh/braft/example/atomic/server.cpp:318] Node stops following { leader_id=127.0.1.1:8305:0, term=14, status=Raft node receives message from new leader with higher term.}
I0407 05:52:45.177221 83185 /home/zyh/braft/src/braft/raft_meta.cpp:546] Saved single stable meta, path ./data2/raft_meta term 16 votedfor 0.0.0.0:0:0 time: 8035
W0407 05:52:45.177238 83185 /home/zyh/braft/src/braft/node.cpp:2317] node Atomic:127.0.1.1:8303:0 reject term_unmatched AppendEntries from 127.0.1.1:8305:0 in term 16 prev_log_index 12 prev_log_term 14 local_prev_log_term 0 last_log_index 0 entries_size 0 from_append_entries_cache: 0
I0407 05:52:45.177325 83185 /home/zyh/braft/example/atomic/server.cpp:321] Node start following { leader_id=127.0.1.1:8305:0, term=16, status=Raft node receives message from new leader with higher term.}
I0407 05:52:45.221411 83187 /home/zyh/braft/src/braft/node.cpp:2049] node Atomic:127.0.1.1:8303:0 received RequestVote from 127.0.1.1:8305:0 in term 16 current_term 16
I0407 05:52:45.221468 83182 /home/zyh/braft/example/atomic/server.cpp:318] Node stops following { leader_id=127.0.1.1:8305:0, term=16, status=Raft node votes for some candidate, step down to restart election_timer.}
I0407 05:52:45.222176 83187 /home/zyh/braft/src/braft/raft_meta.cpp:546] Saved single stable meta, path ./data2/raft_meta term 16 votedfor 127.0.1.1:8305:0 time: 721
W0407 05:52:45.669370 83186 /home/zyh/braft/src/braft/node.cpp:2317] node Atomic:127.0.1.1:8303:0 reject term_unmatched AppendEntries from 127.0.1.1:8305:0 in term 16 prev_log_index 12 prev_log_term 14 local_prev_log_term 0 last_log_index 0 entries_size 0 from_append_entries_cache: 0
I0407 05:52:45.669381 83182 /home/zyh/braft/example/atomic/server.cpp:321] Node start following { leader_id=127.0.1.1:8305:0, term=16, status=Follower receives message from new leader with the same term.}
W0407 05:52:46.190460 83188 /home/zyh/braft/src/braft/node.cpp:2317] node Atomic:127.0.1.1:8303:0 reject term_unmatched AppendEntries from 127.0.1.1:8305:0 in term 16 prev_log_index 12 prev_log_term 14 local_prev_log_term 0 last_log_index 0 entries_size 0 from_append_entries_cache: 0
W0407 05:52:46.737585 83182 /home/zyh/braft/src/braft/node.cpp:2317] node Atomic:127.0.1.1:8303:0 reject term_unmatched AppendEntries from 127.0.1.1:8305:0 in term 16 prev_log_index 12 prev_log_term 14 local_prev_log_term 0 last_log_index 0 entries_size 0 from_append_entries_cache: 0
I0407 05:52:46.948338 83372 /home/zyh/braft/src/braft/node.cpp:1495] node Atomic:127.0.1.1:8303:0 term 15 start pre_vote
I0407 05:52:46.949117 83372 /home/zyh/braft/src/braft/node.cpp:121] random_timeout function changed!
I0407 05:52:46.949204 83372 /home/zyh/braft/src/braft/node.cpp:129] node2 got timeout value: 5232
W0407 05:52:46.972105 83374 /home/zyh/braft/src/braft/node.cpp:1436] node Atomic:127.0.1.1:8303:0 received invalid PreVoteResponse from 127.0.1.1:8304:0 term 16 expect 15
I0407 05:52:46.974121 83374 /home/zyh/braft/src/braft/raft_meta.cpp:546] Saved single stable meta, path ./data2/raft_meta term 16 votedfor 0.0.0.0:0:0 time: 1948
W0407 05:52:47.297569 83187 /home/zyh/braft/src/braft/node.cpp:2317] node Atomic:127.0.1.1:8303:0 reject term_unmatched AppendEntries from 127.0.1.1:8305:0 in term 16 prev_log_index 12 prev_log_term 14 local_prev_log_term 0 last_log_index 0 entries_size 0 from_append_entries_cache: 0
I0407 05:52:47.716584 83530 /home/zyh/braft/src/braft/node.cpp:2009] node Atomic:127.0.1.1:8303:0 received PreVote from 127.0.1.1:8305:0 in term 16 current_term 15 granted 0
I0407 05:52:47.736622 83526 /home/zyh/braft/src/braft/node.cpp:2009] node Atomic:127.0.1.1:8303:0 received PreVote from 127.0.1.1:8305:0 in term 16 current_term 15 granted 0
I0407 05:52:48.753484 83365 /home/zyh/braft/src/braft/node.cpp:922] node Atomic:127.0.1.1:8303:0 starts to do snapshot
I0407 05:52:48.753506 83365 /home/zyh/braft/src/braft/snapshot_executor.cpp:154] node Atomic:127.0.1.1:8303:0 the gap between fsm applied index 0 and last_snapshot_index 0 is less than 1, will clear bufferred logs and return success
I0407 05:52:49.890697 83187 /home/zyh/braft/src/braft/node.cpp:121] random_timeout function changed!
I0407 05:52:49.890773 83187 /home/zyh/braft/src/braft/node.cpp:129] node2 got timeout value: 5119
I0407 05:52:50.101087 83529 /home/zyh/braft/src/braft/node.cpp:1495] node Atomic:127.0.1.1:8303:0 term 15 start pre_vote
I0407 05:52:50.102002 83529 /home/zyh/braft/src/braft/node.cpp:121] random_timeout function changed!
I0407 05:52:50.102060 83529 /home/zyh/braft/src/braft/node.cpp:129] node2 got timeout value: 5232
W0407 05:52:50.298242 83186 /home/zyh/braft/src/braft/node.cpp:2317] node Atomic:127.0.1.1:8303:0 reject term_unmatched AppendEntries from 127.0.1.1:8305:0 in term 16 prev_log_index 12 prev_log_term 14 local_prev_log_term 0 last_log_index 0 entries_size 0 from_append_entries_cache: 0
W0407 05:52:50.805087 83186 /home/zyh/braft/src/braft/node.cpp:2317] node Atomic:127.0.1.1:8303:0 reject term_unmatched AppendEntries from 127.0.1.1:8305:0 in term 16 prev_log_index 12 prev_log_term 14 local_prev_log_term 0 last_log_index 0 entries_size 0 from_append_entries_cache: 0
W0407 05:52:51.305674 83182 /home/zyh/braft/src/braft/node.cpp:2317] node Atomic:127.0.1.1:8303:0 reject term_unmatched AppendEntries from 127.0.1.1:8305:0 in term 16 prev_log_index 12 prev_log_term 14 local_prev_log_term 0 last_log_index 0 entries_size 0 from_append_entries_cache: 0
W0407 05:52:51.949374 83365 /home/zyh/braft/src/braft/node.cpp:1475] node Atomic:127.0.1.1:8303:0 request PreVote from 127.0.1.1:8305:0 error: [E1008]Reached timeout=5000ms @127.0.1.1:8305
I0407 05:52:52.182093 83372 /home/zyh/braft/src/braft/node.cpp:1495] node Atomic:127.0.1.1:8303:0 term 16 start pre_vote
I0407 05:52:52.182907 83372 /home/zyh/braft/src/braft/node.cpp:121] random_timeout function changed!
I0407 05:52:52.182966 83372 /home/zyh/braft/src/braft/node.cpp:129] node2 got timeout value: 5001
I0407 05:52:52.185637 83371 /home/zyh/braft/src/braft/node.cpp:1446] node Atomic:127.0.1.1:8303:0 received PreVoteResponse from 127.0.1.1:8304:0 term 16 granted 0
I0407 05:52:52.901910 83525 /home/zyh/braft/src/braft/node.cpp:2009] node Atomic:127.0.1.1:8303:0 received PreVote from 127.0.1.1:8305:0 in term 17 current_term 15 granted 0
W0407 05:52:54.333537 83187 /home/zyh/braft/src/braft/node.cpp:2317] node Atomic:127.0.1.1:8303:0 reject term_unmatched AppendEntries from 127.0.1.1:8305:0 in term 16 prev_log_index 12 prev_log_term 14 local_prev_log_term 0 last_log_index 0 entries_size 0 from_append_entries_cache: 0
I0407 05:52:55.010553 83187 /home/zyh/braft/src/braft/node.cpp:121] random_timeout function changed!
I0407 05:52:55.010631 83187 /home/zyh/braft/src/braft/node.cpp:129] node2 got timeout value: 5252
W0407 05:52:55.102086 83529 /home/zyh/braft/src/braft/node.cpp:1475] node Atomic:127.0.1.1:8303:0 request PreVote from 127.0.1.1:8304:0 error: [E1008]Reached timeout=5000ms @127.0.1.1:8304
W0407 05:52:55.102283 83532 /home/zyh/braft/src/braft/node.cpp:1475] node Atomic:127.0.1.1:8303:0 request PreVote from 127.0.1.1:8305:0 error: [E1008]Reached timeout=5000ms @127.0.1.1:8305
I0407 05:52:55.334807 83529 /home/zyh/braft/src/braft/node.cpp:1495] node Atomic:127.0.1.1:8303:0 term 15 start pre_vote
I0407 05:52:55.335737 83529 /home/zyh/braft/src/braft/node.cpp:121] random_timeout function changed!
I0407 05:52:55.335792 83529 /home/zyh/braft/src/braft/node.cpp:129] node2 got timeout value: 5001
W0407 05:52:55.386704 83527 /home/zyh/braft/src/braft/node.cpp:1436] node Atomic:127.0.1.1:8303:0 received invalid PreVoteResponse from 127.0.1.1:8304:0 term 16 expect 15
I0407 05:52:55.389467 83527 /home/zyh/braft/src/braft/raft_meta.cpp:546] Saved single stable meta, path ./data2/raft_meta term 16 votedfor 0.0.0.0:0:0 time: 2635
W0407 05:52:57.182882 83372 /home/zyh/braft/src/braft/node.cpp:1475] node Atomic:127.0.1.1:8303:0 request PreVote from 127.0.1.1:8305:0 error: [E1008]Reached timeout=5000ms @127.0.1.1:8305
I0407 05:52:57.184590 83365 /home/zyh/braft/src/braft/node.cpp:1495] node Atomic:127.0.1.1:8303:0 term 16 start pre_vote
I0407 05:52:57.184739 83365 /home/zyh/braft/src/braft/node.cpp:121] random_timeout function changed!
I0407 05:52:57.184749 83365 /home/zyh/braft/src/braft/node.cpp:129] node2 got timeout value: 5138
I0407 05:52:57.853994 83185 /home/zyh/braft/src/braft/node.cpp:2009] node Atomic:127.0.1.1:8303:0 received PreVote from 127.0.1.1:8305:0 in term 17 current_term 16 granted 1
W0407 05:52:57.862253 83188 /home/zyh/braft/src/braft/node.cpp:2317] node Atomic:127.0.1.1:8303:0 reject term_unmatched AppendEntries from 127.0.1.1:8305:0 in term 16 prev_log_index 12 prev_log_term 14 local_prev_log_term 0 last_log_index 0 entries_size 0 from_append_entries_cache: 0
I0407 05:52:58.456079 83188 /home/zyh/braft/src/braft/node.cpp:922] node Atomic:127.0.1.1:8303:0 starts to do snapshot
I0407 05:52:58.456155 83188 /home/zyh/braft/src/braft/snapshot_executor.cpp:154] node Atomic:127.0.1.1:8303:0 the gap between fsm applied index 0 and last_snapshot_index 0 is less than 1, will clear bufferred logs and return success
I0407 05:53:00.263031 83187 /home/zyh/braft/src/braft/node.cpp:121] random_timeout function changed!
I0407 05:53:00.263056 83187 /home/zyh/braft/src/braft/node.cpp:129] node2 got timeout value: 5147
W0407 05:53:00.335632 83529 /home/zyh/braft/src/braft/node.cpp:1475] node Atomic:127.0.1.1:8303:0 request PreVote from 127.0.1.1:8305:0 error: [E1008]Reached timeout=5000ms @127.0.1.1:8305
I0407 05:53:00.337267 83532 /home/zyh/braft/src/braft/node.cpp:1495] node Atomic:127.0.1.1:8303:0 term 16 start pre_vote
I0407 05:53:00.337492 83532 /home/zyh/braft/src/braft/node.cpp:121] random_timeout function changed!
I0407 05:53:00.337502 83532 /home/zyh/braft/src/braft/node.cpp:129] node2 got timeout value: 5138
I0407 05:53:00.338386 83526 /home/zyh/braft/src/braft/node.cpp:1446] node Atomic:127.0.1.1:8303:0 received PreVoteResponse from 127.0.1.1:8304:0 term 16 granted 0
I0407 05:53:00.436446 83525 /home/zyh/braft/src/braft/node.cpp:1446] node Atomic:127.0.1.1:8303:0 received PreVoteResponse from 127.0.1.1:8305:0 term 16 granted 0
W0407 05:53:01.430618 83182 /home/zyh/braft/src/braft/node.cpp:2317] node Atomic:127.0.1.1:8303:0 reject term_unmatched AppendEntries from 127.0.1.1:8305:0 in term 16 prev_log_index 12 prev_log_term 14 local_prev_log_term 0 last_log_index 0 entries_size 0 from_append_entries_cache: 0
W0407 05:53:02.185332 83372 /home/zyh/braft/src/braft/node.cpp:1475] node Atomic:127.0.1.1:8303:0 request PreVote from 127.0.1.1:8305:0 error: [E1008]Reached timeout=5000ms @127.0.1.1:8305
W0407 05:53:02.185495 83365 /home/zyh/braft/src/braft/node.cpp:1475] node Atomic:127.0.1.1:8303:0 request PreVote from 127.0.1.1:8304:0 error: [E1008]Reached timeout=5000ms @127.0.1.1:8304
I0407 05:53:02.323122 83372 /home/zyh/braft/src/braft/node.cpp:1495] node Atomic:127.0.1.1:8303:0 term 16 start pre_vote
I0407 05:53:02.324063 83372 /home/zyh/braft/src/braft/node.cpp:121] random_timeout function changed!
I0407 05:53:02.324130 83372 /home/zyh/braft/src/braft/node.cpp:129] node2 got timeout value: 5147
I0407 05:53:02.359543 83374 /home/zyh/braft/src/braft/node.cpp:1446] node Atomic:127.0.1.1:8303:0 received PreVoteResponse from 127.0.1.1:8305:0 term 16 granted 0
I0407 05:53:03.045509 83374 /home/zyh/braft/src/braft/node.cpp:2009] node Atomic:127.0.1.1:8303:0 received PreVote from 127.0.1.1:8305:0 in term 17 current_term 16 granted 1
I0407 05:53:03.112538 83530 /home/zyh/braft/src/braft/node.cpp:2049] node Atomic:127.0.1.1:8303:0 received RequestVote from 127.0.1.1:8305:0 in term 17 current_term 16
I0407 05:53:03.115995 83530 /home/zyh/braft/src/braft/raft_meta.cpp:546] Saved single stable meta, path ./data2/raft_meta term 17 votedfor 0.0.0.0:0:0 time: 3435
I0407 05:53:03.209890 83185 /home/zyh/braft/src/braft/node.cpp:2009] node Atomic:127.0.1.1:8303:0 received PreVote from 127.0.1.1:8305:0 in term 17 current_term 16 granted 1
I0407 05:53:05.410585 83185 /home/zyh/braft/src/braft/node.cpp:121] random_timeout function changed!
I0407 05:53:05.410687 83185 /home/zyh/braft/src/braft/node.cpp:129] node2 got timeout value: 5252
I0407 05:53:05.476011 83532 /home/zyh/braft/src/braft/node.cpp:1495] node Atomic:127.0.1.1:8303:0 term 17 start pre_vote
I0407 05:53:05.476938 83532 /home/zyh/braft/src/braft/node.cpp:121] random_timeout function changed!
I0407 05:53:05.476990 83532 /home/zyh/braft/src/braft/node.cpp:129] node2 got timeout value: 5147
I0407 05:53:05.534992 83526 /home/zyh/braft/src/braft/node.cpp:1446] node Atomic:127.0.1.1:8303:0 received PreVoteResponse from 127.0.1.1:8304:0 term 17 granted 0
I0407 05:53:06.611046 83532 /home/zyh/braft/src/braft/node.cpp:922] node Atomic:127.0.1.1:8303:0 starts to do snapshot
I0407 05:53:06.611093 83532 /home/zyh/braft/src/braft/snapshot_executor.cpp:154] node Atomic:127.0.1.1:8303:0 the gap between fsm applied index 11 and last_snapshot_index 11 is less than 1, will clear bufferred logs and return success
W0407 05:53:07.323886 83372 /home/zyh/braft/src/braft/node.cpp:1475] node Atomic:127.0.1.1:8303:0 request PreVote from 127.0.1.1:8304:0 error: [E1008]Reached timeout=5000ms @127.0.1.1:8304
I0407 05:53:07.472022 83365 /home/zyh/braft/src/braft/node.cpp:1495] node Atomic:127.0.1.1:8303:0 term 16 start pre_vote
I0407 05:53:07.473009 83365 /home/zyh/braft/src/braft/node.cpp:121] random_timeout function changed!
I0407 05:53:07.473065 83365 /home/zyh/braft/src/braft/node.cpp:129] node2 got timeout value: 5103
I0407 05:53:08.297081 83527 /home/zyh/braft/src/braft/node.cpp:2049] node Atomic:127.0.1.1:8303:0 received RequestVote from 127.0.1.1:8305:0 in term 18 current_term 17
I0407 05:53:08.301236 83527 /home/zyh/braft/src/braft/raft_meta.cpp:546] Saved single stable meta, path ./data2/raft_meta term 18 votedfor 0.0.0.0:0:0 time: 4014
I0407 05:53:08.311302 83527 /home/zyh/braft/src/braft/raft_meta.cpp:546] Saved single stable meta, path ./data2/raft_meta term 18 votedfor 127.0.1.1:8305:0 time: 9715
I0407 05:53:08.359995 83187 /home/zyh/braft/src/braft/node.cpp:2009] node Atomic:127.0.1.1:8303:0 received PreVote from 127.0.1.1:8305:0 in term 18 current_term 16 granted 1
I0407 05:53:08.802652 83188 /home/zyh/braft/example/atomic/server.cpp:318] Node stops following { leader_id=127.0.1.1:8305:0, term=16, status=Raft node receives message from new leader with higher term.}
I0407 05:53:08.803381 83186 /home/zyh/braft/src/braft/raft_meta.cpp:546] Saved single stable meta, path ./data2/raft_meta term 18 votedfor 0.0.0.0:0:0 time: 752
W0407 05:53:08.803409 83186 /home/zyh/braft/src/braft/node.cpp:2317] node Atomic:127.0.1.1:8303:0 reject term_unmatched AppendEntries from 127.0.1.1:8305:0 in term 18 prev_log_index 13 prev_log_term 16 local_prev_log_term 0 last_log_index 0 entries_size 0 from_append_entries_cache: 0
I0407 05:53:08.803458 83187 /home/zyh/braft/example/atomic/server.cpp:321] Node start following { leader_id=127.0.1.1:8305:0, term=18, status=Raft node receives message from new leader with higher term.}
I0407 05:53:09.136165 83182 /home/zyh/braft/src/braft/node.cpp:2009] node Atomic:127.0.1.1:8303:0 received PreVote from 127.0.1.1:8305:0 in term 18 current_term 18 granted 1
W0407 05:53:09.337661 83182 /home/zyh/braft/src/braft/node.cpp:2317] node Atomic:127.0.1.1:8303:0 reject term_unmatched AppendEntries from 127.0.1.1:8305:0 in term 18 prev_log_index 13 prev_log_term 16 local_prev_log_term 0 last_log_index 0 entries_size 0 from_append_entries_cache: 0
W0407 05:53:10.477448 83532 /home/zyh/braft/src/braft/node.cpp:1475] node Atomic:127.0.1.1:8303:0 request PreVote from 127.0.1.1:8305:0 error: [E1008]Reached timeout=5000ms @127.0.1.1:8305
I0407 05:53:10.624795 83529 /home/zyh/braft/src/braft/node.cpp:1495] node Atomic:127.0.1.1:8303:0 term 18 start pre_vote
I0407 05:53:10.625766 83529 /home/zyh/braft/src/braft/node.cpp:121] random_timeout function changed!
I0407 05:53:10.625824 83529 /home/zyh/braft/src/braft/node.cpp:129] node2 got timeout value: 5103
I0407 05:53:10.663448 83188 /home/zyh/braft/src/braft/node.cpp:121] random_timeout function changed!
I0407 05:53:10.663521 83188 /home/zyh/braft/src/braft/node.cpp:129] node2 got timeout value: 5245
I0407 05:53:10.691522 83526 /home/zyh/braft/src/braft/node.cpp:1446] node Atomic:127.0.1.1:8303:0 received PreVoteResponse from 127.0.1.1:8304:0 term 18 granted 0
W0407 05:53:12.322340 83185 /home/zyh/braft/src/braft/node.cpp:2317] node Atomic:127.0.1.1:8303:0 reject term_unmatched AppendEntries from 127.0.1.1:8305:0 in term 18 prev_log_index 13 prev_log_term 16 local_prev_log_term 0 last_log_index 0 entries_size 0 from_append_entries_cache: 0
W0407 05:53:12.472422 83365 /home/zyh/braft/src/braft/node.cpp:1475] node Atomic:127.0.1.1:8303:0 request PreVote from 127.0.1.1:8304:0 error: [E1008]Reached timeout=5000ms @127.0.1.1:8304
W0407 05:53:12.472876 83372 /home/zyh/braft/src/braft/node.cpp:1475] node Atomic:127.0.1.1:8303:0 request PreVote from 127.0.1.1:8305:0 error: [E1008]Reached timeout=5000ms @127.0.1.1:8305
I0407 05:53:12.576697 83365 /home/zyh/braft/src/braft/node.cpp:1495] node Atomic:127.0.1.1:8303:0 term 16 start pre_vote
I0407 05:53:12.576981 83365 /home/zyh/braft/src/braft/node.cpp:121] random_timeout function changed!
I0407 05:53:12.577003 83365 /home/zyh/braft/src/braft/node.cpp:129] node2 got timeout value: 5183
W0407 05:53:12.631880 83374 /home/zyh/braft/src/braft/node.cpp:1436] node Atomic:127.0.1.1:8303:0 received invalid PreVoteResponse from 127.0.1.1:8304:0 term 18 expect 16
I0407 05:53:12.634557 83374 /home/zyh/braft/src/braft/raft_meta.cpp:546] Saved single stable meta, path ./data2/raft_meta term 18 votedfor 0.0.0.0:0:0 time: 2577
W0407 05:53:12.645364 83366 /home/zyh/braft/src/braft/node.cpp:1413] node Atomic:127.0.1.1:8303:0 received invalid PreVoteResponse from 127.0.1.1:8305:0 ctx_version 41current_ctx_version 42
W0407 05:53:12.824146 83187 /home/zyh/braft/src/braft/node.cpp:2317] node Atomic:127.0.1.1:8303:0 reject term_unmatched AppendEntries from 127.0.1.1:8305:0 in term 18 prev_log_index 13 prev_log_term 16 local_prev_log_term 0 last_log_index 0 entries_size 0 from_append_entries_cache: 0
I0407 05:53:14.150523 83188 /home/zyh/braft/src/braft/node.cpp:2009] node Atomic:127.0.1.1:8303:0 received PreVote from 127.0.1.1:8305:0 in term 19 current_term 18 granted 1
W0407 05:53:15.626256 83529 /home/zyh/braft/src/braft/node.cpp:1475] node Atomic:127.0.1.1:8303:0 request PreVote from 127.0.1.1:8305:0 error: [E1008]Reached timeout=5000ms @127.0.1.1:8305
I0407 05:53:15.729689 83532 /home/zyh/braft/src/braft/node.cpp:1495] node Atomic:127.0.1.1:8303:0 term 18 start pre_vote
I0407 05:53:15.730792 83532 /home/zyh/braft/src/braft/node.cpp:121] random_timeout function changed!
I0407 05:53:15.730847 83532 /home/zyh/braft/src/braft/node.cpp:129] node2 got timeout value: 5183
W0407 05:53:15.784925 83530 /home/zyh/braft/src/braft/node.cpp:1436] node Atomic:127.0.1.1:8303:0 received invalid PreVoteResponse from 127.0.1.1:8304:0 term 19 expect 18
I0407 05:53:15.787211 83530 /home/zyh/braft/src/braft/raft_meta.cpp:546] Saved single stable meta, path ./data2/raft_meta term 19 votedfor 0.0.0.0:0:0 time: 2190
I0407 05:53:15.909269 83187 /home/zyh/braft/src/braft/node.cpp:121] random_timeout function changed!
I0407 05:53:15.909342 83187 /home/zyh/braft/src/braft/node.cpp:129] node2 got timeout value: 5136
I0407 05:53:17.760394 83372 /home/zyh/braft/src/braft/node.cpp:1495] node Atomic:127.0.1.1:8303:0 term 18 start pre_vote
I0407 05:53:17.760623 83372 /home/zyh/braft/src/braft/node.cpp:121] random_timeout function changed!
I0407 05:53:17.760634 83372 /home/zyh/braft/src/braft/node.cpp:129] node2 got timeout value: 5053
W0407 05:53:17.791091 83374 /home/zyh/braft/src/braft/node.cpp:1436] node Atomic:127.0.1.1:8303:0 received invalid PreVoteResponse from 127.0.1.1:8304:0 term 19 expect 18
I0407 05:53:17.791852 83374 /home/zyh/braft/src/braft/raft_meta.cpp:546] Saved single stable meta, path ./data2/raft_meta term 19 votedfor 0.0.0.0:0:0 time: 741
W0407 05:53:17.848252 83371 /home/zyh/braft/src/braft/node.cpp:1413] node Atomic:127.0.1.1:8303:0 received invalid PreVoteResponse from 127.0.1.1:8305:0 ctx_version 43current_ctx_version 44
I0407 05:53:18.522488 83366 /home/zyh/braft/src/braft/node.cpp:2009] node Atomic:127.0.1.1:8303:0 received PreVote from 127.0.1.1:8305:0 in term 19 current_term 19 granted 1
I0407 05:53:18.753791 83372 /home/zyh/braft/src/braft/node.cpp:922] node Atomic:127.0.1.1:8303:0 starts to do snapshot
I0407 05:53:18.753877 83372 /home/zyh/braft/src/braft/snapshot_executor.cpp:154] node Atomic:127.0.1.1:8303:0 the gap between fsm applied index 0 and last_snapshot_index 0 is less than 1, will clear bufferred logs and return success
I0407 05:53:19.496069 83186 /home/zyh/braft/src/braft/node.cpp:2009] node Atomic:127.0.1.1:8303:0 received PreVote from 127.0.1.1:8305:0 in term 20 current_term 18 granted 1
I0407 05:53:19.496849 83525 /home/zyh/braft/src/braft/node.cpp:2049] node Atomic:127.0.1.1:8303:0 received RequestVote from 127.0.1.1:8305:0 in term 20 current_term 19
I0407 05:53:19.505470 83525 /home/zyh/braft/src/braft/raft_meta.cpp:546] Saved single stable meta, path ./data2/raft_meta term 20 votedfor 0.0.0.0:0:0 time: 8599
I0407 05:53:19.514145 83525 /home/zyh/braft/src/braft/raft_meta.cpp:546] Saved single stable meta, path ./data2/raft_meta term 20 votedfor 127.0.1.1:8305:0 time: 8626
I0407 05:53:19.523954 83187 /home/zyh/braft/example/atomic/server.cpp:318] Node stops following { leader_id=127.0.1.1:8305:0, term=18, status=Raft node receives message from new leader with higher term.}
I0407 05:53:19.531356 83186 /home/zyh/braft/src/braft/raft_meta.cpp:546] Saved single stable meta, path ./data2/raft_meta term 20 votedfor 0.0.0.0:0:0 time: 7427
W0407 05:53:19.531385 83186 /home/zyh/braft/src/braft/node.cpp:2317] node Atomic:127.0.1.1:8303:0 reject term_unmatched AppendEntries from 127.0.1.1:8305:0 in term 20 prev_log_index 14 prev_log_term 18 local_prev_log_term 0 last_log_index 0 entries_size 0 from_append_entries_cache: 0
I0407 05:53:19.531400 83185 /home/zyh/braft/example/atomic/server.cpp:321] Node start following { leader_id=127.0.1.1:8305:0, term=20, status=Raft node receives message from new leader with higher term.}
I0407 05:53:19.582711 83182 /home/zyh/braft/src/braft/node.cpp:2479] node Atomic:127.0.1.1:8303:0 received InstallSnapshotRequest last_included_log_index=13 last_include_log_term=16 from 127.0.1.1:8305:0 when last_log_id=(index=0,term=0)
I0407 05:53:20.229398 83185 /home/zyh/braft/src/braft/node.cpp:2009] node Atomic:127.0.1.1:8303:0 received PreVote from 127.0.1.1:8305:0 in term 20 current_term 20 granted 1
W0407 05:53:20.730560 83532 /home/zyh/braft/src/braft/node.cpp:1475] node Atomic:127.0.1.1:8303:0 request PreVote from 127.0.1.1:8305:0 error: [E1008]Reached timeout=5000ms @127.0.1.1:8305
I0407 05:53:20.914319 83532 /home/zyh/braft/src/braft/node.cpp:1495] node Atomic:127.0.1.1:8303:0 term 20 start pre_vote
I0407 05:53:20.914594 83532 /home/zyh/braft/src/braft/node.cpp:121] random_timeout function changed!
I0407 05:53:20.914605 83532 /home/zyh/braft/src/braft/node.cpp:129] node2 got timeout value: 5053
I0407 05:53:20.934472 83526 /home/zyh/braft/src/braft/node.cpp:1446] node Atomic:127.0.1.1:8303:0 received PreVoteResponse from 127.0.1.1:8304:0 term 20 granted 0
I0407 05:53:21.045773 83185 /home/zyh/braft/src/braft/node.cpp:121] random_timeout function changed!
I0407 05:53:21.045789 83185 /home/zyh/braft/src/braft/node.cpp:129] node2 got timeout value: 5083
I0407 05:53:22.814272 83365 /home/zyh/braft/src/braft/node.cpp:1495] node Atomic:127.0.1.1:8303:0 term 19 start pre_vote
I0407 05:53:22.815162 83365 /home/zyh/braft/src/braft/node.cpp:121] random_timeout function changed!
I0407 05:53:22.815217 83365 /home/zyh/braft/src/braft/node.cpp:129] node2 got timeout value: 5159
I0407 05:53:25.344215 83371 /home/zyh/braft/src/braft/node.cpp:2009] node Atomic:127.0.1.1:8303:0 received PreVote from 127.0.1.1:8305:0 in term 21 current_term 19 granted 1
W0407 05:53:25.914688 83529 /home/zyh/braft/src/braft/node.cpp:1475] node Atomic:127.0.1.1:8303:0 request PreVote from 127.0.1.1:8305:0 error: [E1008]Reached timeout=5000ms @127.0.1.1:8305
I0407 05:53:25.968295 83532 /home/zyh/braft/src/braft/node.cpp:1495] node Atomic:127.0.1.1:8303:0 term 20 start pre_vote
I0407 05:53:25.969483 83532 /home/zyh/braft/src/braft/node.cpp:121] random_timeout function changed!
I0407 05:53:25.969542 83532 /home/zyh/braft/src/braft/node.cpp:129] node2 got timeout value: 5159
I0407 05:53:25.997429 83530 /home/zyh/braft/src/braft/node.cpp:1446] node Atomic:127.0.1.1:8303:0 received PreVoteResponse from 127.0.1.1:8304:0 term 20 granted 0
I0407 05:53:26.129330 83186 /home/zyh/braft/src/braft/node.cpp:121] random_timeout function changed!
I0407 05:53:26.129404 83186 /home/zyh/braft/src/braft/node.cpp:129] node2 got timeout value: 5143
W0407 05:53:27.815106 83365 /home/zyh/braft/src/braft/node.cpp:1475] node Atomic:127.0.1.1:8303:0 request PreVote from 127.0.1.1:8304:0 error: [E1008]Reached timeout=5000ms @127.0.1.1:8304
W0407 05:53:27.815226 83372 /home/zyh/braft/src/braft/node.cpp:1475] node Atomic:127.0.1.1:8303:0 request PreVote from 127.0.1.1:8305:0 error: [E1008]Reached timeout=5000ms @127.0.1.1:8305
I0407 05:53:27.974782 83365 /home/zyh/braft/src/braft/node.cpp:1495] node Atomic:127.0.1.1:8303:0 term 19 start pre_vote
I0407 05:53:27.975025 83365 /home/zyh/braft/src/braft/node.cpp:121] random_timeout function changed!
I0407 05:53:27.975041 83365 /home/zyh/braft/src/braft/node.cpp:129] node2 got timeout value: 5050
W0407 05:53:28.004669 83366 /home/zyh/braft/src/braft/node.cpp:1436] node Atomic:127.0.1.1:8303:0 received invalid PreVoteResponse from 127.0.1.1:8305:0 term 20 expect 19
I0407 05:53:28.005657 83366 /home/zyh/braft/src/braft/raft_meta.cpp:546] Saved single stable meta, path ./data2/raft_meta term 20 votedfor 0.0.0.0:0:0 time: 950
I0407 05:53:28.456688 83185 /home/zyh/braft/src/braft/node.cpp:922] node Atomic:127.0.1.1:8303:0 starts to do snapshot
I0407 05:53:28.840994 83374 /home/zyh/braft/src/braft/node.cpp:2009] node Atomic:127.0.1.1:8303:0 received PreVote from 127.0.1.1:8305:0 in term 21 current_term 20 granted 1
I0407 05:53:28.941600 83525 /home/zyh/braft/src/braft/node.cpp:2049] node Atomic:127.0.1.1:8303:0 received RequestVote from 127.0.1.1:8305:0 in term 21 current_term 20
I0407 05:53:28.944093 83525 /home/zyh/braft/src/braft/raft_meta.cpp:546] Saved single stable meta, path ./data2/raft_meta term 21 votedfor 0.0.0.0:0:0 time: 2396
W0407 05:53:30.969837 83532 /home/zyh/braft/src/braft/node.cpp:1475] node Atomic:127.0.1.1:8303:0 request PreVote from 127.0.1.1:8305:0 error: [E1008]Reached timeout=5000ms @127.0.1.1:8305
I0407 05:53:31.129392 83529 /home/zyh/braft/src/braft/node.cpp:1495] node Atomic:127.0.1.1:8303:0 term 21 start pre_vote
I0407 05:53:31.130524 83529 /home/zyh/braft/src/braft/node.cpp:121] random_timeout function changed!
I0407 05:53:31.130601 83529 /home/zyh/braft/src/braft/node.cpp:129] node2 got timeout value: 5050
I0407 05:53:31.176167 83527 /home/zyh/braft/src/braft/node.cpp:1446] node Atomic:127.0.1.1:8303:0 received PreVoteResponse from 127.0.1.1:8304:0 term 21 granted 0
I0407 05:53:31.273217 83187 /home/zyh/braft/src/braft/node.cpp:121] random_timeout function changed!
I0407 05:53:31.273287 83187 /home/zyh/braft/src/braft/node.cpp:129] node2 got timeout value: 5095
W0407 05:53:32.974968 83365 /home/zyh/braft/src/braft/node.cpp:1475] node Atomic:127.0.1.1:8303:0 request PreVote from 127.0.1.1:8304:0 error: [E1008]Reached timeout=5000ms @127.0.1.1:8304
I0407 05:53:33.025193 83372 /home/zyh/braft/src/braft/node.cpp:1495] node Atomic:127.0.1.1:8303:0 term 20 start pre_vote
I0407 05:53:33.025340 83372 /home/zyh/braft/src/braft/node.cpp:121] random_timeout function changed!
I0407 05:53:33.025351 83372 /home/zyh/braft/src/braft/node.cpp:129] node2 got timeout value: 5123
W0407 05:53:33.091502 83366 /home/zyh/braft/src/braft/node.cpp:1436] node Atomic:127.0.1.1:8303:0 received invalid PreVoteResponse from 127.0.1.1:8304:0 term 21 expect 20
I0407 05:53:33.092111 83366 /home/zyh/braft/src/braft/raft_meta.cpp:546] Saved single stable meta, path ./data2/raft_meta term 21 votedfor 0.0.0.0:0:0 time: 588
I0407 05:53:34.292213 83525 /home/zyh/braft/src/braft/node.cpp:2049] node Atomic:127.0.1.1:8303:0 received RequestVote from 127.0.1.1:8305:0 in term 22 current_term 21
I0407 05:53:34.294694 83525 /home/zyh/braft/src/braft/raft_meta.cpp:546] Saved single stable meta, path ./data2/raft_meta term 22 votedfor 0.0.0.0:0:0 time: 2311
I0407 05:53:34.298479 83186 /home/zyh/braft/example/atomic/server.cpp:318] Node stops following { leader_id=127.0.1.1:8305:0, term=20, status=Raft node receives message from new leader with higher term.}
I0407 05:53:34.298674 83188 /home/zyh/braft/src/braft/snapshot_executor.cpp:617] node Atomic:127.0.1.1:8303:0 Trying to cancel downloading snapshot : group_id: "Atomic" server_id: "127.0.1.1:8305:0" peer_id: "127.0.1.1:8303:0" term: 20 meta { last_included_index: 13 last_included_term: 16 peers: "127.0.1.1:8304:0" peers: "127.0.1.1:8305:0" peers: "127.0.1.1:8303:0" } uri: "remote://127.0.1.1:8305/2935431456923482387"
