I0417 12:13:18.182221 108309 /home/zyh/incubator-brpc/src/brpc/server.cpp:1046] Server[braft::RaftStatImpl+braft::FileServiceImpl+braft::RaftServiceImpl+braft::CliServiceImpl+example::AtomicServiceImpl] is serving on port=8300.
I0417 12:13:18.183073 108309 /home/zyh/incubator-brpc/src/brpc/server.cpp:1049] Check out http://virtual:8300 in web browser.
I0417 12:13:18.190784 108309 /home/zyh/braft/src/braft/log.cpp:674] Use crc32c as the checksum type of appending entries
W0417 12:13:18.190912 108309 /home/zyh/braft/src/braft/protobuf_file.cpp:91] open file failed, path: ./data0/log/log_meta: FILE_ERROR_NOT_FOUND
W0417 12:13:18.190955 108309 /home/zyh/braft/src/braft/log.cpp:685] ./data0/log is empty
I0417 12:13:18.191751 108309 /home/zyh/braft/src/braft/log.cpp:1136] log save_meta ./data0/log/log_meta first_log_index: 1 time: 707
W0417 12:13:18.191916 108309 /home/zyh/braft/src/braft/protobuf_file.cpp:91] open file failed, path: ./data0/raft_meta/raft_meta: FILE_ERROR_NOT_FOUND
I0417 12:13:18.192084 108309 /home/zyh/braft/src/braft/raft_meta.cpp:521] Loaded single stable meta, path ./data0/raft_meta term 1 votedfor 0.0.0.0:0:0 time: 53
I0417 12:13:18.192339 108309 /home/zyh/braft/src/braft/snapshot.cpp:460] Deleting ./data0/snapshot/temp
W0417 12:13:18.192521 108309 /home/zyh/braft/src/braft/protobuf_file.cpp:91] open file failed, path: ./data0/raft_meta/raft_meta: FILE_ERROR_NOT_FOUND
I0417 12:13:18.192565 108309 /home/zyh/braft/src/braft/raft_meta.cpp:521] Loaded single stable meta, path ./data0/raft_meta term 1 votedfor 0.0.0.0:0:0 time: 50
I0417 12:13:18.192652 108309 /home/zyh/braft/src/braft/node.cpp:587] node Atomic:127.0.1.1:8300:0 init, term: 1 last_log_id: (index=0,term=0) conf: 127.0.1.1:8300:0,127.0.1.1:8301:0,127.0.1.1:8302:0 old_conf: 
I0417 12:13:18.192782 108309 /home/zyh/braft/src/braft/node.cpp:121] random_timeout function changed!
I0417 12:13:18.192811 108309 /home/zyh/braft/src/braft/node.cpp:129] node0 got timeout value: 5186
I0417 12:13:18.193165 108309 /home/zyh/braft/example/atomic/server.cpp:518] Atomic service is running on 0.0.0.0:8300
I0417 12:13:20.558012 108340 /home/zyh/braft/src/braft/node.cpp:922] node Atomic:127.0.1.1:8300:0 starts to do snapshot
I0417 12:13:20.558081 108340 /home/zyh/braft/src/braft/snapshot_executor.cpp:154] node Atomic:127.0.1.1:8300:0 the gap between fsm applied index 0 and last_snapshot_index 0 is less than 1, will clear bufferred logs and return success
I0417 12:13:23.380113 108343 /home/zyh/braft/src/braft/node.cpp:121] random_timeout function changed!
I0417 12:13:23.380327 108343 /home/zyh/braft/src/braft/node.cpp:129] node0 got timeout value: 5048
I0417 12:13:27.425398 108436 /home/zyh/incubator-brpc/src/brpc/server.cpp:1046] Server[braft::RaftStatImpl+braft::FileServiceImpl+braft::RaftServiceImpl+braft::CliServiceImpl+example::AtomicServiceImpl] is serving on port=8300.
I0417 12:13:27.425757 108436 /home/zyh/incubator-brpc/src/brpc/server.cpp:1049] Check out http://virtual:8300 in web browser.
I0417 12:13:27.426777 108436 /home/zyh/braft/src/braft/log.cpp:674] Use crc32c as the checksum type of appending entries
I0417 12:13:27.426923 108436 /home/zyh/braft/src/braft/log.cpp:1158] log load_meta ./data0/log/log_meta first_log_index: 1 time: 117
W0417 12:13:27.427073 108436 /home/zyh/braft/src/braft/protobuf_file.cpp:91] open file failed, path: ./data0/raft_meta/raft_meta: FILE_ERROR_NOT_FOUND
I0417 12:13:27.427175 108436 /home/zyh/braft/src/braft/raft_meta.cpp:521] Loaded single stable meta, path ./data0/raft_meta term 1 votedfor 0.0.0.0:0:0 time: 49
I0417 12:13:27.427327 108436 /home/zyh/braft/src/braft/snapshot.cpp:460] Deleting ./data0/snapshot/temp
W0417 12:13:27.427463 108436 /home/zyh/braft/src/braft/protobuf_file.cpp:91] open file failed, path: ./data0/raft_meta/raft_meta: FILE_ERROR_NOT_FOUND
I0417 12:13:27.427486 108436 /home/zyh/braft/src/braft/raft_meta.cpp:521] Loaded single stable meta, path ./data0/raft_meta term 1 votedfor 0.0.0.0:0:0 time: 25
I0417 12:13:27.427552 108436 /home/zyh/braft/src/braft/node.cpp:587] node Atomic:127.0.1.1:8300:0 init, term: 1 last_log_id: (index=0,term=0) conf: 127.0.1.1:8300:0,127.0.1.1:8301:0,127.0.1.1:8302:0 old_conf: 
I0417 12:13:27.427695 108436 /home/zyh/braft/src/braft/node.cpp:121] random_timeout function changed!
I0417 12:13:27.427716 108436 /home/zyh/braft/src/braft/node.cpp:129] node0 got timeout value: 5193
I0417 12:13:27.427969 108436 /home/zyh/braft/example/atomic/server.cpp:518] Atomic service is running on 0.0.0.0:8300
I0417 12:13:28.376375 108453 /home/zyh/braft/src/braft/node.cpp:2009] node Atomic:127.0.1.1:8300:0 received PreVote from 127.0.1.1:8301:0 in term 2 current_term 1 granted 1
I0417 12:13:28.384189 108456 /home/zyh/braft/src/braft/node.cpp:2049] node Atomic:127.0.1.1:8300:0 received RequestVote from 127.0.1.1:8301:0 in term 2 current_term 1
I0417 12:13:28.393677 108456 /home/zyh/braft/src/braft/raft_meta.cpp:546] Saved single stable meta, path ./data0/raft_meta term 2 votedfor 0.0.0.0:0:0 time: 8724
I0417 12:13:28.403129 108456 /home/zyh/braft/src/braft/raft_meta.cpp:546] Saved single stable meta, path ./data0/raft_meta term 2 votedfor 127.0.1.1:8301:0 time: 8977
I0417 12:13:28.403487 108453 /home/zyh/braft/src/braft/node.cpp:2009] node Atomic:127.0.1.1:8300:0 received PreVote from 127.0.1.1:8302:0 in term 2 current_term 2 granted 1
I0417 12:13:28.412719 108329 /home/zyh/braft/src/braft/raft_meta.cpp:546] Saved single stable meta, path ./data0/raft_meta term 2 votedfor 0.0.0.0:0:0 time: 4590
I0417 12:13:28.414455 108350 /home/zyh/braft/example/atomic/server.cpp:321] Node start following { leader_id=127.0.1.1:8301:0, term=2, status=Raft node receives message from new leader with higher term.}
I0417 12:13:28.416203 108345 /home/zyh/braft/src/braft/log.cpp:108] Created new segment `./data0/log/log_inprogress_00000000000000000001' with fd=10
I0417 12:13:28.429457 108348 /home/zyh/braft/src/braft/node.cpp:121] random_timeout function changed!
I0417 12:13:28.429682 108348 /home/zyh/braft/src/braft/node.cpp:129] node0 got timeout value: 5214
I0417 12:13:28.907960 108336 /home/zyh/braft/example/atomic/server.cpp:315] Configuration of this group is 127.0.1.1:8300:0,127.0.1.1:8301:0,127.0.1.1:8302:0
I0417 12:13:32.475612 108467 /home/zyh/braft/src/braft/node.cpp:922] node Atomic:127.0.1.1:8300:0 starts to do snapshot
I0417 12:13:32.475994 108467 /home/zyh/braft/src/braft/snapshot_executor.cpp:154] node Atomic:127.0.1.1:8300:0 the gap between fsm applied index 0 and last_snapshot_index 0 is less than 1, will clear bufferred logs and return success
I0417 12:13:32.621692 108450 /home/zyh/braft/src/braft/node.cpp:121] random_timeout function changed!
I0417 12:13:32.621825 108450 /home/zyh/braft/src/braft/node.cpp:129] node0 got timeout value: 5127
==108436==WARNING: ASan is ignoring requested __asan_handle_no_return: stack top: 0x7ff43b829d00; bottom 0x7ff435b32000; size: 0x000005cf7d00 (97484032)
False positive error reports may follow
For details see https://github.com/google/sanitizers/issues/189
I0417 12:13:33.645040 108333 /home/zyh/braft/src/braft/node.cpp:121] random_timeout function changed!
I0417 12:13:33.645203 108333 /home/zyh/braft/src/braft/node.cpp:129] node0 got timeout value: 5203
==108309==WARNING: ASan is ignoring requested __asan_handle_no_return: stack top: 0x7f0d59554d00; bottom 0x7f0d53ba3000; size: 0x0000059b1d00 (94051584)
False positive error reports may follow
For details see https://github.com/google/sanitizers/issues/189
W0417 12:13:36.929976 108453 /home/zyh/braft/src/braft/node.cpp:2317] node Atomic:127.0.1.1:8300:0 reject term_unmatched AppendEntries from 127.0.1.1:8301:0 in term 2 prev_log_index 1 prev_log_term 2 local_prev_log_term 0 last_log_index 0 entries_size 0 from_append_entries_cache: 0
I0417 12:13:36.930539 108456 /home/zyh/braft/example/atomic/server.cpp:321] Node start following { leader_id=127.0.1.1:8301:0, term=2, status=Follower receives message from new leader with the same term.}
W0417 12:13:37.431213 108459 /home/zyh/braft/src/braft/node.cpp:2317] node Atomic:127.0.1.1:8300:0 reject term_unmatched AppendEntries from 127.0.1.1:8301:0 in term 2 prev_log_index 1 prev_log_term 2 local_prev_log_term 0 last_log_index 0 entries_size 0 from_append_entries_cache: 0
I0417 12:13:37.709146 108456 /home/zyh/braft/src/braft/node.cpp:2009] node Atomic:127.0.1.1:8300:0 received PreVote from 127.0.1.1:8301:0 in term 2 current_term 2 granted 1
I0417 12:13:37.749729 108467 /home/zyh/braft/src/braft/node.cpp:121] random_timeout function changed!
I0417 12:13:37.749765 108467 /home/zyh/braft/src/braft/node.cpp:129] node0 got timeout value: 5052
I0417 12:13:37.823583 108453 /home/zyh/braft/src/braft/node.cpp:2009] node Atomic:127.0.1.1:8300:0 received PreVote from 127.0.1.1:8302:0 in term 2 current_term 2 granted 1
W0417 12:13:37.932723 108459 /home/zyh/braft/src/braft/node.cpp:2317] node Atomic:127.0.1.1:8300:0 reject term_unmatched AppendEntries from 127.0.1.1:8301:0 in term 2 prev_log_index 1 prev_log_term 2 local_prev_log_term 0 last_log_index 0 entries_size 0 from_append_entries_cache: 0
I0417 12:13:42.802060 108450 /home/zyh/braft/src/braft/node.cpp:121] random_timeout function changed!
I0417 12:13:42.802085 108450 /home/zyh/braft/src/braft/node.cpp:129] node0 got timeout value: 5236
I0417 12:13:42.881023 108456 /home/zyh/braft/src/braft/node.cpp:2009] node Atomic:127.0.1.1:8300:0 received PreVote from 127.0.1.1:8301:0 in term 3 current_term 2 granted 1
I0417 12:13:42.881697 108454 /home/zyh/braft/src/braft/node.cpp:2049] node Atomic:127.0.1.1:8300:0 received RequestVote from 127.0.1.1:8301:0 in term 3 current_term 2
I0417 12:13:42.881994 108464 /home/zyh/braft/example/atomic/server.cpp:318] Node stops following { leader_id=127.0.1.1:8301:0, term=2, status=Raft node receives higher term request_vote_request.}
I0417 12:13:42.882249 108454 /home/zyh/braft/src/braft/raft_meta.cpp:546] Saved single stable meta, path ./data0/raft_meta term 3 votedfor 0.0.0.0:0:0 time: 455
I0417 12:13:42.891087 108454 /home/zyh/braft/src/braft/raft_meta.cpp:546] Saved single stable meta, path ./data0/raft_meta term 3 votedfor 127.0.1.1:8301:0 time: 8757
I0417 12:13:42.891890 108459 /home/zyh/braft/example/atomic/server.cpp:321] Node start following { leader_id=127.0.1.1:8301:0, term=3, status=Follower receives message from new leader with the same term.}
I0417 12:13:42.892618 108459 /home/zyh/braft/src/braft/log.cpp:108] Created new segment `./data0/log/log_inprogress_00000000000000000001' with fd=10
I0417 12:13:42.908685 108459 /home/zyh/braft/example/atomic/server.cpp:315] Configuration of this group is 127.0.1.1:8300:0,127.0.1.1:8301:0,127.0.1.1:8302:0
I0417 12:13:42.941877 108453 /home/zyh/braft/src/braft/node.cpp:1992] node Atomic:127.0.1.1:8300:0 ignore PreVote from 127.0.1.1:8302:0 in term 2 current_term 3 votable_time_from_now 0
I0417 12:13:46.707857 108453 /home/zyh/braft/src/braft/node.cpp:2009] node Atomic:127.0.1.1:8300:0 received PreVote from 127.0.1.1:8301:0 in term 3 current_term 3 granted 0
I0417 12:13:47.937735 108456 /home/zyh/braft/src/braft/node.cpp:2009] node Atomic:127.0.1.1:8300:0 received PreVote from 127.0.1.1:8302:0 in term 4 current_term 3 granted 0
I0417 12:13:48.038553 108467 /home/zyh/braft/src/braft/node.cpp:121] random_timeout function changed!
I0417 12:13:48.038678 108467 /home/zyh/braft/src/braft/node.cpp:129] node0 got timeout value: 5059
I0417 12:13:51.884748 108454 /home/zyh/braft/src/braft/node.cpp:2009] node Atomic:127.0.1.1:8300:0 received PreVote from 127.0.1.1:8301:0 in term 4 current_term 3 granted 0
I0417 12:13:51.897143 108454 /home/zyh/braft/src/braft/node.cpp:2049] node Atomic:127.0.1.1:8300:0 received RequestVote from 127.0.1.1:8301:0 in term 4 current_term 3
I0417 12:13:51.898249 108468 /home/zyh/braft/example/atomic/server.cpp:318] Node stops following { leader_id=127.0.1.1:8301:0, term=3, status=Raft node receives higher term request_vote_request.}
I0417 12:13:51.899660 108454 /home/zyh/braft/src/braft/raft_meta.cpp:546] Saved single stable meta, path ./data0/raft_meta term 4 votedfor 0.0.0.0:0:0 time: 2114
W0417 12:13:51.913012 108454 /home/zyh/braft/src/braft/node.cpp:2246] node Atomic:127.0.1.1:8300:0 ignore stale AppendEntries from 127.0.1.1:8301:0 in term 3 current_term 4
I0417 12:13:52.822986 108454 /home/zyh/braft/src/braft/node.cpp:1992] node Atomic:127.0.1.1:8300:0 ignore PreVote from 127.0.1.1:8302:0 in term 3 current_term 4 votable_time_from_now 0
I0417 12:13:53.098449 108450 /home/zyh/braft/src/braft/node.cpp:121] random_timeout function changed!
I0417 12:13:53.098511 108450 /home/zyh/braft/src/braft/node.cpp:129] node0 got timeout value: 5006
I0417 12:13:53.160467 108454 /home/zyh/braft/src/braft/node.cpp:2009] node Atomic:127.0.1.1:8300:0 received PreVote from 127.0.1.1:8302:0 in term 5 current_term 4 granted 0
I0417 12:13:57.140310 108464 /home/zyh/braft/src/braft/node.cpp:2009] node Atomic:127.0.1.1:8300:0 received PreVote from 127.0.1.1:8301:0 in term 5 current_term 4 granted 1
I0417 12:13:57.144829 108468 /home/zyh/braft/src/braft/node.cpp:2049] node Atomic:127.0.1.1:8300:0 received RequestVote from 127.0.1.1:8301:0 in term 5 current_term 4
I0417 12:13:57.148614 108468 /home/zyh/braft/src/braft/raft_meta.cpp:546] Saved single stable meta, path ./data0/raft_meta term 5 votedfor 0.0.0.0:0:0 time: 3358
I0417 12:13:57.158664 108468 /home/zyh/braft/src/braft/raft_meta.cpp:546] Saved single stable meta, path ./data0/raft_meta term 5 votedfor 127.0.1.1:8301:0 time: 9197
I0417 12:13:57.162582 108456 /home/zyh/braft/example/atomic/server.cpp:321] Node start following { leader_id=127.0.1.1:8301:0, term=5, status=Follower receives message from new leader with the same term.}
I0417 12:13:57.661776 108453 /home/zyh/braft/example/atomic/server.cpp:315] Configuration of this group is 127.0.1.1:8300:0,127.0.1.1:8301:0,127.0.1.1:8302:0
I0417 12:13:57.973796 108456 /home/zyh/braft/src/braft/node.cpp:2009] node Atomic:127.0.1.1:8300:0 received PreVote from 127.0.1.1:8302:0 in term 5 current_term 5 granted 0
I0417 12:13:58.049178 108453 /home/zyh/braft/src/braft/node.cpp:2009] node Atomic:127.0.1.1:8300:0 received PreVote from 127.0.1.1:8301:0 in term 5 current_term 5 granted 0
I0417 12:13:58.104940 108467 /home/zyh/braft/src/braft/node.cpp:121] random_timeout function changed!
I0417 12:13:58.105007 108467 /home/zyh/braft/src/braft/node.cpp:129] node0 got timeout value: 5013
I0417 12:14:02.476721 108450 /home/zyh/braft/src/braft/node.cpp:922] node Atomic:127.0.1.1:8300:0 starts to do snapshot
I0417 12:14:02.481192 108450 /home/zyh/braft/src/braft/snapshot.cpp:638] Deleting ./data0/snapshot/snapshot_00000000000000000006
I0417 12:14:02.481288 108450 /home/zyh/braft/src/braft/snapshot.cpp:644] Renaming ./data0/snapshot/temp to ./data0/snapshot/snapshot_00000000000000000006
I0417 12:14:02.481552 108450 /home/zyh/braft/src/braft/snapshot_executor.cpp:234] node Atomic:127.0.1.1:8300:0 snapshot_save_done, last_included_index=6 last_included_term=5
I0417 12:14:03.020902 108456 /home/zyh/braft/src/braft/node.cpp:2009] node Atomic:127.0.1.1:8300:0 received PreVote from 127.0.1.1:8302:0 in term 6 current_term 5 granted 0
I0417 12:14:03.118659 108467 /home/zyh/braft/src/braft/node.cpp:121] random_timeout function changed!
I0417 12:14:03.118796 108467 /home/zyh/braft/src/braft/node.cpp:129] node0 got timeout value: 5127
I0417 12:14:03.261866 108453 /home/zyh/braft/src/braft/node.cpp:2009] node Atomic:127.0.1.1:8300:0 received PreVote from 127.0.1.1:8301:0 in term 6 current_term 5 granted 0
I0417 12:14:08.176287 108456 /home/zyh/braft/src/braft/node.cpp:2009] node Atomic:127.0.1.1:8300:0 received PreVote from 127.0.1.1:8302:0 in term 6 current_term 5 granted 0
I0417 12:14:08.246428 108450 /home/zyh/braft/src/braft/node.cpp:121] random_timeout function changed!
I0417 12:14:08.246451 108450 /home/zyh/braft/src/braft/node.cpp:129] node0 got timeout value: 5184
I0417 12:14:08.412859 108453 /home/zyh/braft/src/braft/node.cpp:2009] node Atomic:127.0.1.1:8300:0 received PreVote from 127.0.1.1:8301:0 in term 6 current_term 5 granted 0
I0417 12:14:08.471184 108459 /home/zyh/braft/src/braft/node.cpp:2049] node Atomic:127.0.1.1:8300:0 received RequestVote from 127.0.1.1:8301:0 in term 6 current_term 5
I0417 12:14:08.471772 108453 /home/zyh/braft/example/atomic/server.cpp:318] Node stops following { leader_id=127.0.1.1:8301:0, term=5, status=Raft node receives higher term request_vote_request.}
I0417 12:14:08.480907 108459 /home/zyh/braft/src/braft/raft_meta.cpp:546] Saved single stable meta, path ./data0/raft_meta term 6 votedfor 0.0.0.0:0:0 time: 9176
I0417 12:14:08.508466 108453 /home/zyh/braft/example/atomic/server.cpp:321] Node start following { leader_id=127.0.1.1:8301:0, term=6, status=Follower receives message from new leader with the same term.}
W0417 12:14:08.508470 108459 /home/zyh/braft/src/braft/node.cpp:2317] node Atomic:127.0.1.1:8300:0 reject term_unmatched AppendEntries from 127.0.1.1:8301:0 in term 6 prev_log_index 1 prev_log_term 2 local_prev_log_term 3 last_log_index 6 entries_size 0 from_append_entries_cache: 0
W0417 12:14:08.563648 108453 /home/zyh/braft/src/braft/log_manager.cpp:358] Received entries of which the last_log=2 is not greater than _applied_index=6, return immediately with nothing changed
W0417 12:14:08.699175 108459 /home/zyh/braft/src/braft/node.cpp:2246] node Atomic:127.0.1.1:8300:0 ignore stale AppendEntries from 127.0.1.1:8301:0 in term 5 current_term 6
W0417 12:14:09.007933 108453 /home/zyh/braft/src/braft/node.cpp:2317] node Atomic:127.0.1.1:8300:0 reject term_unmatched AppendEntries from 127.0.1.1:8301:0 in term 6 prev_log_index 2 prev_log_term 6 local_prev_log_term 3 last_log_index 6 entries_size 0 from_append_entries_cache: 0
W0417 12:14:09.176576 108459 /home/zyh/braft/src/braft/node.cpp:2317] node Atomic:127.0.1.1:8300:0 reject term_unmatched AppendEntries from 127.0.1.1:8301:0 in term 6 prev_log_index 2 prev_log_term 6 local_prev_log_term 3 last_log_index 6 entries_size 1 from_append_entries_cache: 0
W0417 12:14:09.176987 108456 /home/zyh/braft/src/braft/node.cpp:2317] node Atomic:127.0.1.1:8300:0 reject term_unmatched AppendEntries from 127.0.1.1:8301:0 in term 6 prev_log_index 1 prev_log_term 2 local_prev_log_term 3 last_log_index 6 entries_size 0 from_append_entries_cache: 0
I0417 12:14:09.181702 108830 /home/zyh/incubator-brpc/src/brpc/server.cpp:1046] Server[braft::RaftStatImpl+braft::FileServiceImpl+braft::RaftServiceImpl+braft::CliServiceImpl+example::AtomicServiceImpl] is serving on port=8300.
I0417 12:14:09.182907 108830 /home/zyh/incubator-brpc/src/brpc/server.cpp:1049] Check out http://virtual:8300 in web browser.
I0417 12:14:09.185151 108830 /home/zyh/braft/src/braft/log.cpp:674] Use crc32c as the checksum type of appending entries
I0417 12:14:09.185320 108830 /home/zyh/braft/src/braft/log.cpp:1158] log load_meta ./data0/log/log_meta first_log_index: 1 time: 122
I0417 12:14:09.185442 108830 /home/zyh/braft/src/braft/log.cpp:1098] load open segment, path: ./data0/log first_index: 1
I0417 12:14:09.185963 108830 /home/zyh/braft/src/braft/raft_meta.cpp:521] Loaded single stable meta, path ./data0/raft_meta term 6 votedfor 0.0.0.0:0:0 time: 52
I0417 12:14:09.186107 108830 /home/zyh/braft/src/braft/snapshot.cpp:460] Deleting ./data0/snapshot/temp
I0417 12:14:09.186808 108843 /home/zyh/braft/example/atomic/server.cpp:315] Configuration of this group is 127.0.1.1:8300:0,127.0.1.1:8301:0,127.0.1.1:8302:0
I0417 12:14:09.186966 108843 /home/zyh/braft/src/braft/snapshot_executor.cpp:264] node Atomic:127.0.1.1:8300:0 snapshot_load_done, last_included_index: 6 last_included_term: 5 peers: "127.0.1.1:8300:0" peers: "127.0.1.1:8301:0" peers: "127.0.1.1:8302:0"
I0417 12:14:09.187172 108830 /home/zyh/braft/src/braft/raft_meta.cpp:521] Loaded single stable meta, path ./data0/raft_meta term 6 votedfor 0.0.0.0:0:0 time: 42
I0417 12:14:09.187221 108830 /home/zyh/braft/src/braft/node.cpp:587] node Atomic:127.0.1.1:8300:0 init, term: 6 last_log_id: (index=6,term=5) conf: 127.0.1.1:8300:0,127.0.1.1:8301:0,127.0.1.1:8302:0 old_conf: 
I0417 12:14:09.187281 108830 /home/zyh/braft/src/braft/node.cpp:121] random_timeout function changed!
I0417 12:14:09.187304 108830 /home/zyh/braft/src/braft/node.cpp:129] node0 got timeout value: 5193
I0417 12:14:09.187547 108830 /home/zyh/braft/example/atomic/server.cpp:518] Atomic service is running on 0.0.0.0:8300
W0417 12:14:09.188593 108459 /home/zyh/braft/src/braft/log_manager.cpp:358] Received entries of which the last_log=3 is not greater than _applied_index=6, return immediately with nothing changed
W0417 12:14:09.509985 108456 /home/zyh/braft/src/braft/node.cpp:2317] node Atomic:127.0.1.1:8300:0 reject term_unmatched AppendEntries from 127.0.1.1:8301:0 in term 6 prev_log_index 3 prev_log_term 6 local_prev_log_term 3 last_log_index 6 entries_size 0 from_append_entries_cache: 0
W0417 12:14:10.011985 108453 /home/zyh/braft/src/braft/node.cpp:2317] node Atomic:127.0.1.1:8300:0 reject term_unmatched AppendEntries from 127.0.1.1:8301:0 in term 6 prev_log_index 3 prev_log_term 6 local_prev_log_term 3 last_log_index 6 entries_size 0 from_append_entries_cache: 0
W0417 12:14:10.513782 108459 /home/zyh/braft/src/braft/node.cpp:2317] node Atomic:127.0.1.1:8300:0 reject term_unmatched AppendEntries from 127.0.1.1:8301:0 in term 6 prev_log_index 3 prev_log_term 6 local_prev_log_term 3 last_log_index 6 entries_size 0 from_append_entries_cache: 0
W0417 12:14:11.015687 108456 /home/zyh/braft/src/braft/node.cpp:2317] node Atomic:127.0.1.1:8300:0 reject term_unmatched AppendEntries from 127.0.1.1:8301:0 in term 6 prev_log_index 3 prev_log_term 6 local_prev_log_term 3 last_log_index 6 entries_size 0 from_append_entries_cache: 0
I0417 12:14:11.415810 108852 /home/zyh/braft/src/braft/node.cpp:2009] node Atomic:127.0.1.1:8300:0 received PreVote from 127.0.1.1:8301:0 in term 6 current_term 6 granted 1
W0417 12:14:11.517747 108453 /home/zyh/braft/src/braft/node.cpp:2317] node Atomic:127.0.1.1:8300:0 reject term_unmatched AppendEntries from 127.0.1.1:8301:0 in term 6 prev_log_index 3 prev_log_term 6 local_prev_log_term 3 last_log_index 6 entries_size 0 from_append_entries_cache: 0
W0417 12:14:12.019729 108459 /home/zyh/braft/src/braft/node.cpp:2317] node Atomic:127.0.1.1:8300:0 reject term_unmatched AppendEntries from 127.0.1.1:8301:0 in term 6 prev_log_index 3 prev_log_term 6 local_prev_log_term 3 last_log_index 6 entries_size 0 from_append_entries_cache: 0
W0417 12:14:12.521529 108456 /home/zyh/braft/src/braft/node.cpp:2317] node Atomic:127.0.1.1:8300:0 reject term_unmatched AppendEntries from 127.0.1.1:8301:0 in term 6 prev_log_index 3 prev_log_term 6 local_prev_log_term 3 last_log_index 6 entries_size 0 from_append_entries_cache: 0
W0417 12:14:13.023702 108453 /home/zyh/braft/src/braft/node.cpp:2317] node Atomic:127.0.1.1:8300:0 reject term_unmatched AppendEntries from 127.0.1.1:8301:0 in term 6 prev_log_index 3 prev_log_term 6 local_prev_log_term 3 last_log_index 6 entries_size 0 from_append_entries_cache: 0
I0417 12:14:13.430748 108450 /home/zyh/braft/src/braft/node.cpp:121] random_timeout function changed!
I0417 12:14:13.430787 108450 /home/zyh/braft/src/braft/node.cpp:129] node0 got timeout value: 5176
W0417 12:14:13.525731 108459 /home/zyh/braft/src/braft/node.cpp:2317] node Atomic:127.0.1.1:8300:0 reject term_unmatched AppendEntries from 127.0.1.1:8301:0 in term 6 prev_log_index 3 prev_log_term 6 local_prev_log_term 3 last_log_index 6 entries_size 0 from_append_entries_cache: 0
I0417 12:14:13.830531 108456 /home/zyh/braft/src/braft/node.cpp:2009] node Atomic:127.0.1.1:8300:0 received PreVote from 127.0.1.1:8301:0 in term 7 current_term 6 granted 1
I0417 12:14:13.833482 108456 /home/zyh/braft/src/braft/node.cpp:2049] node Atomic:127.0.1.1:8300:0 received RequestVote from 127.0.1.1:8301:0 in term 7 current_term 6
I0417 12:14:13.834180 108459 /home/zyh/braft/example/atomic/server.cpp:318] Node stops following { leader_id=127.0.1.1:8301:0, term=6, status=Raft node receives higher term request_vote_request.}
I0417 12:14:13.836258 108456 /home/zyh/braft/src/braft/raft_meta.cpp:546] Saved single stable meta, path ./data0/raft_meta term 7 votedfor 0.0.0.0:0:0 time: 2476
I0417 12:14:13.846343 108456 /home/zyh/braft/src/braft/raft_meta.cpp:546] Saved single stable meta, path ./data0/raft_meta term 7 votedfor 127.0.1.1:8301:0 time: 9849
I0417 12:14:13.856714 108843 /home/zyh/braft/src/braft/raft_meta.cpp:546] Saved single stable meta, path ./data0/raft_meta term 7 votedfor 0.0.0.0:0:0 time: 7096
I0417 12:14:13.858470 108838 /home/zyh/braft/example/atomic/server.cpp:321] Node start following { leader_id=127.0.1.1:8301:0, term=7, status=Raft node receives message from new leader with higher term.}
W0417 12:14:14.027497 108453 /home/zyh/braft/src/braft/node.cpp:2246] node Atomic:127.0.1.1:8300:0 ignore stale AppendEntries from 127.0.1.1:8301:0 in term 6 current_term 7
I0417 12:14:14.349629 108838 /home/zyh/braft/example/atomic/server.cpp:315] Configuration of this group is 127.0.1.1:8300:0,127.0.1.1:8301:0,127.0.1.1:8302:0
I0417 12:14:14.381262 108846 /home/zyh/braft/src/braft/node.cpp:121] random_timeout function changed!
I0417 12:14:14.381373 108846 /home/zyh/braft/src/braft/node.cpp:129] node0 got timeout value: 5127
I0417 12:14:16.590342 108453 /home/zyh/braft/src/braft/node.cpp:2009] node Atomic:127.0.1.1:8300:0 received PreVote from 127.0.1.1:8301:0 in term 7 current_term 7 granted 1
