symbol_init success!
node_id is : 4
I1020 17:36:39.676408  7084 /home/zyh/Desktop/incubator-brpc/src/brpc/server.cpp:1046] Server[braft::RaftStatImpl+braft::FileServiceImpl+braft::RaftServiceImpl+braft::CliServiceImpl+example::AtomicServiceImpl] is serving on port=8304.
I1020 17:36:39.676708  7084 /home/zyh/Desktop/incubator-brpc/src/brpc/server.cpp:1049] Check out http://pc:8304 in web browser.
I1020 17:36:39.677838  7084 /home/zyh/braft/src/braft/log.cpp:674] Use crc32c as the checksum type of appending entries
W1020 17:36:39.677956  7084 /home/zyh/braft/src/braft/protobuf_file.cpp:91] open file failed, path: ./data4/log/log_meta: FILE_ERROR_NOT_FOUND
W1020 17:36:39.678185  7084 /home/zyh/braft/src/braft/log.cpp:685] ./data4/log is empty
I1020 17:36:39.692851  7084 /home/zyh/braft/src/braft/log.cpp:1136] log save_meta ./data4/log/log_meta first_log_index: 1 time: 14594
W1020 17:36:39.692984  7084 /home/zyh/braft/src/braft/protobuf_file.cpp:91] open file failed, path: ./data4/raft_meta/raft_meta: FILE_ERROR_NOT_FOUND
I1020 17:36:39.693069  7084 /home/zyh/braft/src/braft/raft_meta.cpp:521] Loaded single stable meta, path ./data4/raft_meta term 1 votedfor 0.0.0.0:0:0 time: 30
I1020 17:36:39.693189  7084 /home/zyh/braft/src/braft/snapshot.cpp:460] Deleting ./data4/snapshot/temp
W1020 17:36:39.693302  7084 /home/zyh/braft/src/braft/protobuf_file.cpp:91] open file failed, path: ./data4/raft_meta/raft_meta: FILE_ERROR_NOT_FOUND
I1020 17:36:39.693323  7084 /home/zyh/braft/src/braft/raft_meta.cpp:521] Loaded single stable meta, path ./data4/raft_meta term 1 votedfor 0.0.0.0:0:0 time: 24
I1020 17:36:39.693381  7084 /home/zyh/braft/src/braft/node.cpp:587] node Atomic:127.0.1.1:8304:0 init, term: 1 last_log_id: (index=0,term=0) conf: 127.0.1.1:8300:0,127.0.1.1:8301:0,127.0.1.1:8302:0,127.0.1.1:8303:0,127.0.1.1:8304:0 old_conf: 
I1020 17:36:39.693531  7084 /home/zyh/braft/example/atomic/server.cpp:518] Atomic service is running on 0.0.0.0:8304
I1020 17:36:40.878578  7123 /home/zyh/braft/src/braft/node.cpp:2009] node Atomic:127.0.1.1:8304:0 received PreVote from 127.0.1.1:8300:0 in term 2 current_term 1 granted 1
[33mYou are running in a fuzzing environment[0m
I1020 17:36:40.879921  7115 /home/zyh/braft/src/braft/node.cpp:2049] node Atomic:127.0.1.1:8304:0 received RequestVote from 127.0.1.1:8300:0 in term 2 current_term 1
I1020 17:36:40.898242  7115 /home/zyh/braft/src/braft/raft_meta.cpp:546] Saved single stable meta, path ./data4/raft_meta term 2 votedfor 0.0.0.0:0:0 time: 17956
I1020 17:36:40.900793  7115 /home/zyh/braft/src/braft/raft_meta.cpp:546] Saved single stable meta, path ./data4/raft_meta term 2 votedfor 127.0.1.1:8300:0 time: 2488
I1020 17:36:40.908080  7150 /home/zyh/braft/example/atomic/server.cpp:321] Node start following { leader_id=127.0.1.1:8300:0, term=2, status=Follower receives message from new leader with the same term.}
I1020 17:36:40.909215  7150 /home/zyh/braft/src/braft/log.cpp:108] Created new segment `./data4/log/log_inprogress_00000000000000000001' with fd=10
I1020 17:36:40.928072  7164 /home/zyh/braft/example/atomic/server.cpp:315] Configuration of this group is 127.0.1.1:8300:0,127.0.1.1:8301:0,127.0.1.1:8302:0,127.0.1.1:8303:0,127.0.1.1:8304:0
I1020 17:36:42.256677  7158 /home/zyh/braft/src/braft/node.cpp:2009] node Atomic:127.0.1.1:8304:0 received PreVote from 127.0.1.1:8303:0 in term 3 current_term 2 granted 1
I1020 17:36:42.257627  7150 /home/zyh/braft/src/braft/node.cpp:2049] node Atomic:127.0.1.1:8304:0 received RequestVote from 127.0.1.1:8303:0 in term 3 current_term 2
I1020 17:36:42.257690  7115 /home/zyh/braft/example/atomic/server.cpp:318] Node stops following { leader_id=127.0.1.1:8300:0, term=2, status=Raft node receives higher term request_vote_request.}
I1020 17:36:42.263602  7150 /home/zyh/braft/src/braft/raft_meta.cpp:546] Saved single stable meta, path ./data4/raft_meta term 3 votedfor 0.0.0.0:0:0 time: 5908
I1020 17:36:42.275074  7150 /home/zyh/braft/src/braft/raft_meta.cpp:546] Saved single stable meta, path ./data4/raft_meta term 3 votedfor 127.0.1.1:8303:0 time: 11319
I1020 17:36:42.276188  7115 /home/zyh/braft/example/atomic/server.cpp:321] Node start following { leader_id=127.0.1.1:8303:0, term=3, status=Follower receives message from new leader with the same term.}
I1020 17:36:42.296135  7123 /home/zyh/braft/example/atomic/server.cpp:315] Configuration of this group is 127.0.1.1:8300:0,127.0.1.1:8301:0,127.0.1.1:8302:0,127.0.1.1:8303:0,127.0.1.1:8304:0
I1020 17:36:43.606275  7150 /home/zyh/braft/src/braft/node.cpp:2009] node Atomic:127.0.1.1:8304:0 received PreVote from 127.0.1.1:8301:0 in term 4 current_term 3 granted 1
I1020 17:36:43.607058  7115 /home/zyh/braft/src/braft/node.cpp:2049] node Atomic:127.0.1.1:8304:0 received RequestVote from 127.0.1.1:8301:0 in term 4 current_term 3
I1020 17:36:43.607113  7164 /home/zyh/braft/example/atomic/server.cpp:318] Node stops following { leader_id=127.0.1.1:8303:0, term=3, status=Raft node receives higher term request_vote_request.}
I1020 17:36:43.614185  7115 /home/zyh/braft/src/braft/raft_meta.cpp:546] Saved single stable meta, path ./data4/raft_meta term 4 votedfor 0.0.0.0:0:0 time: 7056
I1020 17:36:43.622395  7115 /home/zyh/braft/src/braft/raft_meta.cpp:546] Saved single stable meta, path ./data4/raft_meta term 4 votedfor 127.0.1.1:8301:0 time: 7943
I1020 17:36:43.623678  7158 /home/zyh/braft/example/atomic/server.cpp:321] Node start following { leader_id=127.0.1.1:8301:0, term=4, status=Follower receives message from new leader with the same term.}
I1020 17:36:43.643468  7123 /home/zyh/braft/example/atomic/server.cpp:315] Configuration of this group is 127.0.1.1:8300:0,127.0.1.1:8301:0,127.0.1.1:8302:0,127.0.1.1:8303:0,127.0.1.1:8304:0
I1020 17:36:45.361895  7123 /home/zyh/braft/src/braft/node.cpp:2009] node Atomic:127.0.1.1:8304:0 received PreVote from 127.0.1.1:8302:0 in term 5 current_term 4 granted 1
I1020 17:36:45.592323  7152 /home/zyh/braft/src/braft/node.cpp:1495] node Atomic:127.0.1.1:8304:0 term 4 start pre_vote
I1020 17:36:45.592349  7134 /home/zyh/braft/example/atomic/server.cpp:318] Node stops following { leader_id=127.0.1.1:8301:0, term=4, status=Lost connection from leader 127.0.1.1:8301:0}
I1020 17:36:45.593072  7164 /home/zyh/braft/src/braft/node.cpp:1446] node Atomic:127.0.1.1:8304:0 received PreVoteResponse from 127.0.1.1:8302:0 term 4 granted 1
I1020 17:36:45.702580  7158 /home/zyh/braft/src/braft/node.cpp:2009] node Atomic:127.0.1.1:8304:0 received PreVote from 127.0.1.1:8302:0 in term 5 current_term 4 granted 1
W1020 17:36:45.792813  7134 /home/zyh/braft/src/braft/node.cpp:1475] node Atomic:127.0.1.1:8304:0 request PreVote from 127.0.1.1:8300:0 error: [E1008]Reached timeout=200ms @127.0.1.1:8300
W1020 17:36:45.792883  7152 /home/zyh/braft/src/braft/node.cpp:1475] node Atomic:127.0.1.1:8304:0 request PreVote from 127.0.1.1:8301:0 error: [E1008]Reached timeout=200ms @127.0.1.1:8301
W1020 17:36:45.792923  7134 /home/zyh/braft/src/braft/node.cpp:1475] node Atomic:127.0.1.1:8304:0 request PreVote from 127.0.1.1:8303:0 error: [E1008]Reached timeout=200ms @127.0.1.1:8303
I1020 17:36:45.982012  7152 /home/zyh/braft/src/braft/node.cpp:1495] node Atomic:127.0.1.1:8304:0 term 4 start pre_vote
I1020 17:36:45.982905  7123 /home/zyh/braft/src/braft/node.cpp:1446] node Atomic:127.0.1.1:8304:0 received PreVoteResponse from 127.0.1.1:8302:0 term 4 granted 1
I1020 17:36:46.146480  7150 /home/zyh/braft/src/braft/node.cpp:2009] node Atomic:127.0.1.1:8304:0 received PreVote from 127.0.1.1:8302:0 in term 5 current_term 4 granted 1
W1020 17:36:46.182442  7134 /home/zyh/braft/src/braft/node.cpp:1475] node Atomic:127.0.1.1:8304:0 request PreVote from 127.0.1.1:8300:0 error: [E1008]Reached timeout=200ms @127.0.1.1:8300
W1020 17:36:46.182508  7152 /home/zyh/braft/src/braft/node.cpp:1475] node Atomic:127.0.1.1:8304:0 request PreVote from 127.0.1.1:8301:0 error: [E1008]Reached timeout=200ms @127.0.1.1:8301
W1020 17:36:46.182663  7134 /home/zyh/braft/src/braft/node.cpp:1475] node Atomic:127.0.1.1:8304:0 request PreVote from 127.0.1.1:8303:0 error: [E1008]Reached timeout=200ms @127.0.1.1:8303
I1020 17:36:46.411771  7152 /home/zyh/braft/src/braft/node.cpp:1495] node Atomic:127.0.1.1:8304:0 term 4 start pre_vote
I1020 17:36:46.412485  7164 /home/zyh/braft/src/braft/node.cpp:1446] node Atomic:127.0.1.1:8304:0 received PreVoteResponse from 127.0.1.1:8302:0 term 4 granted 1
I1020 17:36:46.511089  7150 /home/zyh/braft/src/braft/node.cpp:2009] node Atomic:127.0.1.1:8304:0 received PreVote from 127.0.1.1:8302:0 in term 5 current_term 4 granted 1
W1020 17:36:46.612130  7152 /home/zyh/braft/src/braft/node.cpp:1475] node Atomic:127.0.1.1:8304:0 request PreVote from 127.0.1.1:8300:0 error: [E1008]Reached timeout=200ms @127.0.1.1:8300
W1020 17:36:46.612132  7134 /home/zyh/braft/src/braft/node.cpp:1475] node Atomic:127.0.1.1:8304:0 request PreVote from 127.0.1.1:8301:0 error: [E1008]Reached timeout=200ms @127.0.1.1:8301
W1020 17:36:46.612263  7152 /home/zyh/braft/src/braft/node.cpp:1475] node Atomic:127.0.1.1:8304:0 request PreVote from 127.0.1.1:8303:0 error: [E1008]Reached timeout=200ms @127.0.1.1:8303
I1020 17:36:46.842386  7134 /home/zyh/braft/src/braft/node.cpp:1495] node Atomic:127.0.1.1:8304:0 term 4 start pre_vote
I1020 17:36:46.842971  7158 /home/zyh/braft/src/braft/node.cpp:1446] node Atomic:127.0.1.1:8304:0 received PreVoteResponse from 127.0.1.1:8302:0 term 4 granted 1
I1020 17:36:46.848615  7123 /home/zyh/braft/src/braft/node.cpp:2009] node Atomic:127.0.1.1:8304:0 received PreVote from 127.0.1.1:8302:0 in term 5 current_term 4 granted 1
W1020 17:36:47.042737  7134 /home/zyh/braft/src/braft/node.cpp:1475] node Atomic:127.0.1.1:8304:0 request PreVote from 127.0.1.1:8300:0 error: [E1008]Reached timeout=200ms @127.0.1.1:8300
W1020 17:36:47.042737  7152 /home/zyh/braft/src/braft/node.cpp:1475] node Atomic:127.0.1.1:8304:0 request PreVote from 127.0.1.1:8301:0 error: [E1008]Reached timeout=200ms @127.0.1.1:8301
W1020 17:36:47.042861  7134 /home/zyh/braft/src/braft/node.cpp:1475] node Atomic:127.0.1.1:8304:0 request PreVote from 127.0.1.1:8303:0 error: [E1008]Reached timeout=200ms @127.0.1.1:8303
I1020 17:36:47.065984  7152 /home/zyh/braft/src/braft/node.cpp:1495] node Atomic:127.0.1.1:8304:0 term 4 start pre_vote
I1020 17:36:47.066482  7150 /home/zyh/braft/src/braft/node.cpp:1446] node Atomic:127.0.1.1:8304:0 received PreVoteResponse from 127.0.1.1:8302:0 term 4 granted 1
I1020 17:36:47.123127  7123 /home/zyh/braft/src/braft/node.cpp:2009] node Atomic:127.0.1.1:8304:0 received PreVote from 127.0.1.1:8302:0 in term 5 current_term 4 granted 1
W1020 17:36:47.266264  7152 /home/zyh/braft/src/braft/node.cpp:1475] node Atomic:127.0.1.1:8304:0 request PreVote from 127.0.1.1:8300:0 error: [E1008]Reached timeout=200ms @127.0.1.1:8300
W1020 17:36:47.266264  7134 /home/zyh/braft/src/braft/node.cpp:1475] node Atomic:127.0.1.1:8304:0 request PreVote from 127.0.1.1:8301:0 error: [E1008]Reached timeout=200ms @127.0.1.1:8301
W1020 17:36:47.266346  7152 /home/zyh/braft/src/braft/node.cpp:1475] node Atomic:127.0.1.1:8304:0 request PreVote from 127.0.1.1:8303:0 error: [E1008]Reached timeout=200ms @127.0.1.1:8303
I1020 17:36:47.284420  7134 /home/zyh/braft/src/braft/node.cpp:1495] node Atomic:127.0.1.1:8304:0 term 4 start pre_vote
I1020 17:36:47.285054  7158 /home/zyh/braft/src/braft/node.cpp:1446] node Atomic:127.0.1.1:8304:0 received PreVoteResponse from 127.0.1.1:8302:0 term 4 granted 1
I1020 17:36:47.434619  7150 /home/zyh/braft/src/braft/node.cpp:2009] node Atomic:127.0.1.1:8304:0 received PreVote from 127.0.1.1:8302:0 in term 5 current_term 4 granted 1
W1020 17:36:47.484778  7152 /home/zyh/braft/src/braft/node.cpp:1475] node Atomic:127.0.1.1:8304:0 request PreVote from 127.0.1.1:8300:0 error: [E1008]Reached timeout=200ms @127.0.1.1:8300
W1020 17:36:47.484862  7152 /home/zyh/braft/src/braft/node.cpp:1475] node Atomic:127.0.1.1:8304:0 request PreVote from 127.0.1.1:8301:0 error: [E1008]Reached timeout=200ms @127.0.1.1:8301
W1020 17:36:47.484934  7134 /home/zyh/braft/src/braft/node.cpp:1475] node Atomic:127.0.1.1:8304:0 request PreVote from 127.0.1.1:8303:0 error: [E1008]Reached timeout=200ms @127.0.1.1:8303
I1020 17:36:47.650070  7123 /home/zyh/braft/src/braft/node.cpp:2009] node Atomic:127.0.1.1:8304:0 received PreVote from 127.0.1.1:8302:0 in term 5 current_term 4 granted 1
I1020 17:36:47.727011  7134 /home/zyh/braft/src/braft/node.cpp:1495] node Atomic:127.0.1.1:8304:0 term 4 start pre_vote
I1020 17:36:47.727526  7115 /home/zyh/braft/src/braft/node.cpp:1446] node Atomic:127.0.1.1:8304:0 received PreVoteResponse from 127.0.1.1:8302:0 term 4 granted 1
W1020 17:36:47.927330  7152 /home/zyh/braft/src/braft/node.cpp:1475] node Atomic:127.0.1.1:8304:0 request PreVote from 127.0.1.1:8300:0 error: [E1008]Reached timeout=200ms @127.0.1.1:8300
W1020 17:36:47.927330  7134 /home/zyh/braft/src/braft/node.cpp:1475] node Atomic:127.0.1.1:8304:0 request PreVote from 127.0.1.1:8301:0 error: [E1008]Reached timeout=200ms @127.0.1.1:8301
W1020 17:36:47.927366  7164 /home/zyh/braft/src/braft/node.cpp:1475] node Atomic:127.0.1.1:8304:0 request PreVote from 127.0.1.1:8303:0 error: [E1008]Reached timeout=200ms @127.0.1.1:8303
I1020 17:36:47.932463  7152 /home/zyh/braft/src/braft/node.cpp:1495] node Atomic:127.0.1.1:8304:0 term 4 start pre_vote
I1020 17:36:47.933231  7123 /home/zyh/braft/src/braft/node.cpp:1446] node Atomic:127.0.1.1:8304:0 received PreVoteResponse from 127.0.1.1:8302:0 term 4 granted 1
I1020 17:36:48.062727  7150 /home/zyh/braft/src/braft/node.cpp:2009] node Atomic:127.0.1.1:8304:0 received PreVote from 127.0.1.1:8302:0 in term 5 current_term 4 granted 1
W1020 17:36:48.132772  7134 /home/zyh/braft/src/braft/node.cpp:1475] node Atomic:127.0.1.1:8304:0 request PreVote from 127.0.1.1:8300:0 error: [E1008]Reached timeout=200ms @127.0.1.1:8300
W1020 17:36:48.132822  7152 /home/zyh/braft/src/braft/node.cpp:1475] node Atomic:127.0.1.1:8304:0 request PreVote from 127.0.1.1:8301:0 error: [E1008]Reached timeout=200ms @127.0.1.1:8301
W1020 17:36:48.132934  7134 /home/zyh/braft/src/braft/node.cpp:1475] node Atomic:127.0.1.1:8304:0 request PreVote from 127.0.1.1:8303:0 error: [E1008]Reached timeout=200ms @127.0.1.1:8303
I1020 17:36:48.257121  7152 /home/zyh/braft/src/braft/node.cpp:1495] node Atomic:127.0.1.1:8304:0 term 4 start pre_vote
I1020 17:36:48.257952  7158 /home/zyh/braft/src/braft/node.cpp:1446] node Atomic:127.0.1.1:8304:0 received PreVoteResponse from 127.0.1.1:8302:0 term 4 granted 1
I1020 17:36:48.413395  7123 /home/zyh/braft/src/braft/node.cpp:2009] node Atomic:127.0.1.1:8304:0 received PreVote from 127.0.1.1:8302:0 in term 5 current_term 4 granted 1
I1020 17:36:48.433526  7152 /home/zyh/braft/src/braft/node.cpp:922] node Atomic:127.0.1.1:8304:0 starts to do snapshot
I1020 17:36:48.442729  7134 /home/zyh/braft/src/braft/snapshot.cpp:638] Deleting ./data4/snapshot/snapshot_00000000000000000003
I1020 17:36:48.442772  7134 /home/zyh/braft/src/braft/snapshot.cpp:644] Renaming ./data4/snapshot/temp to ./data4/snapshot/snapshot_00000000000000000003
I1020 17:36:48.442904  7134 /home/zyh/braft/src/braft/snapshot_executor.cpp:234] node Atomic:127.0.1.1:8304:0 snapshot_save_done, last_included_index=3 last_included_term=4
W1020 17:36:48.457605  7152 /home/zyh/braft/src/braft/node.cpp:1475] node Atomic:127.0.1.1:8304:0 request PreVote from 127.0.1.1:8300:0 error: [E1008]Reached timeout=200ms @127.0.1.1:8300
W1020 17:36:48.457608  7134 /home/zyh/braft/src/braft/node.cpp:1475] node Atomic:127.0.1.1:8304:0 request PreVote from 127.0.1.1:8301:0 error: [E1008]Reached timeout=200ms @127.0.1.1:8301
W1020 17:36:48.457746  7152 /home/zyh/braft/src/braft/node.cpp:1475] node Atomic:127.0.1.1:8304:0 request PreVote from 127.0.1.1:8303:0 error: [E1008]Reached timeout=200ms @127.0.1.1:8303
I1020 17:36:48.609858  7152 /home/zyh/braft/src/braft/node.cpp:1495] node Atomic:127.0.1.1:8304:0 term 4 start pre_vote
I1020 17:36:48.610382  7158 /home/zyh/braft/src/braft/node.cpp:1446] node Atomic:127.0.1.1:8304:0 received PreVoteResponse from 127.0.1.1:8302:0 term 4 granted 1
