symbol_init success!
node_id is : 1
I1020 17:36:39.676689  7081 /home/zyh/Desktop/incubator-brpc/src/brpc/server.cpp:1046] Server[braft::RaftStatImpl+braft::FileServiceImpl+braft::RaftServiceImpl+braft::CliServiceImpl+example::AtomicServiceImpl] is serving on port=8301.
I1020 17:36:39.677005  7081 /home/zyh/Desktop/incubator-brpc/src/brpc/server.cpp:1049] Check out http://pc:8301 in web browser.
I1020 17:36:39.678208  7081 /home/zyh/braft/src/braft/log.cpp:674] Use crc32c as the checksum type of appending entries
W1020 17:36:39.678278  7081 /home/zyh/braft/src/braft/protobuf_file.cpp:91] open file failed, path: ./data1/log/log_meta: FILE_ERROR_NOT_FOUND
W1020 17:36:39.678301  7081 /home/zyh/braft/src/braft/log.cpp:685] ./data1/log is empty
I1020 17:36:39.692850  7081 /home/zyh/braft/src/braft/log.cpp:1136] log save_meta ./data1/log/log_meta first_log_index: 1 time: 14480
W1020 17:36:39.692973  7081 /home/zyh/braft/src/braft/protobuf_file.cpp:91] open file failed, path: ./data1/raft_meta/raft_meta: FILE_ERROR_NOT_FOUND
I1020 17:36:39.693059  7081 /home/zyh/braft/src/braft/raft_meta.cpp:521] Loaded single stable meta, path ./data1/raft_meta term 1 votedfor 0.0.0.0:0:0 time: 33
I1020 17:36:39.693195  7081 /home/zyh/braft/src/braft/snapshot.cpp:460] Deleting ./data1/snapshot/temp
W1020 17:36:39.693311  7081 /home/zyh/braft/src/braft/protobuf_file.cpp:91] open file failed, path: ./data1/raft_meta/raft_meta: FILE_ERROR_NOT_FOUND
I1020 17:36:39.693333  7081 /home/zyh/braft/src/braft/raft_meta.cpp:521] Loaded single stable meta, path ./data1/raft_meta term 1 votedfor 0.0.0.0:0:0 time: 21
I1020 17:36:39.693390  7081 /home/zyh/braft/src/braft/node.cpp:587] node Atomic:127.0.1.1:8301:0 init, term: 1 last_log_id: (index=0,term=0) conf: 127.0.1.1:8300:0,127.0.1.1:8301:0,127.0.1.1:8302:0,127.0.1.1:8303:0,127.0.1.1:8304:0 old_conf: 
I1020 17:36:39.693527  7081 /home/zyh/braft/example/atomic/server.cpp:518] Atomic service is running on 0.0.0.0:8301
I1020 17:36:40.878588  7132 /home/zyh/braft/src/braft/node.cpp:2009] node Atomic:127.0.1.1:8301:0 received PreVote from 127.0.1.1:8300:0 in term 2 current_term 1 granted 1
[33mYou are running in a fuzzing environment[0m
I1020 17:36:40.910428  7146 /home/zyh/braft/src/braft/raft_meta.cpp:546] Saved single stable meta, path ./data1/raft_meta term 2 votedfor 0.0.0.0:0:0 time: 2757
I1020 17:36:40.910775  7132 /home/zyh/braft/example/atomic/server.cpp:321] Node start following { leader_id=127.0.1.1:8300:0, term=2, status=Raft node receives message from new leader with higher term.}
I1020 17:36:40.911458  7168 /home/zyh/braft/src/braft/log.cpp:108] Created new segment `./data1/log/log_inprogress_00000000000000000001' with fd=11
I1020 17:36:40.911652  7132 /home/zyh/braft/example/atomic/server.cpp:315] Configuration of this group is 127.0.1.1:8300:0,127.0.1.1:8301:0,127.0.1.1:8302:0,127.0.1.1:8303:0,127.0.1.1:8304:0
I1020 17:36:42.256703  7178 /home/zyh/braft/src/braft/node.cpp:2009] node Atomic:127.0.1.1:8301:0 received PreVote from 127.0.1.1:8303:0 in term 3 current_term 2 granted 1
I1020 17:36:42.257435  7146 /home/zyh/braft/src/braft/node.cpp:2049] node Atomic:127.0.1.1:8301:0 received RequestVote from 127.0.1.1:8303:0 in term 3 current_term 2
I1020 17:36:42.257515  7132 /home/zyh/braft/example/atomic/server.cpp:318] Node stops following { leader_id=127.0.1.1:8300:0, term=2, status=Raft node receives higher term request_vote_request.}
I1020 17:36:42.263600  7146 /home/zyh/braft/src/braft/raft_meta.cpp:546] Saved single stable meta, path ./data1/raft_meta term 3 votedfor 0.0.0.0:0:0 time: 6081
I1020 17:36:42.275078  7146 /home/zyh/braft/src/braft/raft_meta.cpp:546] Saved single stable meta, path ./data1/raft_meta term 3 votedfor 127.0.1.1:8303:0 time: 11352
I1020 17:36:42.275933  7117 /home/zyh/braft/example/atomic/server.cpp:321] Node start following { leader_id=127.0.1.1:8303:0, term=3, status=Follower receives message from new leader with the same term.}
I1020 17:36:43.605138  7176 /home/zyh/braft/src/braft/node.cpp:1495] node Atomic:127.0.1.1:8301:0 term 3 start pre_vote
I1020 17:36:43.605183  7173 /home/zyh/braft/example/atomic/server.cpp:318] Node stops following { leader_id=127.0.1.1:8303:0, term=3, status=Lost connection from leader 127.0.1.1:8303:0}
I1020 17:36:43.606423  7146 /home/zyh/braft/src/braft/node.cpp:1446] node Atomic:127.0.1.1:8301:0 received PreVoteResponse from 127.0.1.1:8304:0 term 3 granted 1
I1020 17:36:43.606469  7178 /home/zyh/braft/src/braft/node.cpp:1446] node Atomic:127.0.1.1:8301:0 received PreVoteResponse from 127.0.1.1:8302:0 term 3 granted 1
I1020 17:36:43.606489  7178 /home/zyh/braft/src/braft/node.cpp:1559] node Atomic:127.0.1.1:8301:0 term 3 start vote and grant vote self
I1020 17:36:43.614185  7178 /home/zyh/braft/src/braft/raft_meta.cpp:546] Saved single stable meta, path ./data1/raft_meta term 4 votedfor 127.0.1.1:8301:0 time: 7344
I1020 17:36:43.622598  7165 /home/zyh/braft/src/braft/node.cpp:1359] node Atomic:127.0.1.1:8301:0 received RequestVoteResponse from 127.0.1.1:8302:0 term 4 granted 1
I1020 17:36:43.622716  7165 /home/zyh/braft/src/braft/node.cpp:1359] node Atomic:127.0.1.1:8301:0 received RequestVoteResponse from 127.0.1.1:8304:0 term 4 granted 1
I1020 17:36:43.622767  7165 /home/zyh/braft/src/braft/node.cpp:1792] node Atomic:127.0.1.1:8301:0 term 4 become leader of group 127.0.1.1:8300:0,127.0.1.1:8301:0,127.0.1.1:8302:0,127.0.1.1:8303:0,127.0.1.1:8304:0 
I1020 17:36:43.622834  7165 /home/zyh/braft/src/braft/replicator.cpp:138] Replicator=3315714752518@127.0.1.1:8300:0 is started, group Atomic
I1020 17:36:43.622976  7165 /home/zyh/braft/src/braft/replicator.cpp:138] Replicator=3307124817925@127.0.1.1:8302:0 is started, group Atomic
I1020 17:36:43.623068  7165 /home/zyh/braft/src/braft/replicator.cpp:138] Replicator=4419521347585@127.0.1.1:8303:0 is started, group Atomic
I1020 17:36:43.623184  7165 /home/zyh/braft/src/braft/replicator.cpp:138] Replicator=4436701216769@127.0.1.1:8304:0 is started, group Atomic
I1020 17:36:43.631615  7132 /home/zyh/braft/example/atomic/server.cpp:315] Configuration of this group is 127.0.1.1:8300:0,127.0.1.1:8301:0,127.0.1.1:8302:0,127.0.1.1:8303:0,127.0.1.1:8304:0
I1020 17:36:43.631686  7132 /home/zyh/braft/example/atomic/server.cpp:315] Configuration of this group is 127.0.1.1:8300:0,127.0.1.1:8301:0,127.0.1.1:8302:0,127.0.1.1:8303:0,127.0.1.1:8304:0
I1020 17:36:43.631728  7132 /home/zyh/braft/src/braft/node.cpp:3151] node Atomic:127.0.1.1:8301:0 reset ConfigurationCtx, new_peers: 127.0.1.1:8300:0,127.0.1.1:8301:0,127.0.1.1:8302:0,127.0.1.1:8303:0,127.0.1.1:8304:0, old_peers: 127.0.1.1:8300:0,127.0.1.1:8301:0,127.0.1.1:8302:0,127.0.1.1:8303:0,127.0.1.1:8304:0
I1020 17:36:43.631854  7132 /home/zyh/braft/example/atomic/server.cpp:300] Node becomes leader
W1020 17:36:43.743182  7173 /home/zyh/braft/src/braft/replicator.cpp:292] Group Atomic fail to issue RPC to 127.0.1.1:8300:0 _consecutive_error_times=1, [E1008]Reached timeout=100ms @127.0.1.1:8300
W1020 17:36:43.743242  7176 /home/zyh/braft/src/braft/replicator.cpp:292] Group Atomic fail to issue RPC to 127.0.1.1:8303:0 _consecutive_error_times=1, [E1008]Reached timeout=100ms @127.0.1.1:8303
W1020 17:36:43.805767  7173 /home/zyh/braft/src/braft/node.cpp:1475] node Atomic:127.0.1.1:8301:0 request PreVote from 127.0.1.1:8300:0 error: [E1008]Reached timeout=200ms @127.0.1.1:8300
W1020 17:36:43.806053  7146 /home/zyh/braft/src/braft/node.cpp:1475] node Atomic:127.0.1.1:8301:0 request PreVote from 127.0.1.1:8303:0 error: [E1008]Reached timeout=200ms @127.0.1.1:8303
W1020 17:36:43.806712  7176 /home/zyh/braft/src/braft/node.cpp:1388] node Atomic:127.0.1.1:8301:0 received RequestVoteResponse from 127.0.1.1:8300:0 error: [E1008]Reached timeout=200ms @127.0.1.1:8300
W1020 17:36:43.806836  7173 /home/zyh/braft/src/braft/node.cpp:1388] node Atomic:127.0.1.1:8301:0 received RequestVoteResponse from 127.0.1.1:8303:0 error: [E1008]Reached timeout=200ms @127.0.1.1:8303
W1020 17:36:44.224495  7176 /home/zyh/braft/src/braft/node.cpp:774] node Atomic:127.0.1.1:8301:0 term 4 steps down when alive nodes don't satisfy quorum dead_nodes: 127.0.1.1:8300:0,127.0.1.1:8302:0,127.0.1.1:8303:0 conf: 127.0.1.1:8300:0,127.0.1.1:8301:0,127.0.1.1:8302:0,127.0.1.1:8303:0,127.0.1.1:8304:0
I1020 17:36:44.224609  7117 /home/zyh/braft/example/atomic/server.cpp:305] Node stepped down : Majority of the group dies
I1020 17:36:44.224633  7176 /home/zyh/braft/src/braft/replicator.cpp:982] Group Atomic Replicator=3315714752518 is going to quit
I1020 17:36:44.224651  7176 /home/zyh/braft/src/braft/replicator.cpp:1234] Replicator=3315714752518 is going to quit
W1020 17:36:44.945829  7146 /home/zyh/braft/src/braft/replicator.cpp:292] Group Atomic fail to issue RPC to 127.0.1.1:8303:0 _consecutive_error_times=11, [E1008]Reached timeout=100ms @127.0.1.1:8303
W1020 17:36:46.148548  7132 /home/zyh/braft/src/braft/replicator.cpp:292] Group Atomic fail to issue RPC to 127.0.1.1:8303:0 _consecutive_error_times=21, [E1008]Reached timeout=100ms @127.0.1.1:8303
