I0517 04:08:04.716714  24604 floyd_impl.cc:329] FloydImpl::Init: Load Membership from option, count: 3
I0517 04:08:04.717465  24604 floyd_peer_thread.cc:53] Peer::Start Start a peer thread to 127.0.0.1:5001
I0517 04:08:04.717697  24604 floyd_peer_thread.cc:53] Peer::Start Start a peer thread to 127.0.0.1:5003
I0517 04:08:04.717827  24604 floyd_impl.cc:270] FloydImpl::InitPeers Floyd start 2 peer thread
I0517 04:08:04.721159  24604 floyd_impl.cc:364] FloydImpl::Init Floyd started!
Options
                 member 0 : 127.0.0.1:5001
                 member 1 : 127.0.0.1:5002
                 member 2 : 127.0.0.1:5003
                 local_ip : 127.0.0.1
               local_port : 5002
                     path : ./data2/
          check_leader_us : 7357246
             heartbeat_us : 3000000
 append_entries_size_once : 10240000
append_entries_count_once : 102400
              single_mode : false
I0517 04:08:12.075082  24734 floyd_primary_thread.cc:115] FloydPrimary::LaunchCheckLeader: 127.0.0.1:5002 Become Candidate because of timeout, new term is 1 voted for 127.0.0.1:5002
I0517 04:08:12.075354  24734 floyd_primary_thread.cc:145] FloydPrimary::NoticePeerTask server 127.0.0.1:5002 Add request Task to queue to 127.0.0.1:5001 at term 1
I0517 04:08:12.075414  24734 floyd_primary_thread.cc:145] FloydPrimary::NoticePeerTask server 127.0.0.1:5002 Add request Task to queue to 127.0.0.1:5003 at term 1
I0517 04:08:12.075675  24732 floyd_peer_thread.cc:109] Peer::RequestVoteRPC server 127.0.0.1:5002 Send RequestVoteRPC message to 127.0.0.1:5001 at term 1
I0517 04:08:12.075866  24733 floyd_peer_thread.cc:109] Peer::RequestVoteRPC server 127.0.0.1:5002 Send RequestVoteRPC message to 127.0.0.1:5003 at term 1
W0517 04:08:12.086936  24732 floyd_client_pool.cc:83] ClientPool::SendAndRecv Server Connect to 127.0.0.1:5001 failed, error reason: IO error: EHOSTUNREACH: connect host error Request type RequestVote
I0517 04:08:12.152743  24733 floyd_peer_thread.cc:145] Peer::RequestVoteRPC: Candidate 127.0.0.1:5002 get vote from node 127.0.0.1:5003 at term 1
I0517 04:08:12.152765  24733 floyd_peer_thread.cc:152] Peer::RequestVoteRPC: 127.0.0.1:5002 become leader at term 1
I0517 04:08:12.152987  24733 floyd_peer_thread.cc:285] Peer::AppendEntryRpc server 127.0.0.1:5002 Send pingpong appendEntries message to 127.0.0.1:5003 at term 1
W0517 04:08:13.087938  24732 floyd_client_pool.cc:80] ClientPool::SendAndRecv Server Connect to 127.0.0.1:5001 failed, error reason: IO error: EHOSTUNREACH: connect host error Request type AppendEntries prev_log_index 0 prev_log_term 0 leader_commit 3 append entries size 3 at term 1
W0517 04:08:13.088064  24732 floyd_peer_thread.cc:295] Peer::AppendEntries: Leader 127.0.0.1:5002 SendAndRecv to 127.0.0.1:5001 failed, result is IO error: EHOSTUNREACH: connect host error
W0517 04:08:13.088358  24732 floyd_client_pool.cc:80] ClientPool::SendAndRecv Server Connect to 127.0.0.1:5001 failed, error reason: IO error: EHOSTUNREACH: connect host error Request type AppendEntries prev_log_index 0 prev_log_term 0 leader_commit 3 append entries size 3 at term 1
W0517 04:08:13.088386  24732 floyd_peer_thread.cc:295] Peer::AppendEntries: Leader 127.0.0.1:5002 SendAndRecv to 127.0.0.1:5001 failed, result is IO error: EHOSTUNREACH: connect host error
W0517 04:08:13.088641  24732 floyd_client_pool.cc:80] ClientPool::SendAndRecv Server Connect to 127.0.0.1:5001 failed, error reason: IO error: EHOSTUNREACH: connect host error Request type AppendEntries prev_log_index 0 prev_log_term 0 leader_commit 3 append entries size 3 at term 1
W0517 04:08:13.088666  24732 floyd_peer_thread.cc:295] Peer::AppendEntries: Leader 127.0.0.1:5002 SendAndRecv to 127.0.0.1:5001 failed, result is IO error: EHOSTUNREACH: connect host error
W0517 04:08:13.088888  24732 floyd_client_pool.cc:80] ClientPool::SendAndRecv Server Connect to 127.0.0.1:5001 failed, error reason: IO error: EHOSTUNREACH: connect host error Request type AppendEntries prev_log_index 0 prev_log_term 0 leader_commit 3 append entries size 3 at term 1
W0517 04:08:13.088913  24732 floyd_peer_thread.cc:295] Peer::AppendEntries: Leader 127.0.0.1:5002 SendAndRecv to 127.0.0.1:5001 failed, result is IO error: EHOSTUNREACH: connect host error
W0517 04:08:13.655647  24732 floyd_client_pool.cc:80] ClientPool::SendAndRecv Server Connect to 127.0.0.1:5001 failed, error reason: IO error: EHOSTUNREACH: connect host error Request type AppendEntries prev_log_index 0 prev_log_term 0 leader_commit 3 append entries size 4 at term 1
W0517 04:08:13.655664  24732 floyd_peer_thread.cc:295] Peer::AppendEntries: Leader 127.0.0.1:5002 SendAndRecv to 127.0.0.1:5001 failed, result is IO error: EHOSTUNREACH: connect host error
W0517 04:08:13.656168  24732 floyd_client_pool.cc:80] ClientPool::SendAndRecv Server Connect to 127.0.0.1:5001 failed, error reason: IO error: EHOSTUNREACH: connect host error Request type AppendEntries prev_log_index 0 prev_log_term 0 leader_commit 4 append entries size 5 at term 1
W0517 04:08:13.656182  24732 floyd_peer_thread.cc:295] Peer::AppendEntries: Leader 127.0.0.1:5002 SendAndRecv to 127.0.0.1:5001 failed, result is IO error: EHOSTUNREACH: connect host error
W0517 04:08:14.640488  24732 floyd_client_pool.cc:80] ClientPool::SendAndRecv Server Connect to 127.0.0.1:5001 failed, error reason: IO error: EHOSTUNREACH: connect host error Request type AppendEntries prev_log_index 0 prev_log_term 0 leader_commit 5 append entries size 6 at term 1
W0517 04:08:14.640504  24732 floyd_peer_thread.cc:295] Peer::AppendEntries: Leader 127.0.0.1:5002 SendAndRecv to 127.0.0.1:5001 failed, result is IO error: EHOSTUNREACH: connect host error
W0517 04:08:14.641214  24732 floyd_client_pool.cc:80] ClientPool::SendAndRecv Server Connect to 127.0.0.1:5001 failed, error reason: IO error: EHOSTUNREACH: connect host error Request type AppendEntries prev_log_index 0 prev_log_term 0 leader_commit 6 append entries size 7 at term 1
W0517 04:08:14.641225  24732 floyd_peer_thread.cc:295] Peer::AppendEntries: Leader 127.0.0.1:5002 SendAndRecv to 127.0.0.1:5001 failed, result is IO error: EHOSTUNREACH: connect host error
W0517 04:08:15.153023  24732 floyd_client_pool.cc:80] ClientPool::SendAndRecv Server Connect to 127.0.0.1:5001 failed, error reason: IO error: EHOSTUNREACH: connect host error Request type AppendEntries prev_log_index 0 prev_log_term 0 leader_commit 7 append entries size 7 at term 1
W0517 04:08:15.153072  24732 floyd_peer_thread.cc:295] Peer::AppendEntries: Leader 127.0.0.1:5002 SendAndRecv to 127.0.0.1:5001 failed, result is IO error: EHOSTUNREACH: connect host error
W0517 04:08:15.668215  24732 floyd_client_pool.cc:80] ClientPool::SendAndRecv Server Connect to 127.0.0.1:5001 failed, error reason: IO error: EHOSTUNREACH: connect host error Request type AppendEntries prev_log_index 0 prev_log_term 0 leader_commit 7 append entries size 8 at term 1
W0517 04:08:15.668283  24732 floyd_peer_thread.cc:295] Peer::AppendEntries: Leader 127.0.0.1:5002 SendAndRecv to 127.0.0.1:5001 failed, result is IO error: EHOSTUNREACH: connect host error
W0517 04:08:16.636595  24732 floyd_client_pool.cc:80] ClientPool::SendAndRecv Server Connect to 127.0.0.1:5001 failed, error reason: IO error: EHOSTUNREACH: connect host error Request type AppendEntries prev_log_index 0 prev_log_term 0 leader_commit 8 append entries size 9 at term 1
W0517 04:08:16.636671  24732 floyd_peer_thread.cc:295] Peer::AppendEntries: Leader 127.0.0.1:5002 SendAndRecv to 127.0.0.1:5001 failed, result is IO error: EHOSTUNREACH: connect host error
W0517 04:08:18.153542  24732 floyd_client_pool.cc:80] ClientPool::SendAndRecv Server Connect to 127.0.0.1:5001 failed, error reason: IO error: EHOSTUNREACH: connect host error Request type AppendEntries prev_log_index 0 prev_log_term 0 leader_commit 9 append entries size 9 at term 1
W0517 04:08:18.153800  24732 floyd_peer_thread.cc:295] Peer::AppendEntries: Leader 127.0.0.1:5002 SendAndRecv to 127.0.0.1:5001 failed, result is IO error: EHOSTUNREACH: connect host error
W0517 04:08:19.668217  24732 floyd_client_pool.cc:80] ClientPool::SendAndRecv Server Connect to 127.0.0.1:5001 failed, error reason: IO error: EHOSTUNREACH: connect host error Request type AppendEntries prev_log_index 0 prev_log_term 0 leader_commit 9 append entries size 10 at term 1
W0517 04:08:19.668269  24732 floyd_peer_thread.cc:295] Peer::AppendEntries: Leader 127.0.0.1:5002 SendAndRecv to 127.0.0.1:5001 failed, result is IO error: EHOSTUNREACH: connect host error
W0517 04:08:19.668314  24733 floyd_client_pool.cc:114] ClientPool::SendAndRecv Server Recv to 127.0.0.1:5003 failed, error reason: IO error: read error Connection reset by peer Request type AppendEntries prev_log_index 9 prev_log_term 1 leader_commit 9 append entries size 1 at term 1
W0517 04:08:19.668349  24733 floyd_peer_thread.cc:295] Peer::AppendEntries: Leader 127.0.0.1:5002 SendAndRecv to 127.0.0.1:5003 failed, result is IO error: read error Connection reset by peer
W0517 04:08:20.672189  24732 floyd_client_pool.cc:80] ClientPool::SendAndRecv Server Connect to 127.0.0.1:5001 failed, error reason: IO error: EHOSTUNREACH: connect host error Request type AppendEntries prev_log_index 0 prev_log_term 0 leader_commit 9 append entries size 11 at term 1
W0517 04:08:20.672203  24732 floyd_peer_thread.cc:295] Peer::AppendEntries: Leader 127.0.0.1:5002 SendAndRecv to 127.0.0.1:5001 failed, result is IO error: EHOSTUNREACH: connect host error
W0517 04:08:20.672297  24733 floyd_client_pool.cc:114] ClientPool::SendAndRecv Server Recv to 127.0.0.1:5003 failed, error reason: IO error: read error Connection reset by peer Request type AppendEntries prev_log_index 9 prev_log_term 1 leader_commit 9 append entries size 2 at term 1
W0517 04:08:20.672322  24733 floyd_peer_thread.cc:295] Peer::AppendEntries: Leader 127.0.0.1:5002 SendAndRecv to 127.0.0.1:5003 failed, result is IO error: read error Connection reset by peer
W0517 04:08:21.153657  24732 floyd_client_pool.cc:80] ClientPool::SendAndRecv Server Connect to 127.0.0.1:5001 failed, error reason: IO error: EHOSTUNREACH: connect host error Request type AppendEntries prev_log_index 0 prev_log_term 0 leader_commit 9 append entries size 11 at term 1
W0517 04:08:21.153706  24732 floyd_peer_thread.cc:295] Peer::AppendEntries: Leader 127.0.0.1:5002 SendAndRecv to 127.0.0.1:5001 failed, result is IO error: EHOSTUNREACH: connect host error
W0517 04:08:21.153925  24733 floyd_client_pool.cc:114] ClientPool::SendAndRecv Server Recv to 127.0.0.1:5003 failed, error reason: IO error: read error Connection reset by peer Request type AppendEntries prev_log_index 9 prev_log_term 1 leader_commit 9 append entries size 2 at term 1
W0517 04:08:21.154006  24733 floyd_peer_thread.cc:295] Peer::AppendEntries: Leader 127.0.0.1:5002 SendAndRecv to 127.0.0.1:5003 failed, result is IO error: read error Connection reset by peer
W0517 04:08:21.686372  24732 floyd_client_pool.cc:80] ClientPool::SendAndRecv Server Connect to 127.0.0.1:5001 failed, error reason: IO error: EHOSTUNREACH: connect host error Request type AppendEntries prev_log_index 0 prev_log_term 0 leader_commit 9 append entries size 12 at term 1
W0517 04:08:21.686393  24732 floyd_peer_thread.cc:295] Peer::AppendEntries: Leader 127.0.0.1:5002 SendAndRecv to 127.0.0.1:5001 failed, result is IO error: EHOSTUNREACH: connect host error
W0517 04:08:21.686792  24733 floyd_client_pool.cc:114] ClientPool::SendAndRecv Server Recv to 127.0.0.1:5003 failed, error reason: IO error: read error Connection reset by peer Request type AppendEntries prev_log_index 9 prev_log_term 1 leader_commit 9 append entries size 3 at term 1
W0517 04:08:21.686830  24733 floyd_peer_thread.cc:295] Peer::AppendEntries: Leader 127.0.0.1:5002 SendAndRecv to 127.0.0.1:5003 failed, result is IO error: read error Connection reset by peer
W0517 04:08:22.698399  24732 floyd_client_pool.cc:80] ClientPool::SendAndRecv Server Connect to 127.0.0.1:5001 failed, error reason: IO error: EHOSTUNREACH: connect host error Request type AppendEntries prev_log_index 0 prev_log_term 0 leader_commit 9 append entries size 13 at term 1
W0517 04:08:22.698446  24732 floyd_peer_thread.cc:295] Peer::AppendEntries: Leader 127.0.0.1:5002 SendAndRecv to 127.0.0.1:5001 failed, result is IO error: EHOSTUNREACH: connect host error
W0517 04:08:22.698731  24733 floyd_client_pool.cc:114] ClientPool::SendAndRecv Server Recv to 127.0.0.1:5003 failed, error reason: IO error: read error Connection reset by peer Request type AppendEntries prev_log_index 9 prev_log_term 1 leader_commit 9 append entries size 4 at term 1
W0517 04:08:22.698807  24733 floyd_peer_thread.cc:295] Peer::AppendEntries: Leader 127.0.0.1:5002 SendAndRecv to 127.0.0.1:5003 failed, result is IO error: read error Connection reset by peer
W0517 04:08:23.708692  24732 floyd_client_pool.cc:80] ClientPool::SendAndRecv Server Connect to 127.0.0.1:5001 failed, error reason: IO error: EHOSTUNREACH: connect host error Request type AppendEntries prev_log_index 0 prev_log_term 0 leader_commit 9 append entries size 14 at term 1
W0517 04:08:23.708721  24732 floyd_peer_thread.cc:295] Peer::AppendEntries: Leader 127.0.0.1:5002 SendAndRecv to 127.0.0.1:5001 failed, result is IO error: EHOSTUNREACH: connect host error
W0517 04:08:23.708812  24733 floyd_client_pool.cc:114] ClientPool::SendAndRecv Server Recv to 127.0.0.1:5003 failed, error reason: IO error: read error Connection reset by peer Request type AppendEntries prev_log_index 9 prev_log_term 1 leader_commit 9 append entries size 5 at term 1
W0517 04:08:23.708829  24733 floyd_peer_thread.cc:295] Peer::AppendEntries: Leader 127.0.0.1:5002 SendAndRecv to 127.0.0.1:5003 failed, result is IO error: read error Connection reset by peer
W0517 04:08:24.152907  24732 floyd_client_pool.cc:80] ClientPool::SendAndRecv Server Connect to 127.0.0.1:5001 failed, error reason: IO error: EHOSTUNREACH: connect host error Request type AppendEntries prev_log_index 0 prev_log_term 0 leader_commit 9 append entries size 14 at term 1
W0517 04:08:24.152937  24732 floyd_peer_thread.cc:295] Peer::AppendEntries: Leader 127.0.0.1:5002 SendAndRecv to 127.0.0.1:5001 failed, result is IO error: EHOSTUNREACH: connect host error
W0517 04:08:24.153059  24733 floyd_client_pool.cc:114] ClientPool::SendAndRecv Server Recv to 127.0.0.1:5003 failed, error reason: IO error: read error Connection reset by peer Request type AppendEntries prev_log_index 9 prev_log_term 1 leader_commit 9 append entries size 5 at term 1
W0517 04:08:24.153107  24733 floyd_peer_thread.cc:295] Peer::AppendEntries: Leader 127.0.0.1:5002 SendAndRecv to 127.0.0.1:5003 failed, result is IO error: read error Connection reset by peer
W0517 04:08:24.742462  24732 floyd_client_pool.cc:80] ClientPool::SendAndRecv Server Connect to 127.0.0.1:5001 failed, error reason: IO error: EHOSTUNREACH: connect host error Request type AppendEntries prev_log_index 0 prev_log_term 0 leader_commit 9 append entries size 15 at term 1
W0517 04:08:24.742498  24732 floyd_peer_thread.cc:295] Peer::AppendEntries: Leader 127.0.0.1:5002 SendAndRecv to 127.0.0.1:5001 failed, result is IO error: EHOSTUNREACH: connect host error
W0517 04:08:24.743156  24733 floyd_client_pool.cc:114] ClientPool::SendAndRecv Server Recv to 127.0.0.1:5003 failed, error reason: IO error: read error Connection reset by peer Request type AppendEntries prev_log_index 9 prev_log_term 1 leader_commit 9 append entries size 6 at term 1
W0517 04:08:24.743212  24733 floyd_peer_thread.cc:295] Peer::AppendEntries: Leader 127.0.0.1:5002 SendAndRecv to 127.0.0.1:5003 failed, result is IO error: read error Connection reset by peer
W0517 04:08:25.775489  24732 floyd_client_pool.cc:80] ClientPool::SendAndRecv Server Connect to 127.0.0.1:5001 failed, error reason: IO error: EHOSTUNREACH: connect host error Request type AppendEntries prev_log_index 0 prev_log_term 0 leader_commit 9 append entries size 16 at term 1
W0517 04:08:25.775539  24732 floyd_peer_thread.cc:295] Peer::AppendEntries: Leader 127.0.0.1:5002 SendAndRecv to 127.0.0.1:5001 failed, result is IO error: EHOSTUNREACH: connect host error
W0517 04:08:25.775670  24733 floyd_client_pool.cc:114] ClientPool::SendAndRecv Server Recv to 127.0.0.1:5003 failed, error reason: IO error: read error Connection reset by peer Request type AppendEntries prev_log_index 9 prev_log_term 1 leader_commit 9 append entries size 7 at term 1
W0517 04:08:25.775747  24733 floyd_peer_thread.cc:295] Peer::AppendEntries: Leader 127.0.0.1:5002 SendAndRecv to 127.0.0.1:5003 failed, result is IO error: read error Connection reset by peer
W0517 04:08:26.808390  24733 floyd_client_pool.cc:114] ClientPool::SendAndRecv Server Recv to 127.0.0.1:5003 failed, error reason: IO error: read error Connection reset by peer Request type AppendEntries prev_log_index 9 prev_log_term 1 leader_commit 9 append entries size 8 at term 1
W0517 04:08:26.808462  24732 floyd_client_pool.cc:80] ClientPool::SendAndRecv Server Connect to 127.0.0.1:5001 failed, error reason: IO error: EHOSTUNREACH: connect host error Request type AppendEntries prev_log_index 0 prev_log_term 0 leader_commit 9 append entries size 17 at term 1
W0517 04:08:26.808501  24732 floyd_peer_thread.cc:295] Peer::AppendEntries: Leader 127.0.0.1:5002 SendAndRecv to 127.0.0.1:5001 failed, result is IO error: EHOSTUNREACH: connect host error
W0517 04:08:26.808703  24733 floyd_peer_thread.cc:295] Peer::AppendEntries: Leader 127.0.0.1:5002 SendAndRecv to 127.0.0.1:5003 failed, result is IO error: read error Connection reset by peer
W0517 04:08:27.153086  24732 floyd_client_pool.cc:80] ClientPool::SendAndRecv Server Connect to 127.0.0.1:5001 failed, error reason: IO error: EHOSTUNREACH: connect host error Request type AppendEntries prev_log_index 0 prev_log_term 0 leader_commit 9 append entries size 17 at term 1
W0517 04:08:27.153163  24732 floyd_peer_thread.cc:295] Peer::AppendEntries: Leader 127.0.0.1:5002 SendAndRecv to 127.0.0.1:5001 failed, result is IO error: EHOSTUNREACH: connect host error
W0517 04:08:27.154305  24733 floyd_client_pool.cc:114] ClientPool::SendAndRecv Server Recv to 127.0.0.1:5003 failed, error reason: IO error: read error Connection reset by peer Request type AppendEntries prev_log_index 9 prev_log_term 1 leader_commit 9 append entries size 8 at term 1
W0517 04:08:27.154380  24733 floyd_peer_thread.cc:295] Peer::AppendEntries: Leader 127.0.0.1:5002 SendAndRecv to 127.0.0.1:5003 failed, result is IO error: read error Connection reset by peer
W0517 04:08:27.839743  24732 floyd_client_pool.cc:80] ClientPool::SendAndRecv Server Connect to 127.0.0.1:5001 failed, error reason: IO error: EHOSTUNREACH: connect host error Request type AppendEntries prev_log_index 0 prev_log_term 0 leader_commit 9 append entries size 18 at term 1
W0517 04:08:27.839810  24732 floyd_peer_thread.cc:295] Peer::AppendEntries: Leader 127.0.0.1:5002 SendAndRecv to 127.0.0.1:5001 failed, result is IO error: EHOSTUNREACH: connect host error
W0517 04:08:27.840609  24733 floyd_client_pool.cc:114] ClientPool::SendAndRecv Server Recv to 127.0.0.1:5003 failed, error reason: IO error: read error Connection reset by peer Request type AppendEntries prev_log_index 9 prev_log_term 1 leader_commit 9 append entries size 9 at term 1
W0517 04:08:27.840659  24733 floyd_peer_thread.cc:295] Peer::AppendEntries: Leader 127.0.0.1:5002 SendAndRecv to 127.0.0.1:5003 failed, result is IO error: read error Connection reset by peer
W0517 04:08:28.872932  24732 floyd_client_pool.cc:80] ClientPool::SendAndRecv Server Connect to 127.0.0.1:5001 failed, error reason: IO error: EHOSTUNREACH: connect host error Request type AppendEntries prev_log_index 0 prev_log_term 0 leader_commit 9 append entries size 19 at term 1
W0517 04:08:28.873035  24732 floyd_peer_thread.cc:295] Peer::AppendEntries: Leader 127.0.0.1:5002 SendAndRecv to 127.0.0.1:5001 failed, result is IO error: EHOSTUNREACH: connect host error
W0517 04:08:28.873834  24733 floyd_client_pool.cc:114] ClientPool::SendAndRecv Server Recv to 127.0.0.1:5003 failed, error reason: IO error: read error Connection reset by peer Request type AppendEntries prev_log_index 9 prev_log_term 1 leader_commit 9 append entries size 10 at term 1
W0517 04:08:28.873884  24733 floyd_peer_thread.cc:295] Peer::AppendEntries: Leader 127.0.0.1:5002 SendAndRecv to 127.0.0.1:5003 failed, result is IO error: read error Connection reset by peer
W0517 04:08:29.905629  24732 floyd_client_pool.cc:80] ClientPool::SendAndRecv Server Connect to 127.0.0.1:5001 failed, error reason: IO error: EHOSTUNREACH: connect host error Request type AppendEntries prev_log_index 0 prev_log_term 0 leader_commit 9 append entries size 20 at term 1
W0517 04:08:29.905691  24732 floyd_peer_thread.cc:295] Peer::AppendEntries: Leader 127.0.0.1:5002 SendAndRecv to 127.0.0.1:5001 failed, result is IO error: EHOSTUNREACH: connect host error
W0517 04:08:29.906397  24733 floyd_client_pool.cc:114] ClientPool::SendAndRecv Server Recv to 127.0.0.1:5003 failed, error reason: IO error: read error Connection reset by peer Request type AppendEntries prev_log_index 9 prev_log_term 1 leader_commit 9 append entries size 11 at term 1
W0517 04:08:29.906455  24733 floyd_peer_thread.cc:295] Peer::AppendEntries: Leader 127.0.0.1:5002 SendAndRecv to 127.0.0.1:5003 failed, result is IO error: read error Connection reset by peer
W0517 04:08:30.154024  24732 floyd_client_pool.cc:80] ClientPool::SendAndRecv Server Connect to 127.0.0.1:5001 failed, error reason: IO error: EHOSTUNREACH: connect host error Request type AppendEntries prev_log_index 0 prev_log_term 0 leader_commit 9 append entries size 20 at term 1
W0517 04:08:30.154073  24732 floyd_peer_thread.cc:295] Peer::AppendEntries: Leader 127.0.0.1:5002 SendAndRecv to 127.0.0.1:5001 failed, result is IO error: EHOSTUNREACH: connect host error
W0517 04:08:30.154323  24733 floyd_client_pool.cc:114] ClientPool::SendAndRecv Server Recv to 127.0.0.1:5003 failed, error reason: IO error: read error Connection reset by peer Request type AppendEntries prev_log_index 9 prev_log_term 1 leader_commit 9 append entries size 11 at term 1
W0517 04:08:30.154410  24733 floyd_peer_thread.cc:295] Peer::AppendEntries: Leader 127.0.0.1:5002 SendAndRecv to 127.0.0.1:5003 failed, result is IO error: read error Connection reset by peer
W0517 04:08:30.938689  24732 floyd_client_pool.cc:80] ClientPool::SendAndRecv Server Connect to 127.0.0.1:5001 failed, error reason: IO error: EHOSTUNREACH: connect host error Request type AppendEntries prev_log_index 0 prev_log_term 0 leader_commit 9 append entries size 21 at term 1
W0517 04:08:30.939067  24732 floyd_peer_thread.cc:295] Peer::AppendEntries: Leader 127.0.0.1:5002 SendAndRecv to 127.0.0.1:5001 failed, result is IO error: EHOSTUNREACH: connect host error
W0517 04:08:30.939347  24733 floyd_client_pool.cc:114] ClientPool::SendAndRecv Server Recv to 127.0.0.1:5003 failed, error reason: IO error: read error Connection reset by peer Request type AppendEntries prev_log_index 9 prev_log_term 1 leader_commit 9 append entries size 12 at term 1
W0517 04:08:30.939391  24733 floyd_peer_thread.cc:295] Peer::AppendEntries: Leader 127.0.0.1:5002 SendAndRecv to 127.0.0.1:5003 failed, result is IO error: read error Connection reset by peer
W0517 04:08:31.950432  24733 floyd_client_pool.cc:114] ClientPool::SendAndRecv Server Recv to 127.0.0.1:5003 failed, error reason: IO error: read error Connection reset by peer Request type AppendEntries prev_log_index 9 prev_log_term 1 leader_commit 9 append entries size 13 at term 1
W0517 04:08:31.950466  24733 floyd_peer_thread.cc:295] Peer::AppendEntries: Leader 127.0.0.1:5002 SendAndRecv to 127.0.0.1:5003 failed, result is IO error: read error Connection reset by peer
W0517 04:08:31.950512  24732 floyd_client_pool.cc:80] ClientPool::SendAndRecv Server Connect to 127.0.0.1:5001 failed, error reason: IO error: EHOSTUNREACH: connect host error Request type AppendEntries prev_log_index 0 prev_log_term 0 leader_commit 9 append entries size 22 at term 1
W0517 04:08:31.950535  24732 floyd_peer_thread.cc:295] Peer::AppendEntries: Leader 127.0.0.1:5002 SendAndRecv to 127.0.0.1:5001 failed, result is IO error: EHOSTUNREACH: connect host error
W0517 04:08:32.984104  24733 floyd_client_pool.cc:114] ClientPool::SendAndRecv Server Recv to 127.0.0.1:5003 failed, error reason: IO error: read error Connection reset by peer Request type AppendEntries prev_log_index 9 prev_log_term 1 leader_commit 9 append entries size 14 at term 1
W0517 04:08:32.984282  24733 floyd_peer_thread.cc:295] Peer::AppendEntries: Leader 127.0.0.1:5002 SendAndRecv to 127.0.0.1:5003 failed, result is IO error: read error Connection reset by peer
W0517 04:08:32.984317  24732 floyd_client_pool.cc:80] ClientPool::SendAndRecv Server Connect to 127.0.0.1:5001 failed, error reason: IO error: EHOSTUNREACH: connect host error Request type AppendEntries prev_log_index 0 prev_log_term 0 leader_commit 9 append entries size 23 at term 1
W0517 04:08:32.984362  24732 floyd_peer_thread.cc:295] Peer::AppendEntries: Leader 127.0.0.1:5002 SendAndRecv to 127.0.0.1:5001 failed, result is IO error: EHOSTUNREACH: connect host error
W0517 04:08:33.153126  24732 floyd_client_pool.cc:80] ClientPool::SendAndRecv Server Connect to 127.0.0.1:5001 failed, error reason: IO error: EHOSTUNREACH: connect host error Request type AppendEntries prev_log_index 0 prev_log_term 0 leader_commit 9 append entries size 23 at term 1
W0517 04:08:33.153156  24732 floyd_peer_thread.cc:295] Peer::AppendEntries: Leader 127.0.0.1:5002 SendAndRecv to 127.0.0.1:5001 failed, result is IO error: EHOSTUNREACH: connect host error
W0517 04:08:33.153407  24733 floyd_client_pool.cc:114] ClientPool::SendAndRecv Server Recv to 127.0.0.1:5003 failed, error reason: IO error: read error Connection reset by peer Request type AppendEntries prev_log_index 9 prev_log_term 1 leader_commit 9 append entries size 14 at term 1
W0517 04:08:33.153455  24733 floyd_peer_thread.cc:295] Peer::AppendEntries: Leader 127.0.0.1:5002 SendAndRecv to 127.0.0.1:5003 failed, result is IO error: read error Connection reset by peer
W0517 04:08:34.015680  24732 floyd_client_pool.cc:80] ClientPool::SendAndRecv Server Connect to 127.0.0.1:5001 failed, error reason: IO error: EHOSTUNREACH: connect host error Request type AppendEntries prev_log_index 0 prev_log_term 0 leader_commit 9 append entries size 24 at term 1
W0517 04:08:34.015885  24732 floyd_peer_thread.cc:295] Peer::AppendEntries: Leader 127.0.0.1:5002 SendAndRecv to 127.0.0.1:5001 failed, result is IO error: EHOSTUNREACH: connect host error
W0517 04:08:34.016800  24733 floyd_client_pool.cc:114] ClientPool::SendAndRecv Server Recv to 127.0.0.1:5003 failed, error reason: IO error: read error Connection reset by peer Request type AppendEntries prev_log_index 9 prev_log_term 1 leader_commit 9 append entries size 15 at term 1
W0517 04:08:34.016858  24733 floyd_peer_thread.cc:295] Peer::AppendEntries: Leader 127.0.0.1:5002 SendAndRecv to 127.0.0.1:5003 failed, result is IO error: read error Connection reset by peer
W0517 04:08:35.033419  24733 floyd_client_pool.cc:114] ClientPool::SendAndRecv Server Recv to 127.0.0.1:5003 failed, error reason: IO error: read error Connection reset by peer Request type AppendEntries prev_log_index 9 prev_log_term 1 leader_commit 9 append entries size 16 at term 1
W0517 04:08:35.033465  24733 floyd_peer_thread.cc:295] Peer::AppendEntries: Leader 127.0.0.1:5002 SendAndRecv to 127.0.0.1:5003 failed, result is IO error: read error Connection reset by peer
W0517 04:08:35.033749  24732 floyd_client_pool.cc:80] ClientPool::SendAndRecv Server Connect to 127.0.0.1:5001 failed, error reason: IO error: EHOSTUNREACH: connect host error Request type AppendEntries prev_log_index 0 prev_log_term 0 leader_commit 9 append entries size 25 at term 1
W0517 04:08:35.033773  24732 floyd_peer_thread.cc:295] Peer::AppendEntries: Leader 127.0.0.1:5002 SendAndRecv to 127.0.0.1:5001 failed, result is IO error: EHOSTUNREACH: connect host error
W0517 04:08:36.068258  24732 floyd_client_pool.cc:80] ClientPool::SendAndRecv Server Connect to 127.0.0.1:5001 failed, error reason: IO error: EHOSTUNREACH: connect host error Request type AppendEntries prev_log_index 0 prev_log_term 0 leader_commit 9 append entries size 26 at term 1
W0517 04:08:36.068289  24732 floyd_peer_thread.cc:295] Peer::AppendEntries: Leader 127.0.0.1:5002 SendAndRecv to 127.0.0.1:5001 failed, result is IO error: EHOSTUNREACH: connect host error
W0517 04:08:36.068976  24733 floyd_client_pool.cc:114] ClientPool::SendAndRecv Server Recv to 127.0.0.1:5003 failed, error reason: IO error: read error Connection reset by peer Request type AppendEntries prev_log_index 9 prev_log_term 1 leader_commit 9 append entries size 17 at term 1
W0517 04:08:36.069018  24733 floyd_peer_thread.cc:295] Peer::AppendEntries: Leader 127.0.0.1:5002 SendAndRecv to 127.0.0.1:5003 failed, result is IO error: read error Connection reset by peer
W0517 04:08:36.152773  24732 floyd_client_pool.cc:80] ClientPool::SendAndRecv Server Connect to 127.0.0.1:5001 failed, error reason: IO error: EHOSTUNREACH: connect host error Request type AppendEntries prev_log_index 0 prev_log_term 0 leader_commit 9 append entries size 26 at term 1
W0517 04:08:36.152791  24732 floyd_peer_thread.cc:295] Peer::AppendEntries: Leader 127.0.0.1:5002 SendAndRecv to 127.0.0.1:5001 failed, result is IO error: EHOSTUNREACH: connect host error
W0517 04:08:36.152812  24733 floyd_client_pool.cc:114] ClientPool::SendAndRecv Server Recv to 127.0.0.1:5003 failed, error reason: IO error: read error Connection reset by peer Request type AppendEntries prev_log_index 9 prev_log_term 1 leader_commit 9 append entries size 17 at term 1
W0517 04:08:36.152832  24733 floyd_peer_thread.cc:295] Peer::AppendEntries: Leader 127.0.0.1:5002 SendAndRecv to 127.0.0.1:5003 failed, result is IO error: read error Connection reset by peer
W0517 04:08:37.075042  24732 floyd_client_pool.cc:80] ClientPool::SendAndRecv Server Connect to 127.0.0.1:5001 failed, error reason: IO error: EHOSTUNREACH: connect host error Request type AppendEntries prev_log_index 0 prev_log_term 0 leader_commit 9 append entries size 27 at term 1
W0517 04:08:37.075055  24732 floyd_peer_thread.cc:295] Peer::AppendEntries: Leader 127.0.0.1:5002 SendAndRecv to 127.0.0.1:5001 failed, result is IO error: EHOSTUNREACH: connect host error
W0517 04:08:37.075558  24733 floyd_client_pool.cc:114] ClientPool::SendAndRecv Server Recv to 127.0.0.1:5003 failed, error reason: IO error: read error Connection reset by peer Request type AppendEntries prev_log_index 9 prev_log_term 1 leader_commit 9 append entries size 18 at term 1
W0517 04:08:37.075626  24733 floyd_peer_thread.cc:295] Peer::AppendEntries: Leader 127.0.0.1:5002 SendAndRecv to 127.0.0.1:5003 failed, result is IO error: read error Connection reset by peer
W0517 04:08:38.083295  24732 floyd_client_pool.cc:80] ClientPool::SendAndRecv Server Connect to 127.0.0.1:5001 failed, error reason: IO error: EHOSTUNREACH: connect host error Request type AppendEntries prev_log_index 0 prev_log_term 0 leader_commit 9 append entries size 28 at term 1
W0517 04:08:38.083519  24732 floyd_peer_thread.cc:295] Peer::AppendEntries: Leader 127.0.0.1:5002 SendAndRecv to 127.0.0.1:5001 failed, result is IO error: EHOSTUNREACH: connect host error
W0517 04:08:38.083646  24733 floyd_client_pool.cc:114] ClientPool::SendAndRecv Server Recv to 127.0.0.1:5003 failed, error reason: IO error: read error Connection reset by peer Request type AppendEntries prev_log_index 9 prev_log_term 1 leader_commit 9 append entries size 19 at term 1
W0517 04:08:38.083664  24733 floyd_peer_thread.cc:295] Peer::AppendEntries: Leader 127.0.0.1:5002 SendAndRecv to 127.0.0.1:5003 failed, result is IO error: read error Connection reset by peer
W0517 04:08:39.092238  24732 floyd_client_pool.cc:80] ClientPool::SendAndRecv Server Connect to 127.0.0.1:5001 failed, error reason: IO error: EHOSTUNREACH: connect host error Request type AppendEntries prev_log_index 0 prev_log_term 0 leader_commit 9 append entries size 29 at term 1
W0517 04:08:39.092262  24732 floyd_peer_thread.cc:295] Peer::AppendEntries: Leader 127.0.0.1:5002 SendAndRecv to 127.0.0.1:5001 failed, result is IO error: EHOSTUNREACH: connect host error
W0517 04:08:39.092539  24733 floyd_client_pool.cc:114] ClientPool::SendAndRecv Server Recv to 127.0.0.1:5003 failed, error reason: IO error: read error Connection reset by peer Request type AppendEntries prev_log_index 9 prev_log_term 1 leader_commit 9 append entries size 20 at term 1
W0517 04:08:39.092606  24733 floyd_peer_thread.cc:295] Peer::AppendEntries: Leader 127.0.0.1:5002 SendAndRecv to 127.0.0.1:5003 failed, result is IO error: read error Connection reset by peer
W0517 04:08:39.152701  24732 floyd_client_pool.cc:80] ClientPool::SendAndRecv Server Connect to 127.0.0.1:5001 failed, error reason: IO error: EHOSTUNREACH: connect host error Request type AppendEntries prev_log_index 0 prev_log_term 0 leader_commit 9 append entries size 29 at term 1
W0517 04:08:39.152714  24732 floyd_peer_thread.cc:295] Peer::AppendEntries: Leader 127.0.0.1:5002 SendAndRecv to 127.0.0.1:5001 failed, result is IO error: EHOSTUNREACH: connect host error
W0517 04:08:39.152848  24733 floyd_client_pool.cc:114] ClientPool::SendAndRecv Server Recv to 127.0.0.1:5003 failed, error reason: IO error: read error Connection reset by peer Request type AppendEntries prev_log_index 9 prev_log_term 1 leader_commit 9 append entries size 20 at term 1
W0517 04:08:39.152869  24733 floyd_peer_thread.cc:295] Peer::AppendEntries: Leader 127.0.0.1:5002 SendAndRecv to 127.0.0.1:5003 failed, result is IO error: read error Connection reset by peer
W0517 04:08:40.100634  24732 floyd_client_pool.cc:80] ClientPool::SendAndRecv Server Connect to 127.0.0.1:5001 failed, error reason: IO error: EHOSTUNREACH: connect host error Request type AppendEntries prev_log_index 0 prev_log_term 0 leader_commit 9 append entries size 30 at term 1
W0517 04:08:40.100652  24732 floyd_peer_thread.cc:295] Peer::AppendEntries: Leader 127.0.0.1:5002 SendAndRecv to 127.0.0.1:5001 failed, result is IO error: EHOSTUNREACH: connect host error
W0517 04:08:40.100957  24733 floyd_client_pool.cc:114] ClientPool::SendAndRecv Server Recv to 127.0.0.1:5003 failed, error reason: IO error: read error Connection reset by peer Request type AppendEntries prev_log_index 9 prev_log_term 1 leader_commit 9 append entries size 21 at term 1
W0517 04:08:40.101000  24733 floyd_peer_thread.cc:295] Peer::AppendEntries: Leader 127.0.0.1:5002 SendAndRecv to 127.0.0.1:5003 failed, result is IO error: read error Connection reset by peer
W0517 04:08:41.108735  24733 floyd_client_pool.cc:114] ClientPool::SendAndRecv Server Recv to 127.0.0.1:5003 failed, error reason: IO error: read error Connection reset by peer Request type AppendEntries prev_log_index 9 prev_log_term 1 leader_commit 9 append entries size 22 at term 1
W0517 04:08:41.108769  24732 floyd_client_pool.cc:80] ClientPool::SendAndRecv Server Connect to 127.0.0.1:5001 failed, error reason: IO error: EHOSTUNREACH: connect host error Request type AppendEntries prev_log_index 0 prev_log_term 0 leader_commit 9 append entries size 31 at term 1
W0517 04:08:41.108774  24733 floyd_peer_thread.cc:295] Peer::AppendEntries: Leader 127.0.0.1:5002 SendAndRecv to 127.0.0.1:5003 failed, result is IO error: read error Connection reset by peer
W0517 04:08:41.108850  24732 floyd_peer_thread.cc:295] Peer::AppendEntries: Leader 127.0.0.1:5002 SendAndRecv to 127.0.0.1:5001 failed, result is IO error: EHOSTUNREACH: connect host error
W0517 04:08:42.120627  24733 floyd_client_pool.cc:114] ClientPool::SendAndRecv Server Recv to 127.0.0.1:5003 failed, error reason: IO error: read error Connection reset by peer Request type AppendEntries prev_log_index 9 prev_log_term 1 leader_commit 9 append entries size 23 at term 1
W0517 04:08:42.120661  24733 floyd_peer_thread.cc:295] Peer::AppendEntries: Leader 127.0.0.1:5002 SendAndRecv to 127.0.0.1:5003 failed, result is IO error: read error Connection reset by peer
W0517 04:08:42.121057  24732 floyd_client_pool.cc:80] ClientPool::SendAndRecv Server Connect to 127.0.0.1:5001 failed, error reason: IO error: EHOSTUNREACH: connect host error Request type AppendEntries prev_log_index 0 prev_log_term 0 leader_commit 9 append entries size 32 at term 1
W0517 04:08:42.121083  24732 floyd_peer_thread.cc:295] Peer::AppendEntries: Leader 127.0.0.1:5002 SendAndRecv to 127.0.0.1:5001 failed, result is IO error: EHOSTUNREACH: connect host error
W0517 04:08:42.152922  24732 floyd_client_pool.cc:80] ClientPool::SendAndRecv Server Connect to 127.0.0.1:5001 failed, error reason: IO error: EHOSTUNREACH: connect host error Request type AppendEntries prev_log_index 0 prev_log_term 0 leader_commit 9 append entries size 32 at term 1
W0517 04:08:42.152938  24732 floyd_peer_thread.cc:295] Peer::AppendEntries: Leader 127.0.0.1:5002 SendAndRecv to 127.0.0.1:5001 failed, result is IO error: EHOSTUNREACH: connect host error
W0517 04:08:42.153025  24733 floyd_client_pool.cc:114] ClientPool::SendAndRecv Server Recv to 127.0.0.1:5003 failed, error reason: IO error: read error Connection reset by peer Request type AppendEntries prev_log_index 9 prev_log_term 1 leader_commit 9 append entries size 23 at term 1
W0517 04:08:42.153075  24733 floyd_peer_thread.cc:295] Peer::AppendEntries: Leader 127.0.0.1:5002 SendAndRecv to 127.0.0.1:5003 failed, result is IO error: read error Connection reset by peer
W0517 04:08:43.150294  24732 floyd_client_pool.cc:80] ClientPool::SendAndRecv Server Connect to 127.0.0.1:5001 failed, error reason: IO error: EHOSTUNREACH: connect host error Request type AppendEntries prev_log_index 0 prev_log_term 0 leader_commit 9 append entries size 33 at term 1
W0517 04:08:43.150316  24732 floyd_peer_thread.cc:295] Peer::AppendEntries: Leader 127.0.0.1:5002 SendAndRecv to 127.0.0.1:5001 failed, result is IO error: EHOSTUNREACH: connect host error
W0517 04:08:43.150738  24733 floyd_client_pool.cc:114] ClientPool::SendAndRecv Server Recv to 127.0.0.1:5003 failed, error reason: IO error: read error Connection reset by peer Request type AppendEntries prev_log_index 9 prev_log_term 1 leader_commit 9 append entries size 24 at term 1
W0517 04:08:43.150809  24733 floyd_peer_thread.cc:295] Peer::AppendEntries: Leader 127.0.0.1:5002 SendAndRecv to 127.0.0.1:5003 failed, result is IO error: read error Connection reset by peer
W0517 04:08:44.157947  24732 floyd_client_pool.cc:80] ClientPool::SendAndRecv Server Connect to 127.0.0.1:5001 failed, error reason: IO error: EHOSTUNREACH: connect host error Request type AppendEntries prev_log_index 0 prev_log_term 0 leader_commit 9 append entries size 34 at term 1
W0517 04:08:44.157976  24732 floyd_peer_thread.cc:295] Peer::AppendEntries: Leader 127.0.0.1:5002 SendAndRecv to 127.0.0.1:5001 failed, result is IO error: EHOSTUNREACH: connect host error
W0517 04:08:44.158350  24733 floyd_client_pool.cc:114] ClientPool::SendAndRecv Server Recv to 127.0.0.1:5003 failed, error reason: IO error: read error Connection reset by peer Request type AppendEntries prev_log_index 9 prev_log_term 1 leader_commit 9 append entries size 25 at term 1
W0517 04:08:44.158372  24733 floyd_peer_thread.cc:295] Peer::AppendEntries: Leader 127.0.0.1:5002 SendAndRecv to 127.0.0.1:5003 failed, result is IO error: read error Connection reset by peer
W0517 04:08:45.152692  24732 floyd_client_pool.cc:80] ClientPool::SendAndRecv Server Connect to 127.0.0.1:5001 failed, error reason: IO error: EHOSTUNREACH: connect host error Request type AppendEntries prev_log_index 0 prev_log_term 0 leader_commit 9 append entries size 34 at term 1
W0517 04:08:45.152704  24732 floyd_peer_thread.cc:295] Peer::AppendEntries: Leader 127.0.0.1:5002 SendAndRecv to 127.0.0.1:5001 failed, result is IO error: EHOSTUNREACH: connect host error
W0517 04:08:45.152769  24733 floyd_client_pool.cc:114] ClientPool::SendAndRecv Server Recv to 127.0.0.1:5003 failed, error reason: IO error: read error Connection reset by peer Request type AppendEntries prev_log_index 9 prev_log_term 1 leader_commit 9 append entries size 25 at term 1
W0517 04:08:45.152781  24733 floyd_peer_thread.cc:295] Peer::AppendEntries: Leader 127.0.0.1:5002 SendAndRecv to 127.0.0.1:5003 failed, result is IO error: read error Connection reset by peer
W0517 04:08:45.164986  24732 floyd_client_pool.cc:80] ClientPool::SendAndRecv Server Connect to 127.0.0.1:5001 failed, error reason: IO error: EHOSTUNREACH: connect host error Request type AppendEntries prev_log_index 0 prev_log_term 0 leader_commit 9 append entries size 35 at term 1
W0517 04:08:45.165003  24732 floyd_peer_thread.cc:295] Peer::AppendEntries: Leader 127.0.0.1:5002 SendAndRecv to 127.0.0.1:5001 failed, result is IO error: EHOSTUNREACH: connect host error
W0517 04:08:45.165431  24733 floyd_client_pool.cc:114] ClientPool::SendAndRecv Server Recv to 127.0.0.1:5003 failed, error reason: IO error: read error Connection reset by peer Request type AppendEntries prev_log_index 9 prev_log_term 1 leader_commit 9 append entries size 26 at term 1
W0517 04:08:45.165448  24733 floyd_peer_thread.cc:295] Peer::AppendEntries: Leader 127.0.0.1:5002 SendAndRecv to 127.0.0.1:5003 failed, result is IO error: read error Connection reset by peer
W0517 04:08:46.173003  24732 floyd_client_pool.cc:80] ClientPool::SendAndRecv Server Connect to 127.0.0.1:5001 failed, error reason: IO error: EHOSTUNREACH: connect host error Request type AppendEntries prev_log_index 0 prev_log_term 0 leader_commit 9 append entries size 36 at term 1
W0517 04:08:46.173014  24732 floyd_peer_thread.cc:295] Peer::AppendEntries: Leader 127.0.0.1:5002 SendAndRecv to 127.0.0.1:5001 failed, result is IO error: EHOSTUNREACH: connect host error
W0517 04:08:46.173094  24733 floyd_client_pool.cc:114] ClientPool::SendAndRecv Server Recv to 127.0.0.1:5003 failed, error reason: IO error: read error Connection reset by peer Request type AppendEntries prev_log_index 9 prev_log_term 1 leader_commit 9 append entries size 27 at term 1
W0517 04:08:46.173109  24733 floyd_peer_thread.cc:295] Peer::AppendEntries: Leader 127.0.0.1:5002 SendAndRecv to 127.0.0.1:5003 failed, result is IO error: read error Connection reset by peer
W0517 04:08:47.180186  24732 floyd_client_pool.cc:80] ClientPool::SendAndRecv Server Connect to 127.0.0.1:5001 failed, error reason: IO error: EHOSTUNREACH: connect host error Request type AppendEntries prev_log_index 0 prev_log_term 0 leader_commit 9 append entries size 37 at term 1
W0517 04:08:47.180202  24732 floyd_peer_thread.cc:295] Peer::AppendEntries: Leader 127.0.0.1:5002 SendAndRecv to 127.0.0.1:5001 failed, result is IO error: EHOSTUNREACH: connect host error
W0517 04:08:47.180793  24733 floyd_client_pool.cc:114] ClientPool::SendAndRecv Server Recv to 127.0.0.1:5003 failed, error reason: IO error: read error Connection reset by peer Request type AppendEntries prev_log_index 9 prev_log_term 1 leader_commit 9 append entries size 28 at term 1
W0517 04:08:47.180848  24733 floyd_peer_thread.cc:295] Peer::AppendEntries: Leader 127.0.0.1:5002 SendAndRecv to 127.0.0.1:5003 failed, result is IO error: read error Connection reset by peer
W0517 04:08:48.152394  24732 floyd_client_pool.cc:80] ClientPool::SendAndRecv Server Connect to 127.0.0.1:5001 failed, error reason: IO error: EHOSTUNREACH: connect host error Request type AppendEntries prev_log_index 0 prev_log_term 0 leader_commit 9 append entries size 37 at term 1
W0517 04:08:48.152406  24732 floyd_peer_thread.cc:295] Peer::AppendEntries: Leader 127.0.0.1:5002 SendAndRecv to 127.0.0.1:5001 failed, result is IO error: EHOSTUNREACH: connect host error
W0517 04:08:48.152739  24733 floyd_client_pool.cc:114] ClientPool::SendAndRecv Server Recv to 127.0.0.1:5003 failed, error reason: IO error: read error Connection reset by peer Request type AppendEntries prev_log_index 9 prev_log_term 1 leader_commit 9 append entries size 28 at term 1
W0517 04:08:48.152753  24733 floyd_peer_thread.cc:295] Peer::AppendEntries: Leader 127.0.0.1:5002 SendAndRecv to 127.0.0.1:5003 failed, result is IO error: read error Connection reset by peer
W0517 04:08:48.187825  24732 floyd_client_pool.cc:80] ClientPool::SendAndRecv Server Connect to 127.0.0.1:5001 failed, error reason: IO error: EHOSTUNREACH: connect host error Request type AppendEntries prev_log_index 0 prev_log_term 0 leader_commit 9 append entries size 38 at term 1
W0517 04:08:48.187838  24732 floyd_peer_thread.cc:295] Peer::AppendEntries: Leader 127.0.0.1:5002 SendAndRecv to 127.0.0.1:5001 failed, result is IO error: EHOSTUNREACH: connect host error
W0517 04:08:48.187964  24733 floyd_client_pool.cc:114] ClientPool::SendAndRecv Server Recv to 127.0.0.1:5003 failed, error reason: IO error: read error Connection reset by peer Request type AppendEntries prev_log_index 9 prev_log_term 1 leader_commit 9 append entries size 29 at term 1
W0517 04:08:48.187978  24733 floyd_peer_thread.cc:295] Peer::AppendEntries: Leader 127.0.0.1:5002 SendAndRecv to 127.0.0.1:5003 failed, result is IO error: read error Connection reset by peer
W0517 04:08:49.221640  24732 floyd_client_pool.cc:80] ClientPool::SendAndRecv Server Connect to 127.0.0.1:5001 failed, error reason: IO error: EHOSTUNREACH: connect host error Request type AppendEntries prev_log_index 0 prev_log_term 0 leader_commit 9 append entries size 39 at term 1
W0517 04:08:49.223076  24733 floyd_client_pool.cc:114] ClientPool::SendAndRecv Server Recv to 127.0.0.1:5003 failed, error reason: IO error: read error Connection reset by peer Request type AppendEntries prev_log_index 9 prev_log_term 1 leader_commit 9 append entries size 30 at term 1
W0517 04:08:49.223116  24732 floyd_peer_thread.cc:295] Peer::AppendEntries: Leader 127.0.0.1:5002 SendAndRecv to 127.0.0.1:5001 failed, result is IO error: EHOSTUNREACH: connect host error
W0517 04:08:49.223170  24733 floyd_peer_thread.cc:295] Peer::AppendEntries: Leader 127.0.0.1:5002 SendAndRecv to 127.0.0.1:5003 failed, result is IO error: read error Connection reset by peer
W0517 04:08:50.254022  24733 floyd_client_pool.cc:114] ClientPool::SendAndRecv Server Recv to 127.0.0.1:5003 failed, error reason: IO error: read error Connection reset by peer Request type AppendEntries prev_log_index 9 prev_log_term 1 leader_commit 9 append entries size 31 at term 1
W0517 04:08:50.254069  24733 floyd_peer_thread.cc:295] Peer::AppendEntries: Leader 127.0.0.1:5002 SendAndRecv to 127.0.0.1:5003 failed, result is IO error: read error Connection reset by peer
W0517 04:08:50.254585  24732 floyd_client_pool.cc:80] ClientPool::SendAndRecv Server Connect to 127.0.0.1:5001 failed, error reason: IO error: EHOSTUNREACH: connect host error Request type AppendEntries prev_log_index 0 prev_log_term 0 leader_commit 9 append entries size 40 at term 1
W0517 04:08:50.254612  24732 floyd_peer_thread.cc:295] Peer::AppendEntries: Leader 127.0.0.1:5002 SendAndRecv to 127.0.0.1:5001 failed, result is IO error: EHOSTUNREACH: connect host error
W0517 04:08:51.155251  24733 floyd_client_pool.cc:114] ClientPool::SendAndRecv Server Recv to 127.0.0.1:5003 failed, error reason: IO error: read error Connection reset by peer Request type AppendEntries prev_log_index 9 prev_log_term 1 leader_commit 9 append entries size 31 at term 1
W0517 04:08:51.155341  24733 floyd_peer_thread.cc:295] Peer::AppendEntries: Leader 127.0.0.1:5002 SendAndRecv to 127.0.0.1:5003 failed, result is IO error: read error Connection reset by peer
W0517 04:08:51.155689  24732 floyd_client_pool.cc:80] ClientPool::SendAndRecv Server Connect to 127.0.0.1:5001 failed, error reason: IO error: EHOSTUNREACH: connect host error Request type AppendEntries prev_log_index 0 prev_log_term 0 leader_commit 9 append entries size 40 at term 1
W0517 04:08:51.155738  24732 floyd_peer_thread.cc:295] Peer::AppendEntries: Leader 127.0.0.1:5002 SendAndRecv to 127.0.0.1:5001 failed, result is IO error: EHOSTUNREACH: connect host error
W0517 04:08:51.287216  24733 floyd_client_pool.cc:114] ClientPool::SendAndRecv Server Recv to 127.0.0.1:5003 failed, error reason: IO error: read error Connection reset by peer Request type AppendEntries prev_log_index 9 prev_log_term 1 leader_commit 9 append entries size 32 at term 1
W0517 04:08:51.287274  24733 floyd_peer_thread.cc:295] Peer::AppendEntries: Leader 127.0.0.1:5002 SendAndRecv to 127.0.0.1:5003 failed, result is IO error: read error Connection reset by peer
W0517 04:08:51.287269  24732 floyd_client_pool.cc:80] ClientPool::SendAndRecv Server Connect to 127.0.0.1:5001 failed, error reason: IO error: EHOSTUNREACH: connect host error Request type AppendEntries prev_log_index 0 prev_log_term 0 leader_commit 9 append entries size 41 at term 1
W0517 04:08:51.287312  24732 floyd_peer_thread.cc:295] Peer::AppendEntries: Leader 127.0.0.1:5002 SendAndRecv to 127.0.0.1:5001 failed, result is IO error: EHOSTUNREACH: connect host error
W0517 04:08:52.318767  24732 floyd_client_pool.cc:80] ClientPool::SendAndRecv Server Connect to 127.0.0.1:5001 failed, error reason: IO error: EHOSTUNREACH: connect host error Request type AppendEntries prev_log_index 0 prev_log_term 0 leader_commit 9 append entries size 42 at term 1
W0517 04:08:52.318803  24732 floyd_peer_thread.cc:295] Peer::AppendEntries: Leader 127.0.0.1:5002 SendAndRecv to 127.0.0.1:5001 failed, result is IO error: EHOSTUNREACH: connect host error
W0517 04:08:52.320308  24733 floyd_client_pool.cc:114] ClientPool::SendAndRecv Server Recv to 127.0.0.1:5003 failed, error reason: IO error: read error Connection reset by peer Request type AppendEntries prev_log_index 9 prev_log_term 1 leader_commit 9 append entries size 33 at term 1
W0517 04:08:52.320369  24733 floyd_peer_thread.cc:295] Peer::AppendEntries: Leader 127.0.0.1:5002 SendAndRecv to 127.0.0.1:5003 failed, result is IO error: read error Connection reset by peer
